Archive member included to satisfy reference by file (symbol)

/usr/lib/gcc/arm-none-eabi/13.2.1/../../../arm-none-eabi/lib/thumb/v7-m/nofp/libc_nano.a(libc_a-sprintf.o)
                              build_slota/main.o (sprintf)
/usr/lib/gcc/arm-none-eabi/13.2.1/../../../arm-none-eabi/lib/thumb/v7-m/nofp/libc_nano.a(libc_a-strlen-stub.o)
                              build_slota/protocol.o (strlen)
/usr/lib/gcc/arm-none-eabi/13.2.1/../../../arm-none-eabi/lib/thumb/v7-m/nofp/libc_nano.a(libc_a-strcat.o)
                              build_slota/ascii_proto_funcs.o (strcat)
/usr/lib/gcc/arm-none-eabi/13.2.1/../../../arm-none-eabi/lib/thumb/v7-m/nofp/libc_nano.a(libc_a-strcpy.o)
                              build_slota/protocol.o (strcpy)
/usr/lib/gcc/arm-none-eabi/13.2.1/../../../arm-none-eabi/lib/thumb/v7-m/nofp/libc_nano.a(libc_a-impure.o)
                              /usr/lib/gcc/arm-none-eabi/13.2.1/../../../arm-none-eabi/lib/thumb/v7-m/nofp/libc_nano.a(libc_a-sprintf.o) (_impure_ptr)
/usr/lib/gcc/arm-none-eabi/13.2.1/../../../arm-none-eabi/lib/thumb/v7-m/nofp/libc_nano.a(libc_a-nano-svfprintf.o)
                              /usr/lib/gcc/arm-none-eabi/13.2.1/../../../arm-none-eabi/lib/thumb/v7-m/nofp/libc_nano.a(libc_a-sprintf.o) (_svfprintf_r)
/usr/lib/gcc/arm-none-eabi/13.2.1/../../../arm-none-eabi/lib/thumb/v7-m/nofp/libc_nano.a(libc_a-init.o)
                              /usr/lib/gcc/arm-none-eabi/13.2.1/../../../arm-none-eabi/lib/thumb/v7-m/nofp/crt0.o (__libc_init_array)
/usr/lib/gcc/arm-none-eabi/13.2.1/../../../arm-none-eabi/lib/thumb/v7-m/nofp/libc_nano.a(libc_a-sscanf.o)
                              build_slota/ascii_proto_funcs.o (sscanf)
/usr/lib/gcc/arm-none-eabi/13.2.1/../../../arm-none-eabi/lib/thumb/v7-m/nofp/libc_nano.a(libc_a-calloc.o)
                              build_slota/deadreckoner.o (calloc)
/usr/lib/gcc/arm-none-eabi/13.2.1/../../../arm-none-eabi/lib/thumb/v7-m/nofp/libc_nano.a(libc_a-memset.o)
                              /usr/lib/gcc/arm-none-eabi/13.2.1/../../../arm-none-eabi/lib/thumb/v7-m/nofp/crt0.o (memset)
/usr/lib/gcc/arm-none-eabi/13.2.1/../../../arm-none-eabi/lib/thumb/v7-m/nofp/libc_nano.a(libc_a-callocr.o)
                              /usr/lib/gcc/arm-none-eabi/13.2.1/../../../arm-none-eabi/lib/thumb/v7-m/nofp/libc_nano.a(libc_a-calloc.o) (_calloc_r)
/usr/lib/gcc/arm-none-eabi/13.2.1/../../../arm-none-eabi/lib/thumb/v7-m/nofp/libc_nano.a(libc_a-mallocr.o)
                              /usr/lib/gcc/arm-none-eabi/13.2.1/../../../arm-none-eabi/lib/thumb/v7-m/nofp/libc_nano.a(libc_a-nano-svfprintf.o) (_malloc_r)
/usr/lib/gcc/arm-none-eabi/13.2.1/../../../arm-none-eabi/lib/thumb/v7-m/nofp/libc_nano.a(libc_a-freer.o)
                              /usr/lib/gcc/arm-none-eabi/13.2.1/../../../arm-none-eabi/lib/thumb/v7-m/nofp/libc_nano.a(libc_a-nano-svfprintf.o) (_free_r)
/usr/lib/gcc/arm-none-eabi/13.2.1/../../../arm-none-eabi/lib/thumb/v7-m/nofp/libc_nano.a(libc_a-memmove.o)
                              /usr/lib/gcc/arm-none-eabi/13.2.1/../../../arm-none-eabi/lib/thumb/v7-m/nofp/libc_nano.a(libc_a-nano-svfprintf.o) (memmove)
/usr/lib/gcc/arm-none-eabi/13.2.1/../../../arm-none-eabi/lib/thumb/v7-m/nofp/libc_nano.a(libc_a-atoi.o)
                              build_slota/ascii_proto_funcs.o (atoi)
/usr/lib/gcc/arm-none-eabi/13.2.1/../../../arm-none-eabi/lib/thumb/v7-m/nofp/libc_nano.a(libc_a-strtol.o)
                              /usr/lib/gcc/arm-none-eabi/13.2.1/../../../arm-none-eabi/lib/thumb/v7-m/nofp/libc_nano.a(libc_a-atoi.o) (_strtol_r)
/usr/lib/gcc/arm-none-eabi/13.2.1/../../../arm-none-eabi/lib/thumb/v7-m/nofp/libc_nano.a(libc_a-memcpy.o)
                              build_slota/main.o (memcpy)
/usr/lib/gcc/arm-none-eabi/13.2.1/../../../arm-none-eabi/lib/thumb/v7-m/nofp/libc_nano.a(libc_a-malloc.o)
                              build_slota/protocol.o (malloc)
/usr/lib/gcc/arm-none-eabi/13.2.1/../../../arm-none-eabi/lib/thumb/v7-m/nofp/libc_nano.a(libc_a-strncpy.o)
                              build_slota/ascii_protocol.o (strncpy)
/usr/lib/gcc/arm-none-eabi/13.2.1/../../../arm-none-eabi/lib/thumb/v7-m/nofp/libc_nano.a(libc_a-reallocr.o)
                              /usr/lib/gcc/arm-none-eabi/13.2.1/../../../arm-none-eabi/lib/thumb/v7-m/nofp/libc_nano.a(libc_a-nano-svfprintf.o) (_realloc_r)
/usr/lib/gcc/arm-none-eabi/13.2.1/../../../arm-none-eabi/lib/thumb/v7-m/nofp/libc_nano.a(libc_a-nano-vfprintf_i.o)
                              /usr/lib/gcc/arm-none-eabi/13.2.1/../../../arm-none-eabi/lib/thumb/v7-m/nofp/libc_nano.a(libc_a-nano-svfprintf.o) (_printf_i)
/usr/lib/gcc/arm-none-eabi/13.2.1/../../../arm-none-eabi/lib/thumb/v7-m/nofp/libc_nano.a(libc_a-mlock.o)
                              /usr/lib/gcc/arm-none-eabi/13.2.1/../../../arm-none-eabi/lib/thumb/v7-m/nofp/libc_nano.a(libc_a-mallocr.o) (__malloc_lock)
/usr/lib/gcc/arm-none-eabi/13.2.1/../../../arm-none-eabi/lib/thumb/v7-m/nofp/libc_nano.a(libc_a-strncmp.o)
[...]
Memory Configuration

Name             Origin             Length             Attributes
RAM              0x20000000         0x0000c000         xrw
FLASH            0x08008000         0x00018000         xr
*default*        0x00000000         0xffffffff

Linker script and memory map

LOAD /usr/lib/gcc/arm-none-eabi/13.2.1/thumb/v7-m/nofp/crti.o
LOAD /usr/lib/gcc/arm-none-eabi/13.2.1/thumb/v7-m/nofp/crtbegin.o
LOAD /usr/lib/gcc/arm-none-eabi/13.2.1/../../../arm-none-eabi/lib/thumb/v7-m/nofp/crt0.o
LOAD build_slota/stm32f1xx_hal_flash.o
LOAD build_slota/stm32f1xx_hal_pwr.o
LOAD build_slota/stm32f1xx_hal_rcc.o
LOAD build_slota/stm32f1xx_hal_tim.o
LOAD build_slota/stm32f1xx_hal_tim_ex.o
LOAD build_slota/stm32f1xx_hal_gpio_ex.o
LOAD build_slota/stm32f1xx_hal_adc_ex.o
LOAD build_slota/stm32f1xx_hal_cortex.o
LOAD build_slota/stm32f1xx_hal_flash_ex.o
LOAD build_slota/stm32f1xx_hal_gpio.o
LOAD build_slota/stm32f1xx_hal_rcc_ex.o
LOAD build_slota/stm32f1xx_hal.o
LOAD build_slota/stm32f1xx_hal_adc.o
LOAD build_slota/stm32f1xx_hal_uart.o
LOAD build_slota/stm32f1xx_hal_i2c.o
LOAD build_slota/stm32f1xx_hal_dma.o
LOAD build_slota/system_stm32f1xx.o
LOAD build_slota/setup.o
LOAD build_slota/control.o
LOAD build_slota/main.o
LOAD build_slota/bldc.o
LOAD build_slota/comms.o
LOAD build_slota/sensorcoms.o
LOAD build_slota/softwareserial.o
LOAD build_slota/hallinterrupts.o
LOAD build_slota/flashaccess.o
LOAD build_slota/stm32f1xx_it.o
LOAD build_slota/pid.o
LOAD build_slota/deadreckoner.o
LOAD build_slota/protocol.o
LOAD build_slota/machine_protocol.o
LOAD build_slota/ascii_protocol.o
LOAD build_slota/cobsr.o
LOAD build_slota/ascii_proto_funcs.o
LOAD build_slota/protocolfunctions.o
LOAD build_slota/BLDC_controller_data.o
LOAD build_slota/BLDC_controller.o
LOAD build_slota/mcp2515.o
LOAD build_slota/software_spi.o
LOAD build_slota/can_bus.o
LOAD build_slota/startup_stm32f103xe.o
LOAD /usr/lib/gcc/arm-none-eabi/13.2.1/../../../arm-none-eabi/lib/thumb/v7-m/nofp/libc_nano.a
LOAD /usr/lib/gcc/arm-none-eabi/13.2.1/../../../arm-none-eabi/lib/thumb/v7-m/nofp/libm.a
LOAD /usr/lib/gcc/arm-none-eabi/13.2.1/../../../arm-none-eabi/lib/thumb/v7-m/nofp/libnosys.a
START GROUP
LOAD /usr/lib/gcc/arm-none-eabi/13.2.1/thumb/v7-m/nofp/libgcc.a
LOAD /usr/lib/gcc/arm-none-eabi/13.2.1/../../../arm-none-eabi/lib/thumb/v7-m/nofp/libc_nano.a
END GROUP
START GROUP
LOAD /usr/lib/gcc/arm-none-eabi/13.2.1/thumb/v7-m/nofp/libgcc.a
LOAD /usr/lib/gcc/arm-none-eabi/13.2.1/../../../arm-none-eabi/lib/thumb/v7-m/nofp/libc_nano.a
END GROUP
LOAD /usr/lib/gcc/arm-none-eabi/13.2.1/thumb/v7-m/nofp/crtend.o
LOAD /usr/lib/gcc/arm-none-eabi/13.2.1/thumb/v7-m/nofp/crtn.o
                0x2000c000                        _estack = 0x2000c000
                0x00000200                        _Min_Heap_Size = 0x200
                0x00000400                        _Min_Stack_Size = 0x400

.isr_vector     0x08008000      0x1e4
                0x08008000                        . = ALIGN (0x4)
 *(.isr_vector)
 .isr_vector    0x08008000      0x1e4 build_slota/startup_stm32f103xe.o
                0x08008000                g_pfnVectors
                0x080081e4                        . = ALIGN (0x4)

.text           0x080081e8     0xe158
                0x080081e8                        . = ALIGN (0x4)
 *(.text)
 .text          0x080081e8       0x88 /usr/lib/gcc/arm-none-eabi/13.2.1/thumb/v7-m/nofp/crtbegin.o
 .text          0x08008270       0x80 /usr/lib/gcc/arm-none-eabi/13.2.1/../../../arm-none-eabi/lib/thumb/v7-m/nofp/libc_nano.a(libc_a-sprintf.o)
                0x08008270                _siprintf_r
                0x08008270                _sprintf_r
                0x080082ac                sprintf
                0x080082ac                siprintf
 .text          0x080082f0       0x5c /usr/lib/gcc/arm-none-eabi/13.2.1/../../../arm-none-eabi/lib/thumb/v7-m/nofp/libc_nano.a(libc_a-strlen-stub.o)
                0x080082f0                strlen
 .text          0x0800834c       0x40 /usr/lib/gcc/arm-none-eabi/13.2.1/../../../arm-none-eabi/lib/thumb/v7-m/nofp/libc_nano.a(libc_a-strcat.o)
                0x0800834c                strcat
 .text          0x0800838c       0xbc /usr/lib/gcc/arm-none-eabi/13.2.1/../../../arm-none-eabi/lib/thumb/v7-m/nofp/libc_nano.a(libc_a-strcpy.o)
                0x0800838c                strcpy
 .text          0x08008448      0x400 /usr/lib/gcc/arm-none-eabi/13.2.1/../../../arm-none-eabi/lib/thumb/v7-m/nofp/libc_nano.a(libc_a-nano-svfprintf.o)
                0x08008448                __ssputs_r
                0x08008508                __ssprint_r
                0x08008618                _svfprintf_r
                0x08008618                _svfiprintf_r
 .text          0x08008848       0x50 /usr/lib/gcc/arm-none-eabi/13.2.1/../../../arm-none-eabi/lib/thumb/v7-m/nofp/libc_nano.a(libc_a-init.o)
                0x08008848                __libc_init_array
 .text          0x08008898       0xb0 /usr/lib/gcc/arm-none-eabi/13.2.1/../../../arm-none-eabi/lib/thumb/v7-m/nofp/libc_nano.a(libc_a-sscanf.o)
                0x08008898                sscanf
                0x08008898                siscanf
                0x080088f0                _siscanf_r
                0x080088f0                _sscanf_r
 .text          0x08008948       0x14 /usr/lib/gcc/arm-none-eabi/13.2.1/../../../arm-none-eabi/lib/thumb/v7-m/nofp/libc_nano.a(libc_a-calloc.o)
                0x08008948                calloc
 .text          0x0800895c       0xa0 /usr/lib/gcc/arm-none-eabi/13.2.1/../../../arm-none-eabi/lib/thumb/v7-m/nofp/libc_nano.a(libc_a-memset.o)
                0x0800895c                memset
 .text          0x080089fc       0x28 /usr/lib/gcc/arm-none-eabi/13.2.1/../../../arm-none-eabi/lib/thumb/v7-m/nofp/libc_nano.a(libc_a-callocr.o)
                0x080089fc                _calloc_r
 .text          0x08008a24      0x14c /usr/lib/gcc/arm-none-eabi/13.2.1/../../../arm-none-eabi/lib/thumb/v7-m/nofp/libc_nano.a(libc_a-mallocr.o)
                0x08008a70                _malloc_r
 .text          0x08008b70       0xbc /usr/lib/gcc/arm-none-eabi/13.2.1/../../../arm-none-eabi/lib/thumb/v7-m/nofp/libc_nano.a(libc_a-freer.o)
                0x08008b70                _free_r
 .text          0x08008c2c       0xfc /usr/lib/gcc/arm-none-eabi/13.2.1/../../../arm-none-eabi/lib/thumb/v7-m/nofp/libc_nano.a(libc_a-memmove.o)
                0x08008c2c                memmove
 .text          0x08008d28       0x10 /usr/lib/gcc/arm-none-eabi/13.2.1/../../../arm-none-eabi/lib/thumb/v7-m/nofp/libc_nano.a(libc_a-atoi.o)
                0x08008d28                atoi
                0x08008d30                _atoi_r
 .text          0x08008d38      0x174 /usr/lib/gcc/arm-none-eabi/13.2.1/../../../arm-none-eabi/lib/thumb/v7-m/nofp/libc_nano.a(libc_a-strtol.o)
                0x08008e70                _strtol_r
                0x08008e74                strtol_l
                0x08008e90                strtol
 .text          0x08008eac       0xec /usr/lib/gcc/arm-none-eabi/13.2.1/../../../arm-none-eabi/lib/thumb/v7-m/nofp/libc_nano.a(libc_a-memcpy.o)
                0x08008eac                memcpy
 .text          0x08008f98       0x20 /usr/lib/gcc/arm-none-eabi/13.2.1/../../../arm-none-eabi/lib/thumb/v7-m/nofp/libc_nano.a(libc_a-malloc.o)
                0x08008f98                malloc
                0x08008fa8                free
 .text          0x08008fb8       0x6c /usr/lib/gcc/arm-none-eabi/13.2.1/../../../arm-none-eabi/lib/thumb/v7-m/nofp/libc_nano.a(libc_a-strncpy.o)
                0x08008fb8                strncpy
 .text          0x08009024       0x64 /usr/lib/gcc/arm-none-eabi/13.2.1/../../../arm-none-eabi/lib/thumb/v7-m/nofp/libc_nano.a(libc_a-reallocr.o)
                0x08009024                _realloc_r
 .text          0x08009088      0x3a8 /usr/lib/gcc/arm-none-eabi/13.2.1/../../../arm-none-eabi/lib/thumb/v7-m/nofp/libc_nano.a(libc_a-nano-vfprintf_i.o)
                0x08009088                _printf_common
                0x080091ac                _printf_i
 .text          0x08009430        0x8 /usr/lib/gcc/arm-none-eabi/13.2.1/../../../arm-none-eabi/lib/thumb/v7-m/nofp/libc_nano.a(libc_a-mlock.o)
                0x08009430                __malloc_lock
                0x08009434                __malloc_unlock
 .text          0x08009438       0x8c /usr/lib/gcc/arm-none-eabi/13.2.1/../../../arm-none-eabi/lib/thumb/v7-m/nofp/libc_nano.a(libc_a-strncmp.o)
                0x08009438                strncmp
 .text          0x080094c4       0x98 /usr/lib/gcc/arm-none-eabi/13.2.1/../../../arm-none-eabi/lib/thumb/v7-m/nofp/libc_nano.a(libc_a-memchr-stub.o)
                0x080094c4                memchr
 .text          0x0800955c      0x10c /usr/lib/gcc/arm-none-eabi/13.2.1/../../../arm-none-eabi/lib/thumb/v7-m/nofp/libc_nano.a(libc_a-snprintf.o)
                0x0800955c                _sniprintf_r
                0x0800955c                _snprintf_r
                0x080095dc                snprintf
                0x080095dc                sniprintf
 .text          0x08009668       0x24 /usr/lib/gcc/arm-none-eabi/13.2.1/../../../arm-none-eabi/lib/thumb/v7-m/nofp/libc_nano.a(libc_a-sbrkr.o)
                0x08009668                _sbrk_r
 .text          0x0800968c       0x94 /usr/lib/gcc/arm-none-eabi/13.2.1/../../../arm-none-eabi/lib/thumb/v7-m/nofp/libc_nano.a(libc_a-stdio.o)
                0x0800968c                __sread
                0x080096b0                __seofread
                0x080096b4                __swrite
                0x080096f4                __sseek
                0x08009718                __sclose
 .text          0x08009720       0x10 /usr/lib/gcc/arm-none-eabi/13.2.1/../../../arm-none-eabi/lib/thumb/v7-m/nofp/libc_nano.a(libc_a-msizer.o)
                0x08009720                _malloc_usable_size_r
 .text          0x08009730      0x434 /usr/lib/gcc/arm-none-eabi/13.2.1/../../../arm-none-eabi/lib/thumb/v7-m/nofp/libc_nano.a(libc_a-nano-svfscanf.o)
                0x08009730                _sungetc_r
                0x080097ac                __ssrefill_r
                0x080097e4                __ssvfscanf_r
                0x080097e4                __ssvfiscanf_r
 .text          0x08009b64      0x2fc /usr/lib/gcc/arm-none-eabi/13.2.1/../../../arm-none-eabi/lib/thumb/v7-m/nofp/libc_nano.a(libc_a-nano-vfscanf_i.o)
                0x08009b64                _scanf_chars
                0x08009c30                _scanf_i
 .text          0x08009e60      0x224 /usr/lib/gcc/arm-none-eabi/13.2.1/../../../arm-none-eabi/lib/thumb/v7-m/nofp/libc_nano.a(libc_a-findfp.o)
                0x08009f90                __sfp
                0x0800a034                __sinit
                0x0800a054                __sfp_lock_acquire
                0x0800a058                __sfp_lock_release
                0x0800a05c                __fp_lock_all
                0x0800a070                __fp_unlock_all
 .text          0x0800a084       0x24 /usr/lib/gcc/arm-none-eabi/13.2.1/../../../arm-none-eabi/lib/thumb/v7-m/nofp/libc_nano.a(libc_a-closer.o)
                0x0800a084                _close_r
 .text          0x0800a0a8      0x198 /usr/lib/gcc/arm-none-eabi/13.2.1/../../../arm-none-eabi/lib/thumb/v7-m/nofp/libc_nano.a(libc_a-fflush.o)
                0x0800a0a8                __sflush_r
                0x0800a1bc                _fflush_r
                0x0800a1f4                fflush
 .text          0x0800a240        0xc /usr/lib/gcc/arm-none-eabi/13.2.1/../../../arm-none-eabi/lib/thumb/v7-m/nofp/libc_nano.a(libc_a-errno.o)
                0x0800a240                __errno
 .text          0x0800a24c       0x44 /usr/lib/gcc/arm-none-eabi/13.2.1/../../../arm-none-eabi/lib/thumb/v7-m/nofp/libc_nano.a(libc_a-fwalk.o)
                0x0800a24c                _fwalk_sglue
 .text          0x0800a290       0x2c /usr/lib/gcc/arm-none-eabi/13.2.1/../../../arm-none-eabi/lib/thumb/v7-m/nofp/libc_nano.a(libc_a-readr.o)
                0x0800a290                _read_r
 .text          0x0800a2bc       0x9c /usr/lib/gcc/arm-none-eabi/13.2.1/../../../arm-none-eabi/lib/thumb/v7-m/nofp/libc_nano.a(libc_a-sccl.o)
                0x0800a2bc                __sccl
 .text          0x0800a358       0x2c /usr/lib/gcc/arm-none-eabi/13.2.1/../../../arm-none-eabi/lib/thumb/v7-m/nofp/libc_nano.a(libc_a-lseekr.o)
                0x0800a358                _lseek_r
 .text          0x0800a384      0x148 /usr/lib/gcc/arm-none-eabi/13.2.1/../../../arm-none-eabi/lib/thumb/v7-m/nofp/libc_nano.a(libc_a-ungetc.o)
                0x0800a384                __submore
                0x0800a3f8                _ungetc_r
                0x0800a4b8                ungetc
 .text          0x0800a4cc       0x2c /usr/lib/gcc/arm-none-eabi/13.2.1/../../../arm-none-eabi/lib/thumb/v7-m/nofp/libc_nano.a(libc_a-writer.o)
                0x0800a4cc                _write_r
 .text          0x0800a4f8      0x170 /usr/lib/gcc/arm-none-eabi/13.2.1/../../../arm-none-eabi/lib/thumb/v7-m/nofp/libc_nano.a(libc_a-strtoul.o)
                0x0800a62c                _strtoul_r
                0x0800a630                strtoul_l
                0x0800a64c                strtoul
 .text          0x0800a668       0x94 /usr/lib/gcc/arm-none-eabi/13.2.1/../../../arm-none-eabi/lib/thumb/v7-m/nofp/libm.a(libm_a-s_sin.o)
                0x0800a668                sin
 *fill*         0x0800a6fc        0x4 
 .text          0x0800a700      0x40c /usr/lib/gcc/arm-none-eabi/13.2.1/../../../arm-none-eabi/lib/thumb/v7-m/nofp/libm.a(libm_a-e_rem_pio2.o)
                0x0800a700                __ieee754_rem_pio2
 .text          0x0800ab0c      0x824 /usr/lib/gcc/arm-none-eabi/13.2.1/../../../arm-none-eabi/lib/thumb/v7-m/nofp/libm.a(libm_a-k_rem_pio2.o)
                0x0800ab0c                __kernel_rem_pio2
 .text          0x0800b330       0xfc /usr/lib/gcc/arm-none-eabi/13.2.1/../../../arm-none-eabi/lib/thumb/v7-m/nofp/libm.a(libm_a-s_scalbn.o)
                0x0800b330                scalbn
 *fill*         0x0800b42c        0x4 
 .text          0x0800b430      0x16c /usr/lib/gcc/arm-none-eabi/13.2.1/../../../arm-none-eabi/lib/thumb/v7-m/nofp/libm.a(libm_a-k_sin.o)
                0x0800b430                __kernel_sin
 .text          0x0800b59c       0x88 /usr/lib/gcc/arm-none-eabi/13.2.1/../../../arm-none-eabi/lib/thumb/v7-m/nofp/libm.a(libm_a-s_cos.o)
                0x0800b59c                cos
 *fill*         0x0800b624        0x4 
 .text          0x0800b628      0x108 /usr/lib/gcc/arm-none-eabi/13.2.1/../../../arm-none-eabi/lib/thumb/v7-m/nofp/libm.a(libm_a-s_floor.o)
                0x0800b628                floor
 .text          0x0800b730      0x250 /usr/lib/gcc/arm-none-eabi/13.2.1/../../../arm-none-eabi/lib/thumb/v7-m/nofp/libm.a(libm_a-k_cos.o)
                0x0800b730                __kernel_cos
 .text          0x0800b980        0x8 /usr/lib/gcc/arm-none-eabi/13.2.1/../../../arm-none-eabi/lib/thumb/v7-m/nofp/libm.a(libm_a-s_fabs.o)
                0x0800b980                fabs
 .text          0x0800b988       0x10 /usr/lib/gcc/arm-none-eabi/13.2.1/../../../arm-none-eabi/lib/thumb/v7-m/nofp/libnosys.a(close.o)
                0x0800b988                _close
 .text          0x0800b998       0x10 /usr/lib/gcc/arm-none-eabi/13.2.1/../../../arm-none-eabi/lib/thumb/v7-m/nofp/libnosys.a(lseek.o)
                0x0800b998                _lseek
 .text          0x0800b9a8       0x10 /usr/lib/gcc/arm-none-eabi/13.2.1/../../../arm-none-eabi/lib/thumb/v7-m/nofp/libnosys.a(read.o)
                0x0800b9a8                _read
 .text          0x0800b9b8       0x1c /usr/lib/gcc/arm-none-eabi/13.2.1/../../../arm-none-eabi/lib/thumb/v7-m/nofp/libnosys.a(sbrk.o)
                0x0800b9b8                _sbrk
 .text          0x0800b9d4       0x10 /usr/lib/gcc/arm-none-eabi/13.2.1/../../../arm-none-eabi/lib/thumb/v7-m/nofp/libnosys.a(write.o)
                0x0800b9d4                _write
 .text          0x0800b9e4      0x378 /usr/lib/gcc/arm-none-eabi/13.2.1/thumb/v7-m/nofp/libgcc.a(_arm_addsubdf3.o)
                0x0800b9e4                __aeabi_drsub
                0x0800b9ec                __aeabi_dsub
                0x0800b9ec                __subdf3
                0x0800b9f0                __adddf3
                0x0800b9f0                __aeabi_dadd
                0x0800bc68                __aeabi_ui2d
                0x0800bc68                __floatunsidf
                0x0800bc88                __floatsidf
                0x0800bc88                __aeabi_i2d
                0x0800bcac                __extendsfdf2
                0x0800bcac                __aeabi_f2d
                0x0800bcf0                __aeabi_ul2d
                0x0800bcf0                __floatundidf
                0x0800bd00                __floatdidf
                0x0800bd00                __aeabi_l2d
 .text          0x0800bd5c      0x424 /usr/lib/gcc/arm-none-eabi/13.2.1/thumb/v7-m/nofp/libgcc.a(_arm_muldivdf3.o)
                0x0800bd5c                __aeabi_dmul
                0x0800bd5c                __muldf3
                0x0800bfb0                __aeabi_ddiv
                0x0800bfb0                __divdf3
 .text          0x0800c180      0x110 /usr/lib/gcc/arm-none-eabi/13.2.1/thumb/v7-m/nofp/libgcc.a(_arm_cmpdf2.o)
                0x0800c180                __gtdf2
                0x0800c180                __gedf2
                0x0800c188                __ltdf2
                0x0800c188                __ledf2
                0x0800c190                __cmpdf2
                0x0800c190                __eqdf2
                0x0800c190                __nedf2
                0x0800c20c                __aeabi_cdrcmple
                0x0800c21c                __aeabi_cdcmple
                0x0800c21c                __aeabi_cdcmpeq
                0x0800c22c                __aeabi_dcmpeq
                0x0800c240                __aeabi_dcmplt
                0x0800c254                __aeabi_dcmple
                0x0800c268                __aeabi_dcmpge
                0x0800c27c                __aeabi_dcmpgt
 .text          0x0800c290       0x50 /usr/lib/gcc/arm-none-eabi/13.2.1/thumb/v7-m/nofp/libgcc.a(_arm_fixdfsi.o)
                0x0800c290                __fixdfsi
                0x0800c290                __aeabi_d2iz
 .text          0x0800c2e0       0xa0 /usr/lib/gcc/arm-none-eabi/13.2.1/thumb/v7-m/nofp/libgcc.a(_arm_truncdfsf2.o)
                0x0800c2e0                __aeabi_d2f
                0x0800c2e0                __truncdfsf2
 .text          0x0800c380      0x21c /usr/lib/gcc/arm-none-eabi/13.2.1/thumb/v7-m/nofp/libgcc.a(_arm_addsubsf3.o)
                0x0800c380                __aeabi_frsub
                0x0800c388                __subsf3
                0x0800c388                __aeabi_fsub
                0x0800c38c                __aeabi_fadd
                0x0800c38c                __addsf3
                0x0800c4ec                __aeabi_ui2f
                0x0800c4ec                __floatunsisf
                0x0800c4f4                __aeabi_i2f
                0x0800c4f4                __floatsisf
                0x0800c510                __floatundisf
                0x0800c510                __aeabi_ul2f
                0x0800c520                __floatdisf
                0x0800c520                __aeabi_l2f
 .text          0x0800c59c      0x2a0 /usr/lib/gcc/arm-none-eabi/13.2.1/thumb/v7-m/nofp/libgcc.a(_arm_muldivsf3.o)
                0x0800c59c                __mulsf3
                0x0800c59c                __aeabi_fmul
                0x0800c704                __divsf3
                0x0800c704                __aeabi_fdiv
 .text          0x0800c83c       0xec /usr/lib/gcc/arm-none-eabi/13.2.1/thumb/v7-m/nofp/libgcc.a(_arm_cmpsf2.o)
                0x0800c83c                __gtsf2
                0x0800c83c                __gesf2
                0x0800c844                __lesf2
                0x0800c844                __ltsf2
                0x0800c84c                __nesf2
                0x0800c84c                __eqsf2
                0x0800c84c                __cmpsf2
                0x0800c8ac                __aeabi_cfrcmple
                0x0800c8b4                __aeabi_cfcmple
                0x0800c8b4                __aeabi_cfcmpeq
                0x0800c8c4                __aeabi_fcmpeq
                0x0800c8d8                __aeabi_fcmplt
                0x0800c8ec                __aeabi_fcmple
                0x0800c900                __aeabi_fcmpge
                0x0800c914                __aeabi_fcmpgt
 .text          0x0800c928       0x4c /usr/lib/gcc/arm-none-eabi/13.2.1/thumb/v7-m/nofp/libgcc.a(_arm_fixsfsi.o)
                0x0800c928                __fixsfsi
                0x0800c928                __aeabi_f2iz
 .text          0x0800c974       0x30 /usr/lib/gcc/arm-none-eabi/13.2.1/thumb/v7-m/nofp/libgcc.a(_aeabi_uldivmod.o)
                0x0800c974                __aeabi_uldivmod
 .text          0x0800c9a4      0x2b4 /usr/lib/gcc/arm-none-eabi/13.2.1/thumb/v7-m/nofp/libgcc.a(_udivmoddi4.o)
                0x0800c9a4                __udivmoddi4
 .text          0x0800cc58        0x4 /usr/lib/gcc/arm-none-eabi/13.2.1/thumb/v7-m/nofp/libgcc.a(_dvmd_tls.o)
                0x0800cc58                __aeabi_ldiv0
                0x0800cc58                __aeabi_idiv0
 *(.text*)
 .text.FLASH_Program_HalfWord
                0x0800cc5c       0x1c build_slota/stm32f1xx_hal_flash.o
 .text.FLASH_SetErrorCode
                0x0800cc78       0x70 build_slota/stm32f1xx_hal_flash.o
 .text.HAL_FLASH_Unlock
                0x0800cce8       0x28 build_slota/stm32f1xx_hal_flash.o
                0x0800cce8                HAL_FLASH_Unlock
 .text.HAL_FLASH_Lock
                0x0800cd10       0x14 build_slota/stm32f1xx_hal_flash.o
                0x0800cd10                HAL_FLASH_Lock
 .text.FLASH_WaitForLastOperation
                0x0800cd24       0x68 build_slota/stm32f1xx_hal_flash.o
                0x0800cd24                FLASH_WaitForLastOperation
 .text.HAL_FLASH_Program
                0x0800cd8c       0xa0 build_slota/stm32f1xx_hal_flash.o
                0x0800cd8c                HAL_FLASH_Program
 .text.RCC_Delay
                0x0800ce2c       0x2c build_slota/stm32f1xx_hal_rcc.o
 .text.HAL_RCC_OscConfig
                0x0800ce58      0x3e0 build_slota/stm32f1xx_hal_rcc.o
                0x0800ce58                HAL_RCC_OscConfig
 .text.HAL_RCC_GetSysClockFreq
                0x0800d238       0x70 build_slota/stm32f1xx_hal_rcc.o
                0x0800d238                HAL_RCC_GetSysClockFreq
 .text.HAL_RCC_ClockConfig
                0x0800d2a8      0x17c build_slota/stm32f1xx_hal_rcc.o
                0x0800d2a8                HAL_RCC_ClockConfig
 .text.HAL_RCC_GetHCLKFreq
                0x0800d424        0xc build_slota/stm32f1xx_hal_rcc.o
                0x0800d424                HAL_RCC_GetHCLKFreq
 .text.TIM_OC1_SetConfig
                0x0800d430       0x70 build_slota/stm32f1xx_hal_tim.o
 .text.TIM_OC3_SetConfig
                0x0800d4a0       0x70 build_slota/stm32f1xx_hal_tim.o
 .text.TIM_OC4_SetConfig
                0x0800d510       0x50 build_slota/stm32f1xx_hal_tim.o
 .text.TIM_TI1_ConfigInputStage
                0x0800d560       0x24 build_slota/stm32f1xx_hal_tim.o
 .text.TIM_TI2_ConfigInputStage
                0x0800d584       0x26 build_slota/stm32f1xx_hal_tim.o
 .text.TIM_ETR_SetConfig
                0x0800d5aa       0x18 build_slota/stm32f1xx_hal_tim.o
 .text.TIM_SlaveTimer_SetConfig
                0x0800d5c2       0x74 build_slota/stm32f1xx_hal_tim.o
 .text.HAL_TIM_Base_MspInit
                0x0800d636        0x2 build_slota/stm32f1xx_hal_tim.o
                0x0800d636                HAL_TIM_Base_MspInit
 .text.HAL_TIM_Base_Start
                0x0800d638       0x1a build_slota/stm32f1xx_hal_tim.o
                0x0800d638                HAL_TIM_Base_Start
 .text.HAL_TIM_PWM_MspInit
                0x0800d652        0x2 build_slota/stm32f1xx_hal_tim.o
                0x0800d652                HAL_TIM_PWM_MspInit
 .text.HAL_TIM_SlaveConfigSynchronization
                0x0800d654       0x40 build_slota/stm32f1xx_hal_tim.o
                0x0800d654                HAL_TIM_SlaveConfigSynchronization
 .text.TIM_Base_SetConfig
                0x0800d694       0x98 build_slota/stm32f1xx_hal_tim.o
                0x0800d694                TIM_Base_SetConfig
 .text.HAL_TIM_Base_Init
                0x0800d72c       0x34 build_slota/stm32f1xx_hal_tim.o
                0x0800d72c                HAL_TIM_Base_Init
 .text.HAL_TIM_PWM_Init
                0x0800d760       0x34 build_slota/stm32f1xx_hal_tim.o
                0x0800d760                HAL_TIM_PWM_Init
 .text.TIM_OC2_SetConfig
                0x0800d794       0x70 build_slota/stm32f1xx_hal_tim.o
                0x0800d794                TIM_OC2_SetConfig
 .text.HAL_TIM_PWM_ConfigChannel
                0x0800d804       0xdc build_slota/stm32f1xx_hal_tim.o
                0x0800d804                HAL_TIM_PWM_ConfigChannel
 .text.TIM_CCxChannelCmd
                0x0800d8e0       0x1a build_slota/stm32f1xx_hal_tim.o
                0x0800d8e0                TIM_CCxChannelCmd
 *fill*         0x0800d8fa        0x2 
 .text.HAL_TIM_PWM_Start
                0x0800d8fc       0x38 build_slota/stm32f1xx_hal_tim.o
                0x0800d8fc                HAL_TIM_PWM_Start
 .text.TIM_CCxNChannelCmd
                0x0800d934       0x1a build_slota/stm32f1xx_hal_tim_ex.o
 .text.HAL_TIMEx_PWMN_Start
                0x0800d94e       0x24 build_slota/stm32f1xx_hal_tim_ex.o
                0x0800d94e                HAL_TIMEx_PWMN_Start
 .text.HAL_TIMEx_ConfigBreakDeadTime
                0x0800d972       0x52 build_slota/stm32f1xx_hal_tim_ex.o
                0x0800d972                HAL_TIMEx_ConfigBreakDeadTime
 .text.HAL_TIMEx_MasterConfigSynchronization
                0x0800d9c4       0x52 build_slota/stm32f1xx_hal_tim_ex.o
                0x0800d9c4                HAL_TIMEx_MasterConfigSynchronization
 *fill*         0x0800da16        0x2 
 .text.HAL_ADCEx_MultiModeConfigChannel
                0x0800da18       0x60 build_slota/stm32f1xx_hal_adc_ex.o
                0x0800da18                HAL_ADCEx_MultiModeConfigChannel
 .text.NVIC_SetPriority
                0x0800da78       0x28 build_slota/stm32f1xx_hal_cortex.o
 .text.NVIC_EncodePriority
                0x0800daa0       0x3e build_slota/stm32f1xx_hal_cortex.o
 *fill*         0x0800dade        0x2 
 .text.NVIC_SystemReset
                0x0800dae0       0x24 build_slota/stm32f1xx_hal_cortex.o
 .text.HAL_NVIC_SetPriorityGrouping
                0x0800db04       0x24 build_slota/stm32f1xx_hal_cortex.o
                0x0800db04                HAL_NVIC_SetPriorityGrouping
 .text.HAL_NVIC_SetPriority
                0x0800db28       0x20 build_slota/stm32f1xx_hal_cortex.o
                0x0800db28                HAL_NVIC_SetPriority
 .text.HAL_NVIC_EnableIRQ
                0x0800db48       0x18 build_slota/stm32f1xx_hal_cortex.o
                0x0800db48                HAL_NVIC_EnableIRQ
 .text.HAL_NVIC_SystemReset
                0x0800db60        0x6 build_slota/stm32f1xx_hal_cortex.o
                0x0800db60                HAL_NVIC_SystemReset
 *fill*         0x0800db66        0x2 
 .text.HAL_SYSTICK_Config
                0x0800db68       0x28 build_slota/stm32f1xx_hal_cortex.o
                0x0800db68                HAL_SYSTICK_Config
 .text.HAL_SYSTICK_CLKSourceConfig
                0x0800db90       0x20 build_slota/stm32f1xx_hal_cortex.o
                0x0800db90                HAL_SYSTICK_CLKSourceConfig
 .text.HAL_SYSTICK_Callback
                0x0800dbb0        0x2 build_slota/stm32f1xx_hal_cortex.o
                0x0800dbb0                HAL_SYSTICK_Callback
 .text.HAL_SYSTICK_IRQHandler
                0x0800dbb2        0x8 build_slota/stm32f1xx_hal_cortex.o
                0x0800dbb2                HAL_SYSTICK_IRQHandler
 *fill*         0x0800dbba        0x2 
 .text.FLASH_MassErase
                0x0800dbbc       0x24 build_slota/stm32f1xx_hal_flash_ex.o
 .text.FLASH_PageErase
                0x0800dbe0       0x24 build_slota/stm32f1xx_hal_flash_ex.o
                0x0800dbe0                FLASH_PageErase
 .text.HAL_FLASHEx_Erase
                0x0800dc04       0xa4 build_slota/stm32f1xx_hal_flash_ex.o
                0x0800dc04                HAL_FLASHEx_Erase
 .text.HAL_GPIO_Init
                0x0800dca8      0x238 build_slota/stm32f1xx_hal_gpio.o
                0x0800dca8                HAL_GPIO_Init
 .text.HAL_GPIO_ReadPin
                0x0800dee0        0xe build_slota/stm32f1xx_hal_gpio.o
                0x0800dee0                HAL_GPIO_ReadPin
 .text.HAL_GPIO_WritePin
                0x0800deee        0xc build_slota/stm32f1xx_hal_gpio.o
                0x0800deee                HAL_GPIO_WritePin
 .text.HAL_GPIO_TogglePin
                0x0800defa        0x8 build_slota/stm32f1xx_hal_gpio.o
                0x0800defa                HAL_GPIO_TogglePin
 *fill*         0x0800df02        0x2 
 .text.HAL_RCCEx_PeriphCLKConfig
                0x0800df04      0x118 build_slota/stm32f1xx_hal_rcc_ex.o
                0x0800df04                HAL_RCCEx_PeriphCLKConfig
 .text.HAL_MspInit
                0x0800e01c        0x2 build_slota/stm32f1xx_hal.o
                0x0800e01c                HAL_MspInit
 *fill*         0x0800e01e        0x2 
 .text.HAL_InitTick
                0x0800e020       0x2c build_slota/stm32f1xx_hal.o
                0x0800e020                HAL_InitTick
 .text.HAL_Init
                0x0800e04c       0x24 build_slota/stm32f1xx_hal.o
                0x0800e04c                HAL_Init
 .text.HAL_IncTick
                0x0800e070       0x10 build_slota/stm32f1xx_hal.o
                0x0800e070                HAL_IncTick
 .text.HAL_GetTick
                0x0800e080        0xc build_slota/stm32f1xx_hal.o
                0x0800e080                HAL_GetTick
 .text.HAL_Delay
                0x0800e08c       0x24 build_slota/stm32f1xx_hal.o
                0x0800e08c                HAL_Delay
 .text.HAL_ADC_MspInit
                0x0800e0b0        0x2 build_slota/stm32f1xx_hal_adc.o
                0x0800e0b0                HAL_ADC_MspInit
 *fill*         0x0800e0b2        0x2 
 .text.HAL_ADC_ConfigChannel
                0x0800e0b4      0x140 build_slota/stm32f1xx_hal_adc.o
                0x0800e0b4                HAL_ADC_ConfigChannel
 .text.ADC_Enable
                0x0800e1f4       0x80 build_slota/stm32f1xx_hal_adc.o
                0x0800e1f4                ADC_Enable
 .text.HAL_ADC_Start
                0x0800e274       0xe8 build_slota/stm32f1xx_hal_adc.o
                0x0800e274                HAL_ADC_Start
 .text.ADC_ConversionStop_Disable
                0x0800e35c       0x4c build_slota/stm32f1xx_hal_adc.o
                0x0800e35c                ADC_ConversionStop_Disable
 .text.HAL_ADC_Init
                0x0800e3a8      0x124 build_slota/stm32f1xx_hal_adc.o
                0x0800e3a8                HAL_ADC_Init
 .text.SystemInit
                0x0800e4cc       0x4c build_slota/system_stm32f1xx.o
                0x0800e4cc                SystemInit
 .text.MX_GPIO_Init
                0x0800e518      0x288 build_slota/setup.o
                0x0800e518                MX_GPIO_Init
 .text.MX_TIM_Init
                0x0800e7a0      0x1e0 build_slota/setup.o
                0x0800e7a0                MX_TIM_Init
 .text.MX_ADC1_Init
                0x0800e980      0x130 build_slota/setup.o
                0x0800e980                MX_ADC1_Init
 .text.MX_ADC2_Init
                0x0800eab0       0xb4 build_slota/setup.o
                0x0800eab0                MX_ADC2_Init
 .text.NVIC_SystemReset
                0x0800eb64       0x24 build_slota/main.o
 .text.ota_reboot_to_bootloader
                0x0800eb88       0x30 build_slota/main.o
 .text.ota_reboot_to_bootloader_export
                0x0800ebb8        0x6 build_slota/main.o
                0x0800ebb8                ota_reboot_to_bootloader_export
 *fill*         0x0800ebbe        0x2 
 .text.poweroff
                0x0800ebc0       0x58 build_slota/main.o
                0x0800ebc0                poweroff
 .text.init_PID_control
                0x0800ec18      0x154 build_slota/main.o
                0x0800ec18                init_PID_control
 .text.change_PID_constants
                0x0800ed6c       0xe0 build_slota/main.o
                0x0800ed6c                change_PID_constants
 .text.init_flash_content
                0x0800ee4c       0x50 build_slota/main.o
                0x0800ee4c                init_flash_content
 .text.check_power_button
                0x0800ee9c       0xfc build_slota/main.o
                0x0800ee9c                check_power_button
 .text.SystemClock_Config
                0x0800ef98       0x94 build_slota/main.o
                0x0800ef98                SystemClock_Config
 *fill*         0x0800f02c        0x4 
 .text.main     0x0800f030      0xc88 build_slota/main.o
                0x0800f030                main
 .text.blockPWM
                0x0800fcb8       0x6e build_slota/bldc.o
 .text.blockPhaseCurrent
                0x0800fd26       0x30 build_slota/bldc.o
 *fill*         0x0800fd56        0x2 
 .text.BldcController_Init
                0x0800fd58      0x108 build_slota/bldc.o
                0x0800fd58                BldcController_Init
 .text.DMA1_Channel1_IRQHandler
                0x0800fe60      0x5a4 build_slota/bldc.o
                0x0800fe60                DMA1_Channel1_IRQHandler
 *fill*         0x08010404        0x4 
 .text.readADCs
                0x08010408      0x2fc build_slota/bldc.o
                0x08010408                readADCs
 .text.setScopeChannel
                0x08010704        0xc build_slota/comms.o
                0x08010704                setScopeChannel
 .text.consoleScope
                0x08010710        0x2 build_slota/comms.o
                0x08010710                consoleScope
 *fill*         0x08010712        0x2 
 .text.SoftwareSerialInit
                0x08010714      0x124 build_slota/softwareserial.o
                0x08010714                SoftwareSerialInit
 .text.softwareserial_getrx
                0x08010838       0x3c build_slota/softwareserial.o
                0x08010838                softwareserial_getrx
 .text.softwareserial_available
                0x08010874       0x2c build_slota/softwareserial.o
                0x08010874                softwareserial_available
 .text.softwareserial_puttx
                0x080108a0       0x50 build_slota/softwareserial.o
                0x080108a0                softwareserial_puttx
 .text.softwareserial_Send
                0x080108f0       0x4c build_slota/softwareserial.o
                0x080108f0                softwareserial_Send
 *fill*         0x0801093c        0x4 
 .text.softwareserial_Send_Wait
                0x08010940       0x84 build_slota/softwareserial.o
                0x08010940                softwareserial_Send_Wait
 .text.softwareserialRXInterrupt
                0x080109c4      0x130 build_slota/softwareserial.o
                0x080109c4                softwareserialRXInterrupt
 .text.TIM3_IRQHandler
                0x08010af4      0x11c build_slota/softwareserial.o
                0x08010af4                TIM3_IRQHandler
 .text.HallInterruptinit
                0x08010c10      0x124 build_slota/hallinterrupts.o
                0x08010c10                HallInterruptinit
 .text.HallGetuS
                0x08010d34       0x58 build_slota/hallinterrupts.o
                0x08010d34                HallGetuS
 .text.HallInterruptsInterrupt
                0x08010d8c      0x280 build_slota/hallinterrupts.o
                0x08010d8c                HallInterruptsInterrupt
 .text.TIM4_IRQHandler
                0x0801100c       0x84 build_slota/hallinterrupts.o
                0x0801100c                TIM4_IRQHandler
 .text.writeFlash
                0x08011090      0x178 build_slota/flashaccess.o
                0x08011090                writeFlash
 .text.readFlash
                0x08011208       0x98 build_slota/flashaccess.o
                0x08011208                readFlash
 .text.NMI_Handler
                0x080112a0        0x2 build_slota/stm32f1xx_it.o
                0x080112a0                NMI_Handler
 .text.HardFault_Handler
                0x080112a2        0x2 build_slota/stm32f1xx_it.o
                0x080112a2                HardFault_Handler
 .text.MemManage_Handler
                0x080112a4        0x2 build_slota/stm32f1xx_it.o
                0x080112a4                MemManage_Handler
 .text.BusFault_Handler
                0x080112a6        0x2 build_slota/stm32f1xx_it.o
                0x080112a6                BusFault_Handler
 .text.UsageFault_Handler
                0x080112a8        0x2 build_slota/stm32f1xx_it.o
                0x080112a8                UsageFault_Handler
 .text.SVC_Handler
                0x080112aa        0x2 build_slota/stm32f1xx_it.o
                0x080112aa                SVC_Handler
 .text.DebugMon_Handler
                0x080112ac        0x2 build_slota/stm32f1xx_it.o
                0x080112ac                DebugMon_Handler
 .text.PendSV_Handler
                0x080112ae        0x2 build_slota/stm32f1xx_it.o
                0x080112ae                PendSV_Handler
 .text.SysTick_Handler
                0x080112b0        0xc build_slota/stm32f1xx_it.o
                0x080112b0                SysTick_Handler
 .text.EXTI0_IRQHandler
                0x080112bc        0xc build_slota/stm32f1xx_it.o
                0x080112bc                EXTI0_IRQHandler
 .text.EXTI1_IRQHandler
                0x080112c8        0xc build_slota/stm32f1xx_it.o
                0x080112c8                EXTI1_IRQHandler
 .text.EXTI2_IRQHandler
                0x080112d4        0xc build_slota/stm32f1xx_it.o
                0x080112d4                EXTI2_IRQHandler
 .text.EXTI3_IRQHandler
                0x080112e0        0xc build_slota/stm32f1xx_it.o
                0x080112e0                EXTI3_IRQHandler
 .text.EXTI4_IRQHandler
                0x080112ec        0xc build_slota/stm32f1xx_it.o
                0x080112ec                EXTI4_IRQHandler
 .text.EXTI9_5_IRQHandler
                0x080112f8       0x7c build_slota/stm32f1xx_it.o
                0x080112f8                EXTI9_5_IRQHandler
 .text.EXTI15_10_IRQHandler
                0x08011374       0x94 build_slota/stm32f1xx_it.o
                0x08011374                EXTI15_10_IRQHandler
 .text.pid_need_compute
                0x08011408       0x18 build_slota/pid.o
                0x08011408                pid_need_compute
 .text.pid_compute
                0x08011420       0xb0 build_slota/pid.o
                0x08011420                pid_compute
 .text.pid_tune
                0x080114d0       0x84 build_slota/pid.o
                0x080114d0                pid_tune
 .text.pid_limits
                0x08011554       0x66 build_slota/pid.o
                0x08011554                pid_limits
 .text.pid_auto
                0x080115ba       0x40 build_slota/pid.o
                0x080115ba                pid_auto
 .text.pid_direction
                0x080115fa       0x38 build_slota/pid.o
                0x080115fa                pid_direction
 *fill*         0x08011632        0x2 
 .text.pid_create
                0x08011634       0x44 build_slota/pid.o
                0x08011634                pid_create
 .text.getChange
                0x08011678        0xe build_slota/deadreckoner.o
 .text.computeAngularVelocities
                0x08011686       0xb2 build_slota/deadreckoner.o
 .text.DeadReckoner
                0x08011738       0x6c build_slota/deadreckoner.o
                0x08011738                DeadReckoner
 *fill*         0x080117a4        0x4 
 .text.getXYT   0x080117a8       0x5c build_slota/deadreckoner.o
                0x080117a8                getXYT
 .text.computePosition
                0x08011804      0x190 build_slota/deadreckoner.o
                0x08011804                computePosition
 .text.reset    0x08011994       0x24 build_slota/deadreckoner.o
                0x08011994                reset
 .text.noTick   0x080119b8        0x4 build_slota/protocol.o
                0x080119b8                noTick
 .text.noDelay  0x080119bc        0x2 build_slota/protocol.o
                0x080119bc                noDelay
 .text.noReset  0x080119be        0x2 build_slota/protocol.o
                0x080119be                noReset
 .text.nosend   0x080119c0        0x4 build_slota/protocol.o
                0x080119c0                nosend
 .text.fn_ping  0x080119c4       0x18 build_slota/protocol.o
                0x080119c4                fn_ping
 .text.protocol_process_ReadValue
                0x080119dc       0x3a build_slota/protocol.o
                0x080119dc                protocol_process_ReadValue
 .text.protocol_process_ReadAndSendValue
                0x08011a16       0x40 build_slota/protocol.o
                0x08011a16                protocol_process_ReadAndSendValue
 .text.protocol_process_WriteValue
                0x08011a56       0x44 build_slota/protocol.o
                0x08011a56                protocol_process_WriteValue
 .text.protocol_process_cmdWritevalAndRespond
                0x08011a9a       0x38 build_slota/protocol.o
                0x08011a9a                protocol_process_cmdWritevalAndRespond
 .text.fn_defaultProcessing
                0x08011ad2       0x2e build_slota/protocol.o
                0x08011ad2                fn_defaultProcessing
 .text.fn_defaultProcessingPreWriteClear
                0x08011b00       0x2c build_slota/protocol.o
                0x08011b00                fn_defaultProcessingPreWriteClear
 .text.fn_SubscribeData
                0x08011b2c       0xa0 build_slota/protocol.o
                0x08011b2c                fn_SubscribeData
 .text.fn_ProtocolcountDataSum
                0x08011bcc       0xc0 build_slota/protocol.o
                0x08011bcc                fn_ProtocolcountDataSum
 .text.fn_ProtocolcountDataAck
                0x08011c8c       0x5c build_slota/protocol.o
                0x08011c8c                fn_ProtocolcountDataAck
 .text.fn_ProtocolcountDataNoack
                0x08011ce8       0x5c build_slota/protocol.o
                0x08011ce8                fn_ProtocolcountDataNoack
 .text.fn_defaultProcessingReadOnly
                0x08011d44       0x12 build_slota/protocol.o
                0x08011d44                fn_defaultProcessingReadOnly
 *fill*         0x08011d56        0x2 
 .text.fn_paramstat_descriptions
                0x08011d58      0x108 build_slota/protocol.o
                0x08011d58                fn_paramstat_descriptions
 .text.setParam
                0x08011e60       0x20 build_slota/protocol.o
                0x08011e60                setParam
 .text.setParamsCopy
                0x08011e80       0x5c build_slota/protocol.o
                0x08011e80                setParamsCopy
 .text.setParamVariable
                0x08011edc       0x32 build_slota/protocol.o
                0x08011edc                setParamVariable
 .text.setParamHandler
                0x08011f0e       0x16 build_slota/protocol.o
                0x08011f0e                setParamHandler
 .text.protocol_init
                0x08011f24       0x9c build_slota/protocol.o
                0x08011f24                protocol_init
 .text.protocol_process_message
                0x08011fc0      0x18c build_slota/protocol.o
                0x08011fc0                protocol_process_message
 .text.mpGetTxByte
                0x0801214c       0x34 build_slota/machine_protocol.o
 .text.mpPutTx  0x08012180       0x20 build_slota/machine_protocol.o
 .text.protocol_cobsr_decode
                0x080121a0       0x3e build_slota/machine_protocol.o
                0x080121a0                protocol_cobsr_decode
 .text.protocol_cobsr_encode
                0x080121de       0x2a build_slota/machine_protocol.o
                0x080121de                protocol_cobsr_encode
 .text.protocol_SOM_decode
                0x08012208       0x1c build_slota/machine_protocol.o
                0x08012208                protocol_SOM_decode
 .text.protocol_SOM_encode
                0x08012224       0x2e build_slota/machine_protocol.o
                0x08012224                protocol_SOM_encode
 .text.protocol_send_raw
                0x08012252       0x6a build_slota/machine_protocol.o
 .text.protocol_send_ack
                0x080122bc       0x32 build_slota/machine_protocol.o
 .text.protocol_send_nack
                0x080122ee       0x3e build_slota/machine_protocol.o
 .text.mpTxQueued
                0x0801232c       0x22 build_slota/machine_protocol.o
                0x0801232c                mpTxQueued
 .text.mpGetTxMsg
                0x0801234e       0x4c build_slota/machine_protocol.o
 *fill*         0x0801239a        0x2 
 .text.protocol_send
                0x0801239c      0x198 build_slota/machine_protocol.o
 .text.protocol_tick
                0x08012534      0x144 build_slota/machine_protocol.o
                0x08012534                protocol_tick
 .text.protocol_byte
                0x08012678      0x2bc build_slota/machine_protocol.o
                0x08012678                protocol_byte
 .text.protocol_post
                0x08012934       0x72 build_slota/machine_protocol.o
                0x08012934                protocol_post
 .text.protocol_send_text
                0x080129a6       0x6c build_slota/machine_protocol.o
                0x080129a6                protocol_send_text
 *fill*         0x08012a12        0x2 
 .text.line_lock_ascii
                0x08012a14       0x3c build_slota/ascii_protocol.o
 .text.line_unlock_ascii
                0x08012a50       0xa8 build_slota/ascii_protocol.o
 .text.line_help
                0x08012af8       0xa0 build_slota/ascii_protocol.o
 .text.ascii_add_immediate
                0x08012b98       0x30 build_slota/ascii_protocol.o
                0x08012b98                ascii_add_immediate
 .text.ascii_add_line_fn
                0x08012bc8       0x30 build_slota/ascii_protocol.o
                0x08012bc8                ascii_add_line_fn
 .text.ascii_byte
                0x08012bf8      0x1a4 build_slota/ascii_protocol.o
                0x08012bf8                ascii_byte
 .text.ascii_init
                0x08012d9c       0x50 build_slota/ascii_protocol.o
                0x08012d9c                ascii_init
 .text.cobsr_encode
                0x08012dec       0xcc build_slota/cobsr.o
                0x08012dec                cobsr_encode
 .text.cobsr_decode
                0x08012eb8       0xe6 build_slota/cobsr.o
                0x08012eb8                cobsr_decode
 .text.line_toggle_sensor_control
                0x08012f9e        0x4 build_slota/ascii_proto_funcs.o
                0x08012f9e                line_toggle_sensor_control
 *fill*         0x08012fa2        0x6 
 .text.immediate_dir
                0x08012fa8      0x508 build_slota/ascii_proto_funcs.o
                0x08012fa8                immediate_dir
 .text.immediate_stop
                0x080134b0       0x78 build_slota/ascii_proto_funcs.o
                0x080134b0                immediate_stop
 .text.immediate_quit
                0x08013528       0x94 build_slota/ascii_proto_funcs.o
                0x08013528                immediate_quit
 .text.immediate_hall
                0x080135bc       0x78 build_slota/ascii_proto_funcs.o
                0x080135bc                immediate_hall
 .text.immediate_sensors
                0x08013634       0x30 build_slota/ascii_proto_funcs.o
                0x08013634                immediate_sensors
 .text.line_sensors
                0x08013664        0xc build_slota/ascii_proto_funcs.o
                0x08013664                line_sensors
 .text.immediate_electrical
                0x08013670       0xe0 build_slota/ascii_proto_funcs.o
                0x08013670                immediate_electrical
 .text.line_electrical
                0x08013750        0xc build_slota/ascii_proto_funcs.o
                0x08013750                line_electrical
 .text.immediate_stm32
                0x0801375c       0x50 build_slota/ascii_proto_funcs.o
                0x0801375c                immediate_stm32
 .text.line_stm32
                0x080137ac        0xc build_slota/ascii_proto_funcs.o
                0x080137ac                line_stm32
 .text.line_main_timing_stats
                0x080137b8       0x30 build_slota/ascii_proto_funcs.o
                0x080137b8                line_main_timing_stats
 .text.immediate_toggle_control
                0x080137e8       0x44 build_slota/ascii_proto_funcs.o
                0x080137e8                immediate_toggle_control
 .text.line_debug_control
                0x0801382c       0x60 build_slota/ascii_proto_funcs.o
                0x0801382c                line_debug_control
 .text.line_immediate
                0x0801388c      0x184 build_slota/ascii_proto_funcs.o
                0x0801388c                line_immediate
 .text.line_set_alarm
                0x08013a10       0x80 build_slota/ascii_proto_funcs.o
                0x08013a10                line_set_alarm
 .text.line_generic_var
                0x08013a90      0x254 build_slota/ascii_proto_funcs.o
                0x08013a90                line_generic_var
 .text.line_poweroff_control
                0x08013ce4       0xc4 build_slota/ascii_proto_funcs.o
                0x08013ce4                line_poweroff_control
 .text.line_reset_firmware
                0x08013da8       0x48 build_slota/ascii_proto_funcs.o
                0x08013da8                line_reset_firmware
 .text.line_test_message
                0x08013df0       0x84 build_slota/ascii_proto_funcs.o
                0x08013df0                line_test_message
 .text.line_read_memory
                0x08013e74       0xbc build_slota/ascii_proto_funcs.o
                0x08013e74                line_read_memory
 .text.get_F_description
                0x08013f30       0x9c build_slota/ascii_proto_funcs.o
                0x08013f30                get_F_description
 .text.main_ascii_init
                0x08013fcc      0x1ac build_slota/ascii_proto_funcs.o
                0x08013fcc                main_ascii_init
 .text.fn_enable
                0x08014178       0x7c build_slota/protocolfunctions.o
                0x08014178                fn_enable
 .text.fn_SpeedData
                0x080141f4       0x24 build_slota/protocolfunctions.o
                0x080141f4                fn_SpeedData
 .text.fn_Position
                0x08014218       0x54 build_slota/protocolfunctions.o
                0x08014218                fn_Position
 .text.fn_PositionIncr
                0x0801426c       0x68 build_slota/protocolfunctions.o
                0x0801426c                fn_PositionIncr
 .text.fn_RawPosition
                0x080142d4       0x54 build_slota/protocolfunctions.o
                0x080142d4                fn_RawPosition
 .text.fn_PWMData
                0x08014328       0x94 build_slota/protocolfunctions.o
                0x08014328                fn_PWMData
 .text.fn_BuzzerData
                0x080143bc       0x58 build_slota/protocolfunctions.o
                0x080143bc                fn_BuzzerData
 .text.fn_FlashContentMaxCurrLim
                0x08014414       0x38 build_slota/protocolfunctions.o
                0x08014414                fn_FlashContentMaxCurrLim
 .text.fn_xytPosn
                0x0801444c       0x28 build_slota/protocolfunctions.o
                0x0801444c                fn_xytPosn
 .text.fn_FlashContentPID
                0x08014474       0x18 build_slota/protocolfunctions.o
                0x08014474                fn_FlashContentPID
 .text.setup_protocol
                0x0801448c      0x3d8 build_slota/protocolfunctions.o
                0x0801448c                setup_protocol
 .text.consoleLog
                0x08014864       0x20 build_slota/protocolfunctions.o
                0x08014864                consoleLog
 .text.fn_FlashContentMagic
                0x08014884       0x58 build_slota/protocolfunctions.o
                0x08014884                fn_FlashContentMagic
 .text.consoleLogRaw
                0x080148dc       0x28 build_slota/protocolfunctions.o
                0x080148dc                consoleLogRaw
 .text.BLDC_controller_step
                0x08014904      0x6b4 build_slota/BLDC_controller.o
                0x08014904                BLDC_controller_step
 .text.BLDC_controller_initialize
                0x08014fb8       0x18 build_slota/BLDC_controller.o
                0x08014fb8                BLDC_controller_initialize
 .text.MCP2515_Select
                0x08014fd0        0x8 build_slota/mcp2515.o
 .text.MCP2515_SPITransfer
                0x08014fd8        0x8 build_slota/mcp2515.o
 .text.MCP2515_Deselect
                0x08014fe0        0x8 build_slota/mcp2515.o
 .text.MCP2515_Reset
                0x08014fe8       0x18 build_slota/mcp2515.o
                0x08014fe8                MCP2515_Reset
 .text.MCP2515_ReadRegister
                0x08015000       0x24 build_slota/mcp2515.o
                0x08015000                MCP2515_ReadRegister
 .text.MCP2515_WriteRegister
                0x08015024       0x22 build_slota/mcp2515.o
                0x08015024                MCP2515_WriteRegister
 .text.MCP2515_Detect
                0x08015046       0x70 build_slota/mcp2515.o
                0x08015046                MCP2515_Detect
 .text.MCP2515_SetBitrate
                0x080150b6       0x4a build_slota/mcp2515.o
                0x080150b6                MCP2515_SetBitrate
 .text.MCP2515_ModifyRegister
                0x08015100       0x2a build_slota/mcp2515.o
                0x08015100                MCP2515_ModifyRegister
 .text.MCP2515_SetMode
                0x0801512a       0x3c build_slota/mcp2515.o
                0x0801512a                MCP2515_SetMode
 .text.MCP2515_Init
                0x08015166       0x52 build_slota/mcp2515.o
                0x08015166                MCP2515_Init
 .text.MCP2515_SendFrame
                0x080151b8      0x190 build_slota/mcp2515.o
                0x080151b8                MCP2515_SendFrame
 .text.MCP2515_GetRxStatus
                0x08015348       0x1c build_slota/mcp2515.o
                0x08015348                MCP2515_GetRxStatus
 .text.MCP2515_ReceiveFrame
                0x08015364       0xdc build_slota/mcp2515.o
                0x08015364                MCP2515_ReceiveFrame
 .text.MCP2515_Available
                0x08015440       0x10 build_slota/mcp2515.o
                0x08015440                MCP2515_Available
 .text.MCP2515_GetErrorFlags
                0x08015450        0xa build_slota/mcp2515.o
                0x08015450                MCP2515_GetErrorFlags
 *fill*         0x0801545a        0x2 
 .text.SoftSPI_Delay
                0x0801545c       0x1c build_slota/software_spi.o
 .text.SoftSPI_Init
                0x08015478       0xe8 build_slota/software_spi.o
                0x08015478                SoftSPI_Init
 .text.SoftSPI_Deinit
                0x08015560       0x64 build_slota/software_spi.o
                0x08015560                SoftSPI_Deinit
 .text.SoftSPI_SetMode
                0x080155c4       0x34 build_slota/software_spi.o
                0x080155c4                SoftSPI_SetMode
 .text.SoftSPI_CS_Low
                0x080155f8       0x14 build_slota/software_spi.o
                0x080155f8                SoftSPI_CS_Low
 .text.SoftSPI_CS_High
                0x0801560c        0xc build_slota/software_spi.o
                0x0801560c                SoftSPI_CS_High
 .text.SoftSPI_Transfer
                0x08015618       0x94 build_slota/software_spi.o
                0x08015618                SoftSPI_Transfer
 .text.CAN_Init_IDs
                0x080156ac       0x6c build_slota/can_bus.o
 .text.forceLog
                0x08015718        0x8 build_slota/can_bus.o
                0x08015718                forceLog
 .text.CAN_IsSoftwareSerialReady
                0x08015720        0x4 build_slota/can_bus.o
                0x08015720                CAN_IsSoftwareSerialReady
 .text.CAN_Fallback_To_USART
                0x08015724        0xc build_slota/can_bus.o
                0x08015724                CAN_Fallback_To_USART
 .text.CAN_AutoDetectAndInit
                0x08015730       0xbc build_slota/can_bus.o
                0x08015730                CAN_AutoDetectAndInit
 .text.CAN_ProcessMessages
                0x080157ec      0x3b4 build_slota/can_bus.o
                0x080157ec                CAN_ProcessMessages
 .text.CAN_SendStatus
                0x08015ba0      0x298 build_slota/can_bus.o
                0x08015ba0                CAN_SendStatus
 .text.CAN_SendBootAnnouncement
                0x08015e38       0x88 build_slota/can_bus.o
                0x08015e38                CAN_SendBootAnnouncement
 .text.CAN_PrintConfiguration
                0x08015ec0      0x198 build_slota/can_bus.o
                0x08015ec0                CAN_PrintConfiguration
 .text.CAN_PrintStatistics
                0x08016058      0x190 build_slota/can_bus.o
                0x08016058                CAN_PrintStatistics
 .text.CAN_CheckErrors
                0x080161e8       0xf4 build_slota/can_bus.o
                0x080161e8                CAN_CheckErrors
 .text.Reset_Handler
                0x080162dc       0x48 build_slota/startup_stm32f103xe.o
                0x080162dc                Reset_Handler
 .text.Default_Handler
                0x08016324        0x2 build_slota/startup_stm32f103xe.o
                0x08016324                RTC_Alarm_IRQHandler
                0x08016324                TIM8_TRG_COM_IRQHandler
                0x08016324                TIM8_CC_IRQHandler
                0x08016324                TIM1_CC_IRQHandler
                0x08016324                TIM6_IRQHandler
                0x08016324                PVD_IRQHandler
                0x08016324                SDIO_IRQHandler
                0x08016324                I2C2_EV_IRQHandler
                0x08016324                ADC1_2_IRQHandler
                0x08016324                SPI1_IRQHandler
                0x08016324                TAMPER_IRQHandler
                0x08016324                TIM8_UP_IRQHandler
                0x08016324                DMA2_Channel2_IRQHandler
                0x08016324                DMA1_Channel4_IRQHandler
                0x08016324                USART3_IRQHandler
                0x08016324                RTC_IRQHandler
                0x08016324                DMA1_Channel7_IRQHandler
                0x08016324                CAN1_RX1_IRQHandler
                0x08016324                UART5_IRQHandler
                0x08016324                ADC3_IRQHandler
                0x08016324                DMA2_Channel1_IRQHandler
                0x08016324                I2C1_EV_IRQHandler
                0x08016324                DMA1_Channel6_IRQHandler
                0x08016324                UART4_IRQHandler
                0x08016324                RCC_IRQHandler
                0x08016324                TIM1_TRG_COM_IRQHandler
                0x08016324                Default_Handler
                0x08016324                TIM7_IRQHandler
                0x08016324                TIM5_IRQHandler
                0x08016324                SPI2_IRQHandler
                0x08016324                DMA1_Channel5_IRQHandler
                0x08016324                USB_LP_CAN1_RX0_IRQHandler
                0x08016324                USB_HP_CAN1_TX_IRQHandler
                0x08016324                DMA1_Channel3_IRQHandler
                0x08016324                FSMC_IRQHandler
                0x08016324                TIM1_UP_IRQHandler
                0x08016324                WWDG_IRQHandler
                0x08016324                TIM2_IRQHandler
                0x08016324                TIM1_BRK_IRQHandler
                0x08016324                DMA2_Channel4_5_IRQHandler
                0x08016324                USART2_IRQHandler
                0x08016324                I2C2_ER_IRQHandler
                0x08016324                DMA1_Channel2_IRQHandler
                0x08016324                TIM8_BRK_IRQHandler
                0x08016324                CAN1_SCE_IRQHandler
                0x08016324                FLASH_IRQHandler
                0x08016324                USART1_IRQHandler
                0x08016324                SPI3_IRQHandler
                0x08016324                I2C1_ER_IRQHandler
                0x08016324                USBWakeUp_IRQHandler
                0x08016324                DMA2_Channel3_IRQHandler
 *(.glue_7)
 .glue_7        0x08016326        0x0 linker stubs
 *(.glue_7t)
 .glue_7t       0x08016326        0x0 linker stubs
 *(.eh_frame)
 *fill*         0x08016326        0x2 
 .eh_frame      0x08016328        0x0 /usr/lib/gcc/arm-none-eabi/13.2.1/thumb/v7-m/nofp/crtbegin.o
 *(.init)
 .init          0x08016328        0x4 /usr/lib/gcc/arm-none-eabi/13.2.1/thumb/v7-m/nofp/crti.o
                0x08016328                _init
 .init          0x0801632c        0x8 /usr/lib/gcc/arm-none-eabi/13.2.1/thumb/v7-m/nofp/crtn.o
 *(.fini)
 .fini          0x08016334        0x4 /usr/lib/gcc/arm-none-eabi/13.2.1/thumb/v7-m/nofp/crti.o
                0x08016334                _fini
 .fini          0x08016338        0x8 /usr/lib/gcc/arm-none-eabi/13.2.1/thumb/v7-m/nofp/crtn.o
                0x08016340                        . = ALIGN (0x4)
                0x08016340                        _etext = .

.vfp11_veneer   0x08016340        0x0
 .vfp11_veneer  0x08016340        0x0 linker stubs

.v4_bx          0x08016340        0x0
 .v4_bx         0x08016340        0x0 linker stubs

.iplt           0x08016340        0x0
 .iplt          0x08016340        0x0 /usr/lib/gcc/arm-none-eabi/13.2.1/thumb/v7-m/nofp/crtbegin.o

.rodata         0x08016340     0x1fd8
                0x08016340                        . = ALIGN (0x4)
 *(.rodata)
 .rodata        0x08016340        0x8 build_slota/ascii_proto_funcs.o
 .rodata        0x08016348      0x101 /usr/lib/gcc/arm-none-eabi/13.2.1/../../../arm-none-eabi/lib/thumb/v7-m/nofp/libc_nano.a(libc_a-ctype_.o)
                0x08016348                _ctype_
 *fill*         0x08016449        0x3 
 .rodata        0x0801644c        0xc /usr/lib/gcc/arm-none-eabi/13.2.1/../../../arm-none-eabi/lib/thumb/v7-m/nofp/libc_nano.a(libc_a-nano-vfscanf_i.o)
 .rodata        0x08016458      0x188 /usr/lib/gcc/arm-none-eabi/13.2.1/../../../arm-none-eabi/lib/thumb/v7-m/nofp/libm.a(libm_a-e_rem_pio2.o)
 .rodata        0x080165e0       0x50 /usr/lib/gcc/arm-none-eabi/13.2.1/../../../arm-none-eabi/lib/thumb/v7-m/nofp/libm.a(libm_a-k_rem_pio2.o)
 *(.rodata*)
 .rodata.HAL_RCC_GetSysClockFreq.str1.4
                0x08016630     0x17cb build_slota/stm32f1xx_hal_rcc.o
                                 0x11 (size before relaxing)
 *fill*         0x08017dfb        0x1 
 .rodata.AHBPrescTable
                0x08017dfc       0x10 build_slota/system_stm32f1xx.o
                0x08017dfc                AHBPrescTable
 .rodata.init_flash_content.str1.4
                0x08017e0c       0x15 build_slota/main.o
 .rodata.check_power_button.str1.4
                0x08017e0c       0x72 build_slota/main.o
 .rodata.main.str1.4
                0x08017e0c      0x2a9 build_slota/main.o
 .rodata.FlashDefaults
                0x08017e0c       0x4e build_slota/main.o
                0x08017e0c                FlashDefaults
 .rodata.BldcController_Init.str1.4
                0x08017e5a       0x34 build_slota/bldc.o
 *fill*         0x08017e5a        0x2 
 .rodata.hall_to_pos
                0x08017e5c        0x8 build_slota/bldc.o
                0x08017e5c                hall_to_pos
 .rodata.increments
                0x08017e64       0xc4 build_slota/hallinterrupts.o
 .rodata.writeFlash.str1.4
                0x08017f28       0x88 build_slota/flashaccess.o
 .rodata.readFlash.str1.4
                0x08017f28       0x40 build_slota/flashaccess.o
 .rodata.str1.4
                0x08017f28      0x28b build_slota/protocol.o
 .rodata.initialparams
                0x08017f28      0x3d4 build_slota/protocol.o
 .rodata.line_lock_ascii.str1.4
                0x080182fc       0x19 build_slota/ascii_protocol.o
 .rodata.line_unlock_ascii.str1.4
                0x080182fc       0x6a build_slota/ascii_protocol.o
 .rodata.line_help.str1.4
                0x080182fc        0xb build_slota/ascii_protocol.o
 .rodata.ascii_byte.str1.4
                0x080182fc       0x61 build_slota/ascii_protocol.o
 .rodata.ascii_init.str1.4
                0x080182fc       0x45 build_slota/ascii_protocol.o
 .rodata.immediate_dir.str1.4
                0x080182fc       0xbf build_slota/ascii_proto_funcs.o
 .rodata.immediate_stop.str1.4
                0x080182fc        0xb build_slota/ascii_proto_funcs.o
 .rodata.immediate_quit.str1.4
                0x080182fc       0x1e build_slota/ascii_proto_funcs.o
 .rodata.immediate_hall.str1.4
                0x080182fc       0x6f build_slota/ascii_proto_funcs.o
 .rodata.immediate_sensors.str1.4
                0x080182fc       0x1c build_slota/ascii_proto_funcs.o
 .rodata.immediate_electrical.str1.4
                0x080182fc       0x69 build_slota/ascii_proto_funcs.o
 .rodata.immediate_stm32.str1.4
                0x080182fc       0x3b build_slota/ascii_proto_funcs.o
 .rodata.line_main_timing_stats.str1.4
                0x080182fc       0x37 build_slota/ascii_proto_funcs.o
 .rodata.immediate_toggle_control.str1.4
                0x080182fc       0x1b build_slota/ascii_proto_funcs.o
 .rodata.line_debug_control.str1.4
                0x080182fc       0x27 build_slota/ascii_proto_funcs.o
 .rodata.line_immediate.str1.4
                0x080182fc       0xe8 build_slota/ascii_proto_funcs.o
 .rodata.line_set_alarm.str1.4
                0x080182fc       0x24 build_slota/ascii_proto_funcs.o
 .rodata.line_generic_var.str1.4
                0x080182fc       0x98 build_slota/ascii_proto_funcs.o
 .rodata.line_poweroff_control.str1.4
                0x080182fc       0x47 build_slota/ascii_proto_funcs.o
 .rodata.line_reset_firmware.str1.4
                0x080182fc       0x18 build_slota/ascii_proto_funcs.o
 .rodata.line_test_message.str1.4
                0x080182fc       0x2b build_slota/ascii_proto_funcs.o
 .rodata.line_read_memory.str1.4
                0x080182fc        0xf build_slota/ascii_proto_funcs.o
 .rodata.get_F_description.str1.4
                0x080182fc       0x70 build_slota/ascii_proto_funcs.o
 .rodata.main_ascii_init.str1.4
                0x080182fc      0x296 build_slota/ascii_proto_funcs.o
 .rodata.str1.4
                0x080182fc       0x27 build_slota/ascii_proto_funcs.o
 .rodata.control_types
                0x080182fc       0x10 build_slota/ascii_proto_funcs.o
 .rodata.fn_FlashContentMagic.str1.4
                0x0801830c       0x46 build_slota/protocolfunctions.o
 .rodata.rts_mask.0
                0x0801830c        0x3 build_slota/mcp2515.o
 *fill*         0x0801830f        0x1 
 .rodata.sidh_addr.1
                0x08018310        0x3 build_slota/mcp2515.o
 *fill*         0x08018313        0x1 
 .rodata.ctrl_addr.2
                0x08018314        0x3 build_slota/mcp2515.o
 .rodata.CAN_AutoDetectAndInit.str1.4
                0x08018317      0x16b build_slota/can_bus.o
 .rodata.CAN_ProcessMessages.str1.4
                0x08018317      0x207 build_slota/can_bus.o
 .rodata.CAN_SendStatus.str1.4
                0x08018317       0xc0 build_slota/can_bus.o
 .rodata.CAN_SendBootAnnouncement.str1.4
                0x08018317       0x2b build_slota/can_bus.o
 .rodata.CAN_PrintConfiguration.str1.4
                0x08018317      0x151 build_slota/can_bus.o
 .rodata.CAN_PrintStatistics.str1.4
                0x08018317      0x151 build_slota/can_bus.o
 .rodata.CAN_CheckErrors.str1.4
                0x08018317       0x67 build_slota/can_bus.o
 .rodata.str1.4
                0x08018317       0x13 /usr/lib/gcc/arm-none-eabi/13.2.1/../../../arm-none-eabi/lib/thumb/v7-m/nofp/libc_nano.a(libc_a-nano-svfprintf.o)
 .rodata.str1.4
                0x08018317       0x25 /usr/lib/gcc/arm-none-eabi/13.2.1/../../../arm-none-eabi/lib/thumb/v7-m/nofp/libc_nano.a(libc_a-nano-vfprintf_i.o)
 .rodata.str1.4
                0x08018317        0x4 /usr/lib/gcc/arm-none-eabi/13.2.1/../../../arm-none-eabi/lib/thumb/v7-m/nofp/libc_nano.a(libc_a-nano-svfscanf.o)
 .rodata.str1.4
                0x08018317       0x1f /usr/lib/gcc/arm-none-eabi/13.2.1/../../../arm-none-eabi/lib/thumb/v7-m/nofp/libc_nano.a(libc_a-nano-vfscanf_i.o)
                0x08018520                        . = ALIGN (0x4)
 *fill*         0x08018317        0x1 

.ARM.extab
 *(.ARM.extab* .gnu.linkonce.armextab.*)

.ARM            0x08018318        0x8
                0x08018318                        __exidx_start = .
 *(.ARM.exidx*)
 .ARM.exidx     0x08018318        0x8 /usr/lib/gcc/arm-none-eabi/13.2.1/../../../arm-none-eabi/lib/thumb/v7-m/nofp/libc_nano.a(libc_a-memcpy.o)
 .ARM.exidx     0x08018320        0x0 /usr/lib/gcc/arm-none-eabi/13.2.1/thumb/v7-m/nofp/libgcc.a(_udivmoddi4.o)
                                  0x8 (size before relaxing)
                0x08018320                        __exidx_end = .

.rel.dyn        0x08018320        0x0
 .rel.iplt      0x08018320        0x0 /usr/lib/gcc/arm-none-eabi/13.2.1/thumb/v7-m/nofp/crtbegin.o

.preinit_array  0x08018320        0x0
                0x08018320                        PROVIDE (__preinit_array_start = .)
 *(.preinit_array*)
                0x08018320                        PROVIDE (__preinit_array_end = .)

.init_array     0x08018320        0x4
                0x08018320                        PROVIDE (__init_array_start = .)
 *(SORT_BY_NAME(.init_array.*))
 *(.init_array*)
 .init_array    0x08018320        0x4 /usr/lib/gcc/arm-none-eabi/13.2.1/thumb/v7-m/nofp/crtbegin.o
                0x08018324                        PROVIDE (__init_array_end = .)

.fini_array     0x08018324        0x4
                0x08018324                        PROVIDE (__fini_array_start = .)
 *(SORT_BY_NAME(.fini_array.*))
 *(.fini_array*)
 .fini_array    0x08018324        0x4 /usr/lib/gcc/arm-none-eabi/13.2.1/thumb/v7-m/nofp/crtbegin.o
                0x08018328                        PROVIDE (__fini_array_end = .)
                0x08018328                        _sidata = LOADADDR (.data)

.data           0x20000000      0x508 load address 0x08018328
                0x20000000                        . = ALIGN (0x4)
                0x20000000                        _sdata = .
 *(.data)
 .data          0x20000000       0x50 /usr/lib/gcc/arm-none-eabi/13.2.1/../../../arm-none-eabi/lib/thumb/v7-m/nofp/libc_nano.a(libc_a-impure.o)
                0x20000000                _impure_ptr
                0x20000004                _impure_data
 .data          0x20000050        0xc /usr/lib/gcc/arm-none-eabi/13.2.1/../../../arm-none-eabi/lib/thumb/v7-m/nofp/libc_nano.a(libc_a-findfp.o)
                0x20000050                __sglue
 *(.data*)
 .data.SystemCoreClock
                0x2000005c        0x4 build_slota/system_stm32f1xx.o
                0x2000005c                SystemCoreClock
 .data.adc_buffers
                0x20000060      0x110 build_slota/setup.o
                0x20000060                adc_buffers
 .data.input_timeout_counter
                0x20000170        0x4 build_slota/control.o
                0x20000170                input_timeout_counter
 .data.batteryVoltage
                0x20000174        0x4 build_slota/bldc.o
                0x20000174                batteryVoltage
 .data.electrical_measurements
                0x20000178       0x78 build_slota/bldc.o
                0x20000178                electrical_measurements
 .data.BldcControllerParams
                0x200001f0       0x1c build_slota/bldc.o
                0x200001f0                BldcControllerParams
 .data.enablescope
                0x2000020c        0x1 build_slota/comms.o
                0x2000020c                enablescope
 .data.debug_out
                0x2000020d        0x1 build_slota/comms.o
                0x2000020d                debug_out
 *fill*         0x2000020e        0x2 
 .data.WheelSize_mm
                0x20000210        0x4 build_slota/hallinterrupts.o
 .data.flashlen
                0x20000214        0x4 build_slota/flashaccess.o
                0x20000214                flashlen
 .data.flash_data
                0x20000218        0x4 build_slota/flashaccess.o
                0x20000218                flash_data
 .data.version  0x2000021c        0x4 build_slota/protocol.o
 .data.protocol_SystemReset
                0x20000220        0x4 build_slota/protocol.o
                0x20000220                protocol_SystemReset
 .data.protocol_Delay
                0x20000224        0x4 build_slota/protocol.o
                0x20000224                protocol_Delay
 .data.protocol_GetTick
                0x20000228        0x4 build_slota/protocol.o
                0x20000228                protocol_GetTick
 .data.password
                0x2000022c        0xc build_slota/ascii_protocol.o
 .data.PWMData  0x20000238       0x14 build_slota/protocolfunctions.o
                0x20000238                PWMData
 .data.PosnData
                0x2000024c       0x20 build_slota/protocolfunctions.o
                0x2000024c                PosnData
 .data.SpeedData
                0x2000026c       0x24 build_slota/protocolfunctions.o
                0x2000026c                SpeedData
 .data.rtP      0x20000290       0x64 build_slota/BLDC_controller_data.o
                0x20000290                rtP
 .data.rtConstP
                0x200002f4      0x212 build_slota/BLDC_controller_data.o
                0x200002f4                rtConstP
                0x20000508                        . = ALIGN (0x4)
 *fill*         0x20000506        0x2 
                0x20000508                        _edata = .

.tm_clone_table
                0x20000508        0x0 load address 0x08018830
 .tm_clone_table
                0x20000508        0x0 /usr/lib/gcc/arm-none-eabi/13.2.1/thumb/v7-m/nofp/crtbegin.o
 .tm_clone_table
                0x20000508        0x0 /usr/lib/gcc/arm-none-eabi/13.2.1/thumb/v7-m/nofp/crtend.o

.igot.plt       0x20000508        0x0 load address 0x08018830
 .igot.plt      0x20000508        0x0 /usr/lib/gcc/arm-none-eabi/13.2.1/thumb/v7-m/nofp/crtbegin.o

.ramfunctions   0x08018830        0x0
                0x08018830                        . = ALIGN (0x4)
                0x08018830                        _sdata_ramfuncs = .
 *(.ramfunctions)
 *(.ramfunctions*)
                0x08018830                        . = ALIGN (0x4)
                0x08018830                        _edata_ramfuncs = .
                0x08018830                        . = ALIGN (0x4)

.bss            0x20000508     0x3718
                0x20000508                        _sbss = .
                0x20000508                        __bss_start__ = _sbss
 *(.bss)
 .bss           0x20000508       0x1c /usr/lib/gcc/arm-none-eabi/13.2.1/thumb/v7-m/nofp/crtbegin.o
 .bss           0x20000524        0x8 /usr/lib/gcc/arm-none-eabi/13.2.1/../../../arm-none-eabi/lib/thumb/v7-m/nofp/libc_nano.a(libc_a-mallocr.o)
                0x20000524                __malloc_sbrk_start
                0x20000528                __malloc_free_list
 .bss           0x2000052c      0x13c /usr/lib/gcc/arm-none-eabi/13.2.1/../../../arm-none-eabi/lib/thumb/v7-m/nofp/libc_nano.a(libc_a-findfp.o)
                0x2000052c                __sf
                0x20000664                __stdio_exit_handler
 .bss           0x20000668        0x4 /usr/lib/gcc/arm-none-eabi/13.2.1/../../../arm-none-eabi/lib/thumb/v7-m/nofp/libc_nano.a(libc_a-reent.o)
                0x20000668                errno
 .bss           0x2000066c        0x4 /usr/lib/gcc/arm-none-eabi/13.2.1/../../../arm-none-eabi/lib/thumb/v7-m/nofp/libnosys.a(sbrk.o)
 *(.bss*)
 .bss.SpeedPidFloats
                0x20000670       0x20 build_slota/main.o
                0x20000670                SpeedPidFloats
 .bss.PositionPidFloats
                0x20000690       0x20 build_slota/main.o
                0x20000690                PositionPidFloats
 .bss.dspeeds   0x200006b0        0x8 build_slota/main.o
                0x200006b0                dspeeds
 .bss.pwms      0x200006b8        0x8 build_slota/main.o
                0x200006b8                pwms
 .bss.debug_counter
                0x200006c0        0x4 build_slota/main.o
                0x200006c0                debug_counter
 .bss.buzzerLen
                0x200006c4        0x4 build_slota/main.o
                0x200006c4                buzzerLen
 .bss.powerofftimer
                0x200006c8        0x4 build_slota/main.o
                0x200006c8                powerofftimer
 .bss.disablepoweroff
                0x200006cc        0x1 build_slota/main.o
                0x200006cc                disablepoweroff
 *fill*         0x200006cd        0x3 
 .bss.control_type
                0x200006d0        0x4 build_slota/main.o
                0x200006d0                control_type
 .bss.sensor_control
                0x200006d4        0x4 build_slota/main.o
                0x200006d4                sensor_control
 .bss.ADCcontrolActive
                0x200006d8        0x1 build_slota/main.o
                0x200006d8                ADCcontrolActive
 *fill*         0x200006d9        0x3 
 .bss.offsetcount
                0x200006dc        0x4 build_slota/bldc.o
                0x200006dc                offsetcount
 .bss.bldc_count_per_hall_counter
                0x200006e0        0x8 build_slota/bldc.o
                0x200006e0                bldc_count_per_hall_counter
 .bss.bldc_count
                0x200006e8        0x4 build_slota/bldc.o
                0x200006e8                bldc_count
 *fill*         0x200006ec        0x4 
 .bss.bldc_counter
                0x200006f0        0x8 build_slota/bldc.o
                0x200006f0                bldc_counter
 .bss.enable    0x200006f8        0x1 build_slota/bldc.o
                0x200006f8                enable
 *fill*         0x200006f9        0x3 
 .bss.buzzerTimer
                0x200006fc        0x4 build_slota/bldc.o
                0x200006fc                buzzerTimer
 .bss.buzzerPattern
                0x20000700        0x4 build_slota/bldc.o
                0x20000700                buzzerPattern
 .bss.buzzerFreq
                0x20000704        0x4 build_slota/bldc.o
                0x20000704                buzzerFreq
 .bss.pwmr      0x20000708        0x4 build_slota/bldc.o
                0x20000708                pwmr
 .bss.pwml      0x2000070c        0x4 build_slota/bldc.o
                0x2000070c                pwml
 .bss.timerval  0x20000710        0x4 build_slota/softwareserial.o
                0x20000710                timerval
 *fill*         0x20000714        0x4 
 .bss.now_us    0x20000718        0x8 build_slota/hallinterrupts.o
 .bss.timerwraps
                0x20000720        0x8 build_slota/hallinterrupts.o
                0x20000720                timerwraps
 .bss.bldc_count_per_hall
                0x20000728        0x8 build_slota/hallinterrupts.o
                0x20000728                bldc_count_per_hall
 .bss.ProtocolcountData
                0x20000730       0x24 build_slota/protocol.o
                0x20000730                ProtocolcountData
 .bss.line_functions
                0x20000754      0x800 build_slota/ascii_protocol.o
 .bss.immediate_functions
                0x20000f54      0x800 build_slota/ascii_protocol.o
 .bss.steerB    0x20001754        0x4 build_slota/ascii_proto_funcs.o
 .bss.speedB    0x20001758        0x4 build_slota/ascii_proto_funcs.o
 .bss.BuzzerData
                0x2000175c        0x4 build_slota/protocolfunctions.o
                0x2000175c                BuzzerData
 .bss.protocol_enable
                0x20001760        0x1 build_slota/protocolfunctions.o
                0x20001760                protocol_enable
 .bss.tx_slot.3
                0x20001761        0x1 build_slota/mcp2515.o
 .bss.spi_mode  0x20001762        0x1 build_slota/software_spi.o
 .bss.motor_status_counter.0
                0x20001763        0x1 build_slota/can_bus.o
 .bss.verbose_counter.1
                0x20001764        0x1 build_slota/can_bus.o
 *fill*         0x20001765        0x3 
 .bss.can_stats
                0x20001768       0x30 build_slota/can_bus.o
 .bss.rx_frame  0x20001798       0x10 build_slota/can_bus.o
 .bss.can_status_bootup
                0x200017a8        0x4 build_slota/can_bus.o
 .bss.can_status_batt
                0x200017ac        0x4 build_slota/can_bus.o
 .bss.can_status_pos
                0x200017b0        0x4 build_slota/can_bus.o
 .bss.can_status_speed
                0x200017b4        0x4 build_slota/can_bus.o
 .bss.can_cmd_enable
                0x200017b8        0x4 build_slota/can_bus.o
 .bss.can_cmd_position
                0x200017bc        0x4 build_slota/can_bus.o
 .bss.can_cmd_speed
                0x200017c0        0x4 build_slota/can_bus.o
 .bss.can_cmd_pwm
                0x200017c4        0x4 build_slota/can_bus.o
 .bss.usart_mode_active
                0x200017c8        0x1 build_slota/can_bus.o
                0x200017c8                usart_mode_active
 .bss.can_mode_active
                0x200017c9        0x1 build_slota/can_bus.o
                0x200017c9                can_mode_active
 *(COMMON)
 *fill*         0x200017ca        0x6 
 COMMON         0x200017d0       0x20 build_slota/stm32f1xx_hal_flash.o
                0x200017d0                pFlash
 COMMON         0x200017f0        0x4 build_slota/stm32f1xx_hal.o
                0x200017f0                uwTick
 COMMON         0x200017f4      0x2dc build_slota/setup.o
                0x200017f4                hdma_usart2_rx
                0x20001838                huart3
                0x20001878                hadc2
                0x200018a8                hi2c2
                0x200018fc                htim_right
                0x2000193c                hdma_i2c2_rx
                0x20001980                hdma_i2c2_tx
                0x200019c4                hadc1
                0x200019f4                hdma_usart2_tx
                0x20001a38                adc_buffer
                0x20001a50                huart2
                0x20001a90                htim_left
 COMMON         0x20001ad0      0x188 build_slota/main.o
                0x20001ad0                adctFiltered
                0x20001ad8                SpeedPid
                0x20001b40                xytPosn
                0x20001b4c                button2_ADC
                0x20001b50                inactivity_timeout_counter
                0x20001b54                power_button_info
                0x20001b60                button1_ADC
                0x20001b64                PositionPid
                0x20001bcc                deadreconer
                0x20001bd0                FlashContent
                0x20001c20                adcrFiltered
                0x20001c28                button2
                0x20001c2c                cmd2
                0x20001c30                steer
                0x20001c34                speed
                0x20001c38                button1
                0x20001c40                cmd2_ADC
                0x20001c48                cmd1
                0x20001c50                cmd1_ADC
 COMMON         0x20001c58       0xa0 build_slota/bldc.o
                0x20001c58                rtY_Right
                0x20001c6c                rtDW_Left
                0x20001c90                rtY_Left
                0x20001ca4                rtU_Right
                0x20001cac                rtDW_Right
                0x20001cd0                rtU_Left
                0x20001cd8                rtM_Right_
                0x20001ce8                rtM_Left_
 COMMON         0x20001cf8       0x74 build_slota/comms.o
                0x20001cf8                uart_buf
                0x20001d5c                ch_buf
 COMMON         0x20001d6c      0x8b0 build_slota/softwareserial.o
                0x20001d6c                softwareserialRXbuffer
                0x20002184                softwareserialTXbuffer
                0x2000259c                softwareserialtimer
                0x200025dc                softwareserialtimerTX
 *fill*         0x2000261c        0x4 
 COMMON         0x20002620      0x184 build_slota/hallinterrupts.o
                0x20002620                hall_wl
                0x20002621                hall_vl
                0x20002628                timeStats
                0x200026b0                hall_wr
                0x200026b4                local_hall_params
                0x20002716                hall_vr
                0x20002717                hall_ul
                0x20002718                hall_ur
                0x2000271c                HallData
                0x20002764                h_timer_hall
 COMMON         0x200027a4      0x1fd build_slota/protocol.o
                0x200027a4                contentbuf
                0x200028a4                paramstat_descriptions
 *fill*         0x200029a1        0x3 
 COMMON         0x200029a4     0x127c build_slota/protocolfunctions.o
                0x200029a4                Position
                0x200029b4                RawPosition
                0x200029c4                sSoftwareSerial
                0x20003c18                PositionIncr
                0x20003c20                        . = ALIGN (0x4)
                0x20003c20                        _ebss = .
                0x20003c20                        __bss_end__ = _ebss

._user_heap_stack
                0x20003c20      0x600
                0x20003c20                        . = ALIGN (0x8)
                0x20003c20                        PROVIDE (end = .)
                [!provide]                        PROVIDE (_end = .)
                0x20003e20                        . = (. + _Min_Heap_Size)
 *fill*         0x20003c20      0x200 
                0x20004220                        . = (. + _Min_Stack_Size)
 *fill*         0x20003e20      0x400 
                0x20004220                        . = ALIGN (0x8)

/DISCARD/
 libc.a(*)
 libm.a(*)
 libgcc.a(*)

.ARM.attributes
                0x00000000       0x29
 *(.ARM.attributes)
 .ARM.attributes
                0x00000000       0x1d /usr/lib/gcc/arm-none-eabi/13.2.1/thumb/v7-m/nofp/crti.o
 .ARM.attributes
                0x0000001d       0x2d /usr/lib/gcc/arm-none-eabi/13.2.1/thumb/v7-m/nofp/crtbegin.o
 .ARM.attributes
                0x0000004a       0x2d build_slota/stm32f1xx_hal_flash.o
 .ARM.attributes
                0x00000077       0x2d build_slota/stm32f1xx_hal_rcc.o
 .ARM.attributes
                0x000000a4       0x2d build_slota/stm32f1xx_hal_tim.o
 .ARM.attributes
                0x000000d1       0x2d build_slota/stm32f1xx_hal_tim_ex.o
 .ARM.attributes
                0x000000fe       0x2d build_slota/stm32f1xx_hal_adc_ex.o
 .ARM.attributes
                0x0000012b       0x2d build_slota/stm32f1xx_hal_cortex.o
 .ARM.attributes
                0x00000158       0x2d build_slota/stm32f1xx_hal_flash_ex.o
 .ARM.attributes
                0x00000185       0x2d build_slota/stm32f1xx_hal_gpio.o
 .ARM.attributes
                0x000001b2       0x2d build_slota/stm32f1xx_hal_rcc_ex.o
 .ARM.attributes
                0x000001df       0x2d build_slota/stm32f1xx_hal.o
 .ARM.attributes
                0x0000020c       0x2d build_slota/stm32f1xx_hal_adc.o
 .ARM.attributes
                0x00000239       0x2d build_slota/system_stm32f1xx.o
 .ARM.attributes
                0x00000266       0x2d build_slota/setup.o
 .ARM.attributes
                0x00000293       0x2d build_slota/control.o
 .ARM.attributes
                0x000002c0       0x2d build_slota/main.o
 .ARM.attributes
                0x000002ed       0x2d build_slota/bldc.o
 .ARM.attributes
                0x0000031a       0x2d build_slota/comms.o
 .ARM.attributes
                0x00000347       0x2d build_slota/softwareserial.o
 .ARM.attributes
                0x00000374       0x2d build_slota/hallinterrupts.o
 .ARM.attributes
                0x000003a1       0x2d build_slota/flashaccess.o
 .ARM.attributes
                0x000003ce       0x2d build_slota/stm32f1xx_it.o
 .ARM.attributes
                0x000003fb       0x2d build_slota/pid.o
 .ARM.attributes
                0x00000428       0x2d build_slota/deadreckoner.o
 .ARM.attributes
                0x00000455       0x2d build_slota/protocol.o
 .ARM.attributes
                0x00000482       0x2d build_slota/machine_protocol.o
 .ARM.attributes
                0x000004af       0x2d build_slota/ascii_protocol.o
 .ARM.attributes
                0x000004dc       0x2d build_slota/cobsr.o
 .ARM.attributes
                0x00000509       0x2d build_slota/ascii_proto_funcs.o
 .ARM.attributes
                0x00000536       0x2d build_slota/protocolfunctions.o
 .ARM.attributes
                0x00000563       0x2d build_slota/BLDC_controller_data.o
 .ARM.attributes
                0x00000590       0x2d build_slota/BLDC_controller.o
 .ARM.attributes
                0x000005bd       0x2d build_slota/mcp2515.o
 .ARM.attributes
                0x000005ea       0x2d build_slota/software_spi.o
 .ARM.attributes
                0x00000617       0x2d build_slota/can_bus.o
 .ARM.attributes
                0x00000644       0x21 build_slota/startup_stm32f103xe.o
 .ARM.attributes
                0x00000665       0x2d /usr/lib/gcc/arm-none-eabi/13.2.1/../../../arm-none-eabi/lib/thumb/v7-m/nofp/libc_nano.a(libc_a-sprintf.o)
 .ARM.attributes
                0x00000692       0x2d /usr/lib/gcc/arm-none-eabi/13.2.1/../../../arm-none-eabi/lib/thumb/v7-m/nofp/libc_nano.a(libc_a-strlen-stub.o)
 .ARM.attributes
                0x000006bf       0x2d /usr/lib/gcc/arm-none-eabi/13.2.1/../../../arm-none-eabi/lib/thumb/v7-m/nofp/libc_nano.a(libc_a-strcat.o)
 .ARM.attributes
                0x000006ec       0x2d /usr/lib/gcc/arm-none-eabi/13.2.1/../../../arm-none-eabi/lib/thumb/v7-m/nofp/libc_nano.a(libc_a-strcpy.o)
 .ARM.attributes
                0x00000719       0x2d /usr/lib/gcc/arm-none-eabi/13.2.1/../../../arm-none-eabi/lib/thumb/v7-m/nofp/libc_nano.a(libc_a-impure.o)
 .ARM.attributes
                0x00000746       0x2d /usr/lib/gcc/arm-none-eabi/13.2.1/../../../arm-none-eabi/lib/thumb/v7-m/nofp/libc_nano.a(libc_a-nano-svfprintf.o)
 .ARM.attributes
                0x00000773       0x2d /usr/lib/gcc/arm-none-eabi/13.2.1/../../../arm-none-eabi/lib/thumb/v7-m/nofp/libc_nano.a(libc_a-init.o)
 .ARM.attributes
                0x000007a0       0x2d /usr/lib/gcc/arm-none-eabi/13.2.1/../../../arm-none-eabi/lib/thumb/v7-m/nofp/libc_nano.a(libc_a-sscanf.o)
 .ARM.attributes
                0x000007cd       0x2d /usr/lib/gcc/arm-none-eabi/13.2.1/../../../arm-none-eabi/lib/thumb/v7-m/nofp/libc_nano.a(libc_a-calloc.o)
 .ARM.attributes
                0x000007fa       0x2d /usr/lib/gcc/arm-none-eabi/13.2.1/../../../arm-none-eabi/lib/thumb/v7-m/nofp/libc_nano.a(libc_a-memset.o)
 .ARM.attributes
                0x00000827       0x2d /usr/lib/gcc/arm-none-eabi/13.2.1/../../../arm-none-eabi/lib/thumb/v7-m/nofp/libc_nano.a(libc_a-callocr.o)
 .ARM.attributes
                0x00000854       0x2d /usr/lib/gcc/arm-none-eabi/13.2.1/../../../arm-none-eabi/lib/thumb/v7-m/nofp/libc_nano.a(libc_a-mallocr.o)
 .ARM.attributes
                0x00000881       0x2d /usr/lib/gcc/arm-none-eabi/13.2.1/../../../arm-none-eabi/lib/thumb/v7-m/nofp/libc_nano.a(libc_a-freer.o)
 .ARM.attributes
                0x000008ae       0x2d /usr/lib/gcc/arm-none-eabi/13.2.1/../../../arm-none-eabi/lib/thumb/v7-m/nofp/libc_nano.a(libc_a-memmove.o)
 .ARM.attributes
                0x000008db       0x2d /usr/lib/gcc/arm-none-eabi/13.2.1/../../../arm-none-eabi/lib/thumb/v7-m/nofp/libc_nano.a(libc_a-atoi.o)
 .ARM.attributes
                0x00000908       0x2d /usr/lib/gcc/arm-none-eabi/13.2.1/../../../arm-none-eabi/lib/thumb/v7-m/nofp/libc_nano.a(libc_a-strtol.o)
 .ARM.attributes
                0x00000935       0x1b /usr/lib/gcc/arm-none-eabi/13.2.1/../../../arm-none-eabi/lib/thumb/v7-m/nofp/libc_nano.a(libc_a-memcpy.o)
 .ARM.attributes
                0x00000950       0x2d /usr/lib/gcc/arm-none-eabi/13.2.1/../../../arm-none-eabi/lib/thumb/v7-m/nofp/libc_nano.a(libc_a-malloc.o)
 .ARM.attributes
                0x0000097d       0x2d /usr/lib/gcc/arm-none-eabi/13.2.1/../../../arm-none-eabi/lib/thumb/v7-m/nofp/libc_nano.a(libc_a-strncpy.o)
 .ARM.attributes
                0x000009aa       0x2d /usr/lib/gcc/arm-none-eabi/13.2.1/../../../arm-none-eabi/lib/thumb/v7-m/nofp/libc_nano.a(libc_a-reallocr.o)
 .ARM.attributes
                0x000009d7       0x2d /usr/lib/gcc/arm-none-eabi/13.2.1/../../../arm-none-eabi/lib/thumb/v7-m/nofp/libc_nano.a(libc_a-nano-vfprintf_i.o)
 .ARM.attributes
                0x00000a04       0x2d /usr/lib/gcc/arm-none-eabi/13.2.1/../../../arm-none-eabi/lib/thumb/v7-m/nofp/libc_nano.a(libc_a-mlock.o)
 .ARM.attributes
                0x00000a31       0x2d /usr/lib/gcc/arm-none-eabi/13.2.1/../../../arm-none-eabi/lib/thumb/v7-m/nofp/libc_nano.a(libc_a-strncmp.o)
 .ARM.attributes
                0x00000a5e       0x2d /usr/lib/gcc/arm-none-eabi/13.2.1/../../../arm-none-eabi/lib/thumb/v7-m/nofp/libc_nano.a(libc_a-ctype_.o)
 .ARM.attributes
                0x00000a8b       0x2d /usr/lib/gcc/arm-none-eabi/13.2.1/../../../arm-none-eabi/lib/thumb/v7-m/nofp/libc_nano.a(libc_a-memchr-stub.o)
 .ARM.attributes
                0x00000ab8       0x2d /usr/lib/gcc/arm-none-eabi/13.2.1/../../../arm-none-eabi/lib/thumb/v7-m/nofp/libc_nano.a(libc_a-snprintf.o)
 .ARM.attributes
                0x00000ae5       0x2d /usr/lib/gcc/arm-none-eabi/13.2.1/../../../arm-none-eabi/lib/thumb/v7-m/nofp/libc_nano.a(libc_a-sbrkr.o)
 .ARM.attributes
                0x00000b12       0x2d /usr/lib/gcc/arm-none-eabi/13.2.1/../../../arm-none-eabi/lib/thumb/v7-m/nofp/libc_nano.a(libc_a-stdio.o)
 .ARM.attributes
                0x00000b3f       0x2d /usr/lib/gcc/arm-none-eabi/13.2.1/../../../arm-none-eabi/lib/thumb/v7-m/nofp/libc_nano.a(libc_a-msizer.o)
 .ARM.attributes