Archive member included to satisfy reference by file (symbol)

/usr/lib/gcc/arm-none-eabi/13.2.1/../../../arm-none-eabi/lib/thumb/v7-m/nofp/libc_nano.a(libc_a-sprintf.o)
                              build_slota/main.o (sprintf)
/usr/lib/gcc/arm-none-eabi/13.2.1/../../../arm-none-eabi/lib/thumb/v7-m/nofp/libc_nano.a(libc_a-strlen-stub.o)
                              build_slota/comms.o (strlen)
/usr/lib/gcc/arm-none-eabi/13.2.1/../../../arm-none-eabi/lib/thumb/v7-m/nofp/libc_nano.a(libc_a-strcat.o)
                              build_slota/ascii_proto_funcs.o (strcat)
/usr/lib/gcc/arm-none-eabi/13.2.1/../../../arm-none-eabi/lib/thumb/v7-m/nofp/libc_nano.a(libc_a-strcpy.o)
                              build_slota/protocol.o (strcpy)
/usr/lib/gcc/arm-none-eabi/13.2.1/../../../arm-none-eabi/lib/thumb/v7-m/nofp/libc_nano.a(libc_a-impure.o)
                              /usr/lib/gcc/arm-none-eabi/13.2.1/../../../arm-none-eabi/lib/thumb/v7-m/nofp/libc_nano.a(libc_a-sprintf.o) (_impure_ptr)
/usr/lib/gcc/arm-none-eabi/13.2.1/../../../arm-none-eabi/lib/thumb/v7-m/nofp/libc_nano.a(libc_a-nano-svfprintf.o)
                              /usr/lib/gcc/arm-none-eabi/13.2.1/../../../arm-none-eabi/lib/thumb/v7-m/nofp/libc_nano.a(libc_a-sprintf.o) (_svfprintf_r)
/usr/lib/gcc/arm-none-eabi/13.2.1/../../../arm-none-eabi/lib/thumb/v7-m/nofp/libc_nano.a(libc_a-init.o)
                              /usr/lib/gcc/arm-none-eabi/13.2.1/../../../arm-none-eabi/lib/thumb/v7-m/nofp/crt0.o (__libc_init_array)
/usr/lib/gcc/arm-none-eabi/13.2.1/../../../arm-none-eabi/lib/thumb/v7-m/nofp/libc_nano.a(libc_a-sscanf.o)
                              build_slota/ascii_proto_funcs.o (sscanf)
/usr/lib/gcc/arm-none-eabi/13.2.1/../../../arm-none-eabi/lib/thumb/v7-m/nofp/libc_nano.a(libc_a-calloc.o)
                              build_slota/deadreckoner.o (calloc)
/usr/lib/gcc/arm-none-eabi/13.2.1/../../../arm-none-eabi/lib/thumb/v7-m/nofp/libc_nano.a(libc_a-memset.o)
                              /usr/lib/gcc/arm-none-eabi/13.2.1/../../../arm-none-eabi/lib/thumb/v7-m/nofp/crt0.o (memset)
/usr/lib/gcc/arm-none-eabi/13.2.1/../../../arm-none-eabi/lib/thumb/v7-m/nofp/libc_nano.a(libc_a-callocr.o)
                              /usr/lib/gcc/arm-none-eabi/13.2.1/../../../arm-none-eabi/lib/thumb/v7-m/nofp/libc_nano.a(libc_a-calloc.o) (_calloc_r)
/usr/lib/gcc/arm-none-eabi/13.2.1/../../../arm-none-eabi/lib/thumb/v7-m/nofp/libc_nano.a(libc_a-mallocr.o)
                              /usr/lib/gcc/arm-none-eabi/13.2.1/../../../arm-none-eabi/lib/thumb/v7-m/nofp/libc_nano.a(libc_a-nano-svfprintf.o) (_malloc_r)
/usr/lib/gcc/arm-none-eabi/13.2.1/../../../arm-none-eabi/lib/thumb/v7-m/nofp/libc_nano.a(libc_a-freer.o)
                              /usr/lib/gcc/arm-none-eabi/13.2.1/../../../arm-none-eabi/lib/thumb/v7-m/nofp/libc_nano.a(libc_a-nano-svfprintf.o) (_free_r)
/usr/lib/gcc/arm-none-eabi/13.2.1/../../../arm-none-eabi/lib/thumb/v7-m/nofp/libc_nano.a(libc_a-memmove.o)
                              /usr/lib/gcc/arm-none-eabi/13.2.1/../../../arm-none-eabi/lib/thumb/v7-m/nofp/libc_nano.a(libc_a-nano-svfprintf.o) (memmove)
/usr/lib/gcc/arm-none-eabi/13.2.1/../../../arm-none-eabi/lib/thumb/v7-m/nofp/libc_nano.a(libc_a-atoi.o)
                              build_slota/ascii_proto_funcs.o (atoi)
/usr/lib/gcc/arm-none-eabi/13.2.1/../../../arm-none-eabi/lib/thumb/v7-m/nofp/libc_nano.a(libc_a-strtol.o)
                              /usr/lib/gcc/arm-none-eabi/13.2.1/../../../arm-none-eabi/lib/thumb/v7-m/nofp/libc_nano.a(libc_a-atoi.o) (_strtol_r)
/usr/lib/gcc/arm-none-eabi/13.2.1/../../../arm-none-eabi/lib/thumb/v7-m/nofp/libc_nano.a(libc_a-memcpy.o)
                              build_slota/main.o (memcpy)
/usr/lib/gcc/arm-none-eabi/13.2.1/../../../arm-none-eabi/lib/thumb/v7-m/nofp/libc_nano.a(libc_a-malloc.o)
                              build_slota/sensorcoms.o (malloc)
/usr/lib/gcc/arm-none-eabi/13.2.1/../../../arm-none-eabi/lib/thumb/v7-m/nofp/libc_nano.a(libc_a-strncpy.o)
                              build_slota/ascii_protocol.o (strncpy)
/usr/lib/gcc/arm-none-eabi/13.2.1/../../../arm-none-eabi/lib/thumb/v7-m/nofp/libc_nano.a(libc_a-reallocr.o)
                              /usr/lib/gcc/arm-none-eabi/13.2.1/../../../arm-none-eabi/lib/thumb/v7-m/nofp/libc_nano.a(libc_a-nano-svfprintf.o) (_realloc_r)
/usr/lib/gcc/arm-none-eabi/13.2.1/../../../arm-none-eabi/lib/thumb/v7-m/nofp/libc_nano.a(libc_a-nano-vfprintf_i.o)
                              /usr/lib/gcc/arm-none-eabi/13.2.1/../../../arm-none-eabi/lib/thumb/v7-m/nofp/libc_nano.a(libc_a-nano-svfprintf.o) (_printf_i)
/usr/lib/gcc/arm-none-eabi/13.2.1/../../../arm-none-eabi/lib/thumb/v7-m/nofp/libc_nano.a(libc_a-mlock.o)
                              /usr/lib/gcc/arm-none-eabi/13.2.1/../../../arm-none-eabi/lib/thumb/v7-m/nofp/libc_nano.a(libc_a-mallocr.o) (__malloc_lock)
/usr/lib/gcc/arm-none-eabi/13.2.1/../../../arm-none-eabi/lib/thumb/v7-m/nofp/libc_nano.a(libc_a-strncmp.o)
[...]
Memory Configuration

Name             Origin             Length             Attributes
RAM              0x20000000         0x0000c000         xrw
FLASH            0x08008000         0x00018000         xr
*default*        0x00000000         0xffffffff

Linker script and memory map

LOAD /usr/lib/gcc/arm-none-eabi/13.2.1/thumb/v7-m/nofp/crti.o
LOAD /usr/lib/gcc/arm-none-eabi/13.2.1/thumb/v7-m/nofp/crtbegin.o
LOAD /usr/lib/gcc/arm-none-eabi/13.2.1/../../../arm-none-eabi/lib/thumb/v7-m/nofp/crt0.o
LOAD build_slota/stm32f1xx_hal_flash.o
LOAD build_slota/stm32f1xx_hal_pwr.o
LOAD build_slota/stm32f1xx_hal_rcc.o
LOAD build_slota/stm32f1xx_hal_tim.o
LOAD build_slota/stm32f1xx_hal_tim_ex.o
LOAD build_slota/stm32f1xx_hal_gpio_ex.o
LOAD build_slota/stm32f1xx_hal_adc_ex.o
LOAD build_slota/stm32f1xx_hal_cortex.o
LOAD build_slota/stm32f1xx_hal_flash_ex.o
LOAD build_slota/stm32f1xx_hal_gpio.o
LOAD build_slota/stm32f1xx_hal_rcc_ex.o
LOAD build_slota/stm32f1xx_hal.o
LOAD build_slota/stm32f1xx_hal_adc.o
LOAD build_slota/stm32f1xx_hal_uart.o
LOAD build_slota/stm32f1xx_hal_i2c.o
LOAD build_slota/stm32f1xx_hal_dma.o
LOAD build_slota/system_stm32f1xx.o
LOAD build_slota/setup.o
LOAD build_slota/control.o
LOAD build_slota/main.o
LOAD build_slota/bldc.o
LOAD build_slota/comms.o
LOAD build_slota/sensorcoms.o
LOAD build_slota/softwareserial.o
LOAD build_slota/hallinterrupts.o
LOAD build_slota/flashaccess.o
LOAD build_slota/stm32f1xx_it.o
LOAD build_slota/pid.o
LOAD build_slota/deadreckoner.o
LOAD build_slota/protocol.o
LOAD build_slota/machine_protocol.o
LOAD build_slota/ascii_protocol.o
LOAD build_slota/cobsr.o
LOAD build_slota/ascii_proto_funcs.o
LOAD build_slota/protocolfunctions.o
LOAD build_slota/BLDC_controller_data.o
LOAD build_slota/BLDC_controller.o
LOAD build_slota/mcp2515.o
LOAD build_slota/software_spi.o
LOAD build_slota/can_bus.o
LOAD build_slota/startup_stm32f103xe.o
LOAD /usr/lib/gcc/arm-none-eabi/13.2.1/../../../arm-none-eabi/lib/thumb/v7-m/nofp/libc_nano.a
LOAD /usr/lib/gcc/arm-none-eabi/13.2.1/../../../arm-none-eabi/lib/thumb/v7-m/nofp/libm.a
LOAD /usr/lib/gcc/arm-none-eabi/13.2.1/../../../arm-none-eabi/lib/thumb/v7-m/nofp/libnosys.a
START GROUP
LOAD /usr/lib/gcc/arm-none-eabi/13.2.1/thumb/v7-m/nofp/libgcc.a
LOAD /usr/lib/gcc/arm-none-eabi/13.2.1/../../../arm-none-eabi/lib/thumb/v7-m/nofp/libc_nano.a
END GROUP
START GROUP
LOAD /usr/lib/gcc/arm-none-eabi/13.2.1/thumb/v7-m/nofp/libgcc.a
LOAD /usr/lib/gcc/arm-none-eabi/13.2.1/../../../arm-none-eabi/lib/thumb/v7-m/nofp/libc_nano.a
END GROUP
LOAD /usr/lib/gcc/arm-none-eabi/13.2.1/thumb/v7-m/nofp/crtend.o
LOAD /usr/lib/gcc/arm-none-eabi/13.2.1/thumb/v7-m/nofp/crtn.o
                0x2000c000                        _estack = 0x2000c000
                0x00000200                        _Min_Heap_Size = 0x200
                0x00000400                        _Min_Stack_Size = 0x400

.isr_vector     0x08008000      0x1e4
                0x08008000                        . = ALIGN (0x4)
 *(.isr_vector)
 .isr_vector    0x08008000      0x1e4 build_slota/startup_stm32f103xe.o
                0x08008000                g_pfnVectors
                0x080081e4                        . = ALIGN (0x4)

.text           0x080081e8     0xf428
                0x080081e8                        . = ALIGN (0x4)
 *(.text)
 .text          0x080081e8       0x88 /usr/lib/gcc/arm-none-eabi/13.2.1/thumb/v7-m/nofp/crtbegin.o
 .text          0x08008270       0x80 /usr/lib/gcc/arm-none-eabi/13.2.1/../../../arm-none-eabi/lib/thumb/v7-m/nofp/libc_nano.a(libc_a-sprintf.o)
                0x08008270                _siprintf_r
                0x08008270                _sprintf_r
                0x080082ac                sprintf
                0x080082ac                siprintf
 .text          0x080082f0       0x5c /usr/lib/gcc/arm-none-eabi/13.2.1/../../../arm-none-eabi/lib/thumb/v7-m/nofp/libc_nano.a(libc_a-strlen-stub.o)
                0x080082f0                strlen
 .text          0x0800834c       0x40 /usr/lib/gcc/arm-none-eabi/13.2.1/../../../arm-none-eabi/lib/thumb/v7-m/nofp/libc_nano.a(libc_a-strcat.o)
                0x0800834c                strcat
 .text          0x0800838c       0xbc /usr/lib/gcc/arm-none-eabi/13.2.1/../../../arm-none-eabi/lib/thumb/v7-m/nofp/libc_nano.a(libc_a-strcpy.o)
                0x0800838c                strcpy
 .text          0x08008448      0x400 /usr/lib/gcc/arm-none-eabi/13.2.1/../../../arm-none-eabi/lib/thumb/v7-m/nofp/libc_nano.a(libc_a-nano-svfprintf.o)
                0x08008448                __ssputs_r
                0x08008508                __ssprint_r
                0x08008618                _svfprintf_r
                0x08008618                _svfiprintf_r
 .text          0x08008848       0x50 /usr/lib/gcc/arm-none-eabi/13.2.1/../../../arm-none-eabi/lib/thumb/v7-m/nofp/libc_nano.a(libc_a-init.o)
                0x08008848                __libc_init_array
 .text          0x08008898       0xb0 /usr/lib/gcc/arm-none-eabi/13.2.1/../../../arm-none-eabi/lib/thumb/v7-m/nofp/libc_nano.a(libc_a-sscanf.o)
                0x08008898                sscanf
                0x08008898                siscanf
                0x080088f0                _siscanf_r
                0x080088f0                _sscanf_r
 .text          0x08008948       0x14 /usr/lib/gcc/arm-none-eabi/13.2.1/../../../arm-none-eabi/lib/thumb/v7-m/nofp/libc_nano.a(libc_a-calloc.o)
                0x08008948                calloc
 .text          0x0800895c       0xa0 /usr/lib/gcc/arm-none-eabi/13.2.1/../../../arm-none-eabi/lib/thumb/v7-m/nofp/libc_nano.a(libc_a-memset.o)
                0x0800895c                memset
 .text          0x080089fc       0x28 /usr/lib/gcc/arm-none-eabi/13.2.1/../../../arm-none-eabi/lib/thumb/v7-m/nofp/libc_nano.a(libc_a-callocr.o)
                0x080089fc                _calloc_r
 .text          0x08008a24      0x14c /usr/lib/gcc/arm-none-eabi/13.2.1/../../../arm-none-eabi/lib/thumb/v7-m/nofp/libc_nano.a(libc_a-mallocr.o)
                0x08008a70                _malloc_r
 .text          0x08008b70       0xbc /usr/lib/gcc/arm-none-eabi/13.2.1/../../../arm-none-eabi/lib/thumb/v7-m/nofp/libc_nano.a(libc_a-freer.o)
                0x08008b70                _free_r
 .text          0x08008c2c       0xfc /usr/lib/gcc/arm-none-eabi/13.2.1/../../../arm-none-eabi/lib/thumb/v7-m/nofp/libc_nano.a(libc_a-memmove.o)
                0x08008c2c                memmove
 .text          0x08008d28       0x10 /usr/lib/gcc/arm-none-eabi/13.2.1/../../../arm-none-eabi/lib/thumb/v7-m/nofp/libc_nano.a(libc_a-atoi.o)
                0x08008d28                atoi
                0x08008d30                _atoi_r
 .text          0x08008d38      0x174 /usr/lib/gcc/arm-none-eabi/13.2.1/../../../arm-none-eabi/lib/thumb/v7-m/nofp/libc_nano.a(libc_a-strtol.o)
                0x08008e70                _strtol_r
                0x08008e74                strtol_l
                0x08008e90                strtol
 .text          0x08008eac       0xec /usr/lib/gcc/arm-none-eabi/13.2.1/../../../arm-none-eabi/lib/thumb/v7-m/nofp/libc_nano.a(libc_a-memcpy.o)
                0x08008eac                memcpy
 .text          0x08008f98       0x20 /usr/lib/gcc/arm-none-eabi/13.2.1/../../../arm-none-eabi/lib/thumb/v7-m/nofp/libc_nano.a(libc_a-malloc.o)
                0x08008f98                malloc
                0x08008fa8                free
 .text          0x08008fb8       0x6c /usr/lib/gcc/arm-none-eabi/13.2.1/../../../arm-none-eabi/lib/thumb/v7-m/nofp/libc_nano.a(libc_a-strncpy.o)
                0x08008fb8                strncpy
 .text          0x08009024       0x64 /usr/lib/gcc/arm-none-eabi/13.2.1/../../../arm-none-eabi/lib/thumb/v7-m/nofp/libc_nano.a(libc_a-reallocr.o)
                0x08009024                _realloc_r
 .text          0x08009088      0x3a8 /usr/lib/gcc/arm-none-eabi/13.2.1/../../../arm-none-eabi/lib/thumb/v7-m/nofp/libc_nano.a(libc_a-nano-vfprintf_i.o)
                0x08009088                _printf_common
                0x080091ac                _printf_i
 .text          0x08009430        0x8 /usr/lib/gcc/arm-none-eabi/13.2.1/../../../arm-none-eabi/lib/thumb/v7-m/nofp/libc_nano.a(libc_a-mlock.o)
                0x08009430                __malloc_lock
                0x08009434                __malloc_unlock
 .text          0x08009438       0x8c /usr/lib/gcc/arm-none-eabi/13.2.1/../../../arm-none-eabi/lib/thumb/v7-m/nofp/libc_nano.a(libc_a-strncmp.o)
                0x08009438                strncmp
 .text          0x080094c4       0x98 /usr/lib/gcc/arm-none-eabi/13.2.1/../../../arm-none-eabi/lib/thumb/v7-m/nofp/libc_nano.a(libc_a-memchr-stub.o)
                0x080094c4                memchr
 .text          0x0800955c      0x10c /usr/lib/gcc/arm-none-eabi/13.2.1/../../../arm-none-eabi/lib/thumb/v7-m/nofp/libc_nano.a(libc_a-snprintf.o)
                0x0800955c                _sniprintf_r
                0x0800955c                _snprintf_r
                0x080095dc                snprintf
                0x080095dc                sniprintf
 .text          0x08009668       0x24 /usr/lib/gcc/arm-none-eabi/13.2.1/../../../arm-none-eabi/lib/thumb/v7-m/nofp/libc_nano.a(libc_a-sbrkr.o)
                0x08009668                _sbrk_r
 .text          0x0800968c       0x94 /usr/lib/gcc/arm-none-eabi/13.2.1/../../../arm-none-eabi/lib/thumb/v7-m/nofp/libc_nano.a(libc_a-stdio.o)
                0x0800968c                __sread
                0x080096b0                __seofread
                0x080096b4                __swrite
                0x080096f4                __sseek
                0x08009718                __sclose
 .text          0x08009720       0x10 /usr/lib/gcc/arm-none-eabi/13.2.1/../../../arm-none-eabi/lib/thumb/v7-m/nofp/libc_nano.a(libc_a-msizer.o)
                0x08009720                _malloc_usable_size_r
 .text          0x08009730      0x434 /usr/lib/gcc/arm-none-eabi/13.2.1/../../../arm-none-eabi/lib/thumb/v7-m/nofp/libc_nano.a(libc_a-nano-svfscanf.o)
                0x08009730                _sungetc_r
                0x080097ac                __ssrefill_r
                0x080097e4                __ssvfscanf_r
                0x080097e4                __ssvfiscanf_r
 .text          0x08009b64      0x2fc /usr/lib/gcc/arm-none-eabi/13.2.1/../../../arm-none-eabi/lib/thumb/v7-m/nofp/libc_nano.a(libc_a-nano-vfscanf_i.o)
                0x08009b64                _scanf_chars
                0x08009c30                _scanf_i
 .text          0x08009e60      0x224 /usr/lib/gcc/arm-none-eabi/13.2.1/../../../arm-none-eabi/lib/thumb/v7-m/nofp/libc_nano.a(libc_a-findfp.o)
                0x08009f90                __sfp
                0x0800a034                __sinit
                0x0800a054                __sfp_lock_acquire
                0x0800a058                __sfp_lock_release
                0x0800a05c                __fp_lock_all
                0x0800a070                __fp_unlock_all
 .text          0x0800a084       0x24 /usr/lib/gcc/arm-none-eabi/13.2.1/../../../arm-none-eabi/lib/thumb/v7-m/nofp/libc_nano.a(libc_a-closer.o)
                0x0800a084                _close_r
 .text          0x0800a0a8      0x198 /usr/lib/gcc/arm-none-eabi/13.2.1/../../../arm-none-eabi/lib/thumb/v7-m/nofp/libc_nano.a(libc_a-fflush.o)
                0x0800a0a8                __sflush_r
                0x0800a1bc                _fflush_r
                0x0800a1f4                fflush
 .text          0x0800a240        0xc /usr/lib/gcc/arm-none-eabi/13.2.1/../../../arm-none-eabi/lib/thumb/v7-m/nofp/libc_nano.a(libc_a-errno.o)
                0x0800a240                __errno
 .text          0x0800a24c       0x44 /usr/lib/gcc/arm-none-eabi/13.2.1/../../../arm-none-eabi/lib/thumb/v7-m/nofp/libc_nano.a(libc_a-fwalk.o)
                0x0800a24c                _fwalk_sglue
 .text          0x0800a290       0x2c /usr/lib/gcc/arm-none-eabi/13.2.1/../../../arm-none-eabi/lib/thumb/v7-m/nofp/libc_nano.a(libc_a-readr.o)
                0x0800a290                _read_r
 .text          0x0800a2bc       0x9c /usr/lib/gcc/arm-none-eabi/13.2.1/../../../arm-none-eabi/lib/thumb/v7-m/nofp/libc_nano.a(libc_a-sccl.o)
                0x0800a2bc                __sccl
 .text          0x0800a358       0x2c /usr/lib/gcc/arm-none-eabi/13.2.1/../../../arm-none-eabi/lib/thumb/v7-m/nofp/libc_nano.a(libc_a-lseekr.o)
                0x0800a358                _lseek_r
 .text          0x0800a384      0x148 /usr/lib/gcc/arm-none-eabi/13.2.1/../../../arm-none-eabi/lib/thumb/v7-m/nofp/libc_nano.a(libc_a-ungetc.o)
                0x0800a384                __submore
                0x0800a3f8                _ungetc_r
                0x0800a4b8                ungetc
 .text          0x0800a4cc       0x2c /usr/lib/gcc/arm-none-eabi/13.2.1/../../../arm-none-eabi/lib/thumb/v7-m/nofp/libc_nano.a(libc_a-writer.o)
                0x0800a4cc                _write_r
 .text          0x0800a4f8      0x170 /usr/lib/gcc/arm-none-eabi/13.2.1/../../../arm-none-eabi/lib/thumb/v7-m/nofp/libc_nano.a(libc_a-strtoul.o)
                0x0800a62c                _strtoul_r
                0x0800a630                strtoul_l
                0x0800a64c                strtoul
 .text          0x0800a668       0x94 /usr/lib/gcc/arm-none-eabi/13.2.1/../../../arm-none-eabi/lib/thumb/v7-m/nofp/libm.a(libm_a-s_sin.o)
                0x0800a668                sin
 *fill*         0x0800a6fc        0x4 
 .text          0x0800a700      0x40c /usr/lib/gcc/arm-none-eabi/13.2.1/../../../arm-none-eabi/lib/thumb/v7-m/nofp/libm.a(libm_a-e_rem_pio2.o)
                0x0800a700                __ieee754_rem_pio2
 .text          0x0800ab0c      0x824 /usr/lib/gcc/arm-none-eabi/13.2.1/../../../arm-none-eabi/lib/thumb/v7-m/nofp/libm.a(libm_a-k_rem_pio2.o)
                0x0800ab0c                __kernel_rem_pio2
 .text          0x0800b330       0xfc /usr/lib/gcc/arm-none-eabi/13.2.1/../../../arm-none-eabi/lib/thumb/v7-m/nofp/libm.a(libm_a-s_scalbn.o)
                0x0800b330                scalbn
 *fill*         0x0800b42c        0x4 
 .text          0x0800b430      0x16c /usr/lib/gcc/arm-none-eabi/13.2.1/../../../arm-none-eabi/lib/thumb/v7-m/nofp/libm.a(libm_a-k_sin.o)
                0x0800b430                __kernel_sin
 .text          0x0800b59c       0x88 /usr/lib/gcc/arm-none-eabi/13.2.1/../../../arm-none-eabi/lib/thumb/v7-m/nofp/libm.a(libm_a-s_cos.o)
                0x0800b59c                cos
 *fill*         0x0800b624        0x4 
 .text          0x0800b628      0x108 /usr/lib/gcc/arm-none-eabi/13.2.1/../../../arm-none-eabi/lib/thumb/v7-m/nofp/libm.a(libm_a-s_floor.o)
                0x0800b628                floor
 .text          0x0800b730      0x250 /usr/lib/gcc/arm-none-eabi/13.2.1/../../../arm-none-eabi/lib/thumb/v7-m/nofp/libm.a(libm_a-k_cos.o)
                0x0800b730                __kernel_cos
 .text          0x0800b980        0x8 /usr/lib/gcc/arm-none-eabi/13.2.1/../../../arm-none-eabi/lib/thumb/v7-m/nofp/libm.a(libm_a-s_fabs.o)
                0x0800b980                fabs
 .text          0x0800b988       0x10 /usr/lib/gcc/arm-none-eabi/13.2.1/../../../arm-none-eabi/lib/thumb/v7-m/nofp/libnosys.a(close.o)
                0x0800b988                _close
 .text          0x0800b998       0x10 /usr/lib/gcc/arm-none-eabi/13.2.1/../../../arm-none-eabi/lib/thumb/v7-m/nofp/libnosys.a(lseek.o)
                0x0800b998                _lseek
 .text          0x0800b9a8       0x10 /usr/lib/gcc/arm-none-eabi/13.2.1/../../../arm-none-eabi/lib/thumb/v7-m/nofp/libnosys.a(read.o)
                0x0800b9a8                _read
 .text          0x0800b9b8       0x1c /usr/lib/gcc/arm-none-eabi/13.2.1/../../../arm-none-eabi/lib/thumb/v7-m/nofp/libnosys.a(sbrk.o)
                0x0800b9b8                _sbrk
 .text          0x0800b9d4       0x10 /usr/lib/gcc/arm-none-eabi/13.2.1/../../../arm-none-eabi/lib/thumb/v7-m/nofp/libnosys.a(write.o)
                0x0800b9d4                _write
 .text          0x0800b9e4      0x378 /usr/lib/gcc/arm-none-eabi/13.2.1/thumb/v7-m/nofp/libgcc.a(_arm_addsubdf3.o)
                0x0800b9e4                __aeabi_drsub
                0x0800b9ec                __aeabi_dsub
                0x0800b9ec                __subdf3
                0x0800b9f0                __adddf3
                0x0800b9f0                __aeabi_dadd
                0x0800bc68                __aeabi_ui2d
                0x0800bc68                __floatunsidf
                0x0800bc88                __floatsidf
                0x0800bc88                __aeabi_i2d
                0x0800bcac                __extendsfdf2
                0x0800bcac                __aeabi_f2d
                0x0800bcf0                __aeabi_ul2d
                0x0800bcf0                __floatundidf
                0x0800bd00                __floatdidf
                0x0800bd00                __aeabi_l2d
 .text          0x0800bd5c      0x424 /usr/lib/gcc/arm-none-eabi/13.2.1/thumb/v7-m/nofp/libgcc.a(_arm_muldivdf3.o)
                0x0800bd5c                __aeabi_dmul
                0x0800bd5c                __muldf3
                0x0800bfb0                __aeabi_ddiv
                0x0800bfb0                __divdf3
 .text          0x0800c180      0x110 /usr/lib/gcc/arm-none-eabi/13.2.1/thumb/v7-m/nofp/libgcc.a(_arm_cmpdf2.o)
                0x0800c180                __gtdf2
                0x0800c180                __gedf2
                0x0800c188                __ltdf2
                0x0800c188                __ledf2
                0x0800c190                __cmpdf2
                0x0800c190                __eqdf2
                0x0800c190                __nedf2
                0x0800c20c                __aeabi_cdrcmple
                0x0800c21c                __aeabi_cdcmple
                0x0800c21c                __aeabi_cdcmpeq
                0x0800c22c                __aeabi_dcmpeq
                0x0800c240                __aeabi_dcmplt
                0x0800c254                __aeabi_dcmple
                0x0800c268                __aeabi_dcmpge
                0x0800c27c                __aeabi_dcmpgt
 .text          0x0800c290       0x50 /usr/lib/gcc/arm-none-eabi/13.2.1/thumb/v7-m/nofp/libgcc.a(_arm_fixdfsi.o)
                0x0800c290                __fixdfsi
                0x0800c290                __aeabi_d2iz
 .text          0x0800c2e0       0xa0 /usr/lib/gcc/arm-none-eabi/13.2.1/thumb/v7-m/nofp/libgcc.a(_arm_truncdfsf2.o)
                0x0800c2e0                __aeabi_d2f
                0x0800c2e0                __truncdfsf2
 .text          0x0800c380      0x21c /usr/lib/gcc/arm-none-eabi/13.2.1/thumb/v7-m/nofp/libgcc.a(_arm_addsubsf3.o)
                0x0800c380                __aeabi_frsub
                0x0800c388                __subsf3
                0x0800c388                __aeabi_fsub
                0x0800c38c                __aeabi_fadd
                0x0800c38c                __addsf3
                0x0800c4ec                __aeabi_ui2f
                0x0800c4ec                __floatunsisf
                0x0800c4f4                __aeabi_i2f
                0x0800c4f4                __floatsisf
                0x0800c510                __floatundisf
                0x0800c510                __aeabi_ul2f
                0x0800c520                __floatdisf
                0x0800c520                __aeabi_l2f
 .text          0x0800c59c      0x2a0 /usr/lib/gcc/arm-none-eabi/13.2.1/thumb/v7-m/nofp/libgcc.a(_arm_muldivsf3.o)
                0x0800c59c                __mulsf3
                0x0800c59c                __aeabi_fmul
                0x0800c704                __divsf3
                0x0800c704                __aeabi_fdiv
 .text          0x0800c83c       0xec /usr/lib/gcc/arm-none-eabi/13.2.1/thumb/v7-m/nofp/libgcc.a(_arm_cmpsf2.o)
                0x0800c83c                __gtsf2
                0x0800c83c                __gesf2
                0x0800c844                __lesf2
                0x0800c844                __ltsf2
                0x0800c84c                __nesf2
                0x0800c84c                __eqsf2
                0x0800c84c                __cmpsf2
                0x0800c8ac                __aeabi_cfrcmple
                0x0800c8b4                __aeabi_cfcmple
                0x0800c8b4                __aeabi_cfcmpeq
                0x0800c8c4                __aeabi_fcmpeq
                0x0800c8d8                __aeabi_fcmplt
                0x0800c8ec                __aeabi_fcmple
                0x0800c900                __aeabi_fcmpge
                0x0800c914                __aeabi_fcmpgt
 .text          0x0800c928       0x4c /usr/lib/gcc/arm-none-eabi/13.2.1/thumb/v7-m/nofp/libgcc.a(_arm_fixsfsi.o)
                0x0800c928                __fixsfsi
                0x0800c928                __aeabi_f2iz
 .text          0x0800c974       0x30 /usr/lib/gcc/arm-none-eabi/13.2.1/thumb/v7-m/nofp/libgcc.a(_aeabi_uldivmod.o)
                0x0800c974                __aeabi_uldivmod
 .text          0x0800c9a4      0x2b4 /usr/lib/gcc/arm-none-eabi/13.2.1/thumb/v7-m/nofp/libgcc.a(_udivmoddi4.o)
                0x0800c9a4                __udivmoddi4
 .text          0x0800cc58        0x4 /usr/lib/gcc/arm-none-eabi/13.2.1/thumb/v7-m/nofp/libgcc.a(_dvmd_tls.o)
                0x0800cc58                __aeabi_ldiv0
                0x0800cc58                __aeabi_idiv0
 *(.text*)
 .text.FLASH_Program_HalfWord
                0x0800cc5c       0x1c build_slota/stm32f1xx_hal_flash.o
 .text.FLASH_SetErrorCode
                0x0800cc78       0x70 build_slota/stm32f1xx_hal_flash.o
 .text.HAL_FLASH_Unlock
                0x0800cce8       0x28 build_slota/stm32f1xx_hal_flash.o
                0x0800cce8                HAL_FLASH_Unlock
 .text.HAL_FLASH_Lock
                0x0800cd10       0x14 build_slota/stm32f1xx_hal_flash.o
                0x0800cd10                HAL_FLASH_Lock
 .text.FLASH_WaitForLastOperation
                0x0800cd24       0x68 build_slota/stm32f1xx_hal_flash.o
                0x0800cd24                FLASH_WaitForLastOperation
 .text.HAL_FLASH_Program
                0x0800cd8c       0xa0 build_slota/stm32f1xx_hal_flash.o
                0x0800cd8c                HAL_FLASH_Program
 .text.RCC_Delay
                0x0800ce2c       0x2c build_slota/stm32f1xx_hal_rcc.o
 .text.HAL_RCC_OscConfig
                0x0800ce58      0x3e0 build_slota/stm32f1xx_hal_rcc.o
                0x0800ce58                HAL_RCC_OscConfig
 .text.HAL_RCC_GetSysClockFreq
                0x0800d238       0x70 build_slota/stm32f1xx_hal_rcc.o
                0x0800d238                HAL_RCC_GetSysClockFreq
 .text.HAL_RCC_ClockConfig
                0x0800d2a8      0x17c build_slota/stm32f1xx_hal_rcc.o
                0x0800d2a8                HAL_RCC_ClockConfig
 .text.HAL_RCC_GetHCLKFreq
                0x0800d424        0xc build_slota/stm32f1xx_hal_rcc.o
                0x0800d424                HAL_RCC_GetHCLKFreq
 .text.HAL_RCC_GetPCLK1Freq
                0x0800d430       0x20 build_slota/stm32f1xx_hal_rcc.o
                0x0800d430                HAL_RCC_GetPCLK1Freq
 .text.HAL_RCC_GetPCLK2Freq
                0x0800d450       0x20 build_slota/stm32f1xx_hal_rcc.o
                0x0800d450                HAL_RCC_GetPCLK2Freq
 .text.TIM_OC1_SetConfig
                0x0800d470       0x70 build_slota/stm32f1xx_hal_tim.o
 .text.TIM_OC3_SetConfig
                0x0800d4e0       0x70 build_slota/stm32f1xx_hal_tim.o
 .text.TIM_OC4_SetConfig
                0x0800d550       0x50 build_slota/stm32f1xx_hal_tim.o
 .text.TIM_TI1_ConfigInputStage
                0x0800d5a0       0x24 build_slota/stm32f1xx_hal_tim.o
 .text.TIM_TI2_ConfigInputStage
                0x0800d5c4       0x26 build_slota/stm32f1xx_hal_tim.o
 .text.TIM_ETR_SetConfig
                0x0800d5ea       0x18 build_slota/stm32f1xx_hal_tim.o
 .text.TIM_SlaveTimer_SetConfig
                0x0800d602       0x74 build_slota/stm32f1xx_hal_tim.o
 .text.HAL_TIM_Base_MspInit
                0x0800d676        0x2 build_slota/stm32f1xx_hal_tim.o
                0x0800d676                HAL_TIM_Base_MspInit
 .text.HAL_TIM_Base_Start
                0x0800d678       0x1a build_slota/stm32f1xx_hal_tim.o
                0x0800d678                HAL_TIM_Base_Start
 .text.HAL_TIM_PWM_MspInit
                0x0800d692        0x2 build_slota/stm32f1xx_hal_tim.o
                0x0800d692                HAL_TIM_PWM_MspInit
 .text.HAL_TIM_SlaveConfigSynchronization
                0x0800d694       0x40 build_slota/stm32f1xx_hal_tim.o
                0x0800d694                HAL_TIM_SlaveConfigSynchronization
 .text.TIM_Base_SetConfig
                0x0800d6d4       0x98 build_slota/stm32f1xx_hal_tim.o
                0x0800d6d4                TIM_Base_SetConfig
 .text.HAL_TIM_Base_Init
                0x0800d76c       0x34 build_slota/stm32f1xx_hal_tim.o
                0x0800d76c                HAL_TIM_Base_Init
 .text.HAL_TIM_PWM_Init
                0x0800d7a0       0x34 build_slota/stm32f1xx_hal_tim.o
                0x0800d7a0                HAL_TIM_PWM_Init
 .text.TIM_OC2_SetConfig
                0x0800d7d4       0x70 build_slota/stm32f1xx_hal_tim.o
                0x0800d7d4                TIM_OC2_SetConfig
 .text.HAL_TIM_PWM_ConfigChannel
                0x0800d844       0xdc build_slota/stm32f1xx_hal_tim.o
                0x0800d844                HAL_TIM_PWM_ConfigChannel
 .text.TIM_CCxChannelCmd
                0x0800d920       0x1a build_slota/stm32f1xx_hal_tim.o
                0x0800d920                TIM_CCxChannelCmd
 *fill*         0x0800d93a        0x2 
 .text.HAL_TIM_PWM_Start
                0x0800d93c       0x38 build_slota/stm32f1xx_hal_tim.o
                0x0800d93c                HAL_TIM_PWM_Start
 .text.TIM_CCxNChannelCmd
                0x0800d974       0x1a build_slota/stm32f1xx_hal_tim_ex.o
 .text.HAL_TIMEx_PWMN_Start
                0x0800d98e       0x24 build_slota/stm32f1xx_hal_tim_ex.o
                0x0800d98e                HAL_TIMEx_PWMN_Start
 .text.HAL_TIMEx_ConfigBreakDeadTime
                0x0800d9b2       0x52 build_slota/stm32f1xx_hal_tim_ex.o
                0x0800d9b2                HAL_TIMEx_ConfigBreakDeadTime
 .text.HAL_TIMEx_MasterConfigSynchronization
                0x0800da04       0x52 build_slota/stm32f1xx_hal_tim_ex.o
                0x0800da04                HAL_TIMEx_MasterConfigSynchronization
 *fill*         0x0800da56        0x2 
 .text.HAL_ADCEx_MultiModeConfigChannel
                0x0800da58       0x60 build_slota/stm32f1xx_hal_adc_ex.o
                0x0800da58                HAL_ADCEx_MultiModeConfigChannel
 .text.NVIC_SetPriority
                0x0800dab8       0x28 build_slota/stm32f1xx_hal_cortex.o
 .text.NVIC_EncodePriority
                0x0800dae0       0x3e build_slota/stm32f1xx_hal_cortex.o
 *fill*         0x0800db1e        0x2 
 .text.NVIC_SystemReset
                0x0800db20       0x24 build_slota/stm32f1xx_hal_cortex.o
 .text.HAL_NVIC_SetPriorityGrouping
                0x0800db44       0x24 build_slota/stm32f1xx_hal_cortex.o
                0x0800db44                HAL_NVIC_SetPriorityGrouping
 .text.HAL_NVIC_SetPriority
                0x0800db68       0x20 build_slota/stm32f1xx_hal_cortex.o
                0x0800db68                HAL_NVIC_SetPriority
 .text.HAL_NVIC_EnableIRQ
                0x0800db88       0x18 build_slota/stm32f1xx_hal_cortex.o
                0x0800db88                HAL_NVIC_EnableIRQ
 .text.HAL_NVIC_DisableIRQ
                0x0800dba0       0x18 build_slota/stm32f1xx_hal_cortex.o
                0x0800dba0                HAL_NVIC_DisableIRQ
 .text.HAL_NVIC_SystemReset
                0x0800dbb8        0x6 build_slota/stm32f1xx_hal_cortex.o
                0x0800dbb8                HAL_NVIC_SystemReset
 *fill*         0x0800dbbe        0x2 
 .text.HAL_SYSTICK_Config
                0x0800dbc0       0x28 build_slota/stm32f1xx_hal_cortex.o
                0x0800dbc0                HAL_SYSTICK_Config
 .text.HAL_SYSTICK_CLKSourceConfig
                0x0800dbe8       0x20 build_slota/stm32f1xx_hal_cortex.o
                0x0800dbe8                HAL_SYSTICK_CLKSourceConfig
 .text.HAL_SYSTICK_Callback
                0x0800dc08        0x2 build_slota/stm32f1xx_hal_cortex.o
                0x0800dc08                HAL_SYSTICK_Callback
 .text.HAL_SYSTICK_IRQHandler
                0x0800dc0a        0x8 build_slota/stm32f1xx_hal_cortex.o
                0x0800dc0a                HAL_SYSTICK_IRQHandler
 *fill*         0x0800dc12        0x2 
 .text.FLASH_MassErase
                0x0800dc14       0x24 build_slota/stm32f1xx_hal_flash_ex.o
 .text.FLASH_PageErase
                0x0800dc38       0x24 build_slota/stm32f1xx_hal_flash_ex.o
                0x0800dc38                FLASH_PageErase
 .text.HAL_FLASHEx_Erase
                0x0800dc5c       0xa4 build_slota/stm32f1xx_hal_flash_ex.o
                0x0800dc5c                HAL_FLASHEx_Erase
 .text.HAL_GPIO_Init
                0x0800dd00      0x238 build_slota/stm32f1xx_hal_gpio.o
                0x0800dd00                HAL_GPIO_Init
 .text.HAL_GPIO_ReadPin
                0x0800df38        0xe build_slota/stm32f1xx_hal_gpio.o
                0x0800df38                HAL_GPIO_ReadPin
 .text.HAL_GPIO_WritePin
                0x0800df46        0xc build_slota/stm32f1xx_hal_gpio.o
                0x0800df46                HAL_GPIO_WritePin
 *fill*         0x0800df52        0x2 
 .text.HAL_RCCEx_PeriphCLKConfig
                0x0800df54      0x118 build_slota/stm32f1xx_hal_rcc_ex.o
                0x0800df54                HAL_RCCEx_PeriphCLKConfig
 .text.HAL_MspInit
                0x0800e06c        0x2 build_slota/stm32f1xx_hal.o
                0x0800e06c                HAL_MspInit
 *fill*         0x0800e06e        0x2 
 .text.HAL_InitTick
                0x0800e070       0x2c build_slota/stm32f1xx_hal.o
                0x0800e070                HAL_InitTick
 .text.HAL_Init
                0x0800e09c       0x24 build_slota/stm32f1xx_hal.o
                0x0800e09c                HAL_Init
 .text.HAL_IncTick
                0x0800e0c0       0x10 build_slota/stm32f1xx_hal.o
                0x0800e0c0                HAL_IncTick
 .text.HAL_GetTick
                0x0800e0d0        0xc build_slota/stm32f1xx_hal.o
                0x0800e0d0                HAL_GetTick
 .text.HAL_Delay
                0x0800e0dc       0x24 build_slota/stm32f1xx_hal.o
                0x0800e0dc                HAL_Delay
 .text.HAL_ADC_MspInit
                0x0800e100        0x2 build_slota/stm32f1xx_hal_adc.o
                0x0800e100                HAL_ADC_MspInit
 *fill*         0x0800e102        0x2 
 .text.HAL_ADC_ConfigChannel
                0x0800e104      0x140 build_slota/stm32f1xx_hal_adc.o
                0x0800e104                HAL_ADC_ConfigChannel
 .text.ADC_Enable
                0x0800e244       0x80 build_slota/stm32f1xx_hal_adc.o
                0x0800e244                ADC_Enable
 .text.HAL_ADC_Start
                0x0800e2c4       0xe8 build_slota/stm32f1xx_hal_adc.o
                0x0800e2c4                HAL_ADC_Start
 .text.ADC_ConversionStop_Disable
                0x0800e3ac       0x4c build_slota/stm32f1xx_hal_adc.o
                0x0800e3ac                ADC_ConversionStop_Disable
 .text.HAL_ADC_Init
                0x0800e3f8      0x124 build_slota/stm32f1xx_hal_adc.o
                0x0800e3f8                HAL_ADC_Init
 .text.UART_SetConfig
                0x0800e51c      0x1a4 build_slota/stm32f1xx_hal_uart.o
 .text.UART_WaitOnFlagUntilTimeout
                0x0800e6c0       0x68 build_slota/stm32f1xx_hal_uart.o
 .text.HAL_UART_MspInit
                0x0800e728        0x2 build_slota/stm32f1xx_hal_uart.o
                0x0800e728                HAL_UART_MspInit
 .text.HAL_UART_Init
                0x0800e72a       0x5e build_slota/stm32f1xx_hal_uart.o
                0x0800e72a                HAL_UART_Init
 .text.HAL_UART_Transmit
                0x0800e788       0xde build_slota/stm32f1xx_hal_uart.o
                0x0800e788                HAL_UART_Transmit
 *fill*         0x0800e866        0x2 
 .text.SystemInit
                0x0800e868       0x4c build_slota/system_stm32f1xx.o
                0x0800e868                SystemInit
 .text.USART2_IT_init
                0x0800e8b4      0x100 build_slota/setup.o
                0x0800e8b4                USART2_IT_init
 .text.USART3_IT_init
                0x0800e9b4       0xf8 build_slota/setup.o
                0x0800e9b4                USART3_IT_init
 .text.MX_GPIO_Init
                0x0800eaac      0x288 build_slota/setup.o
                0x0800eaac                MX_GPIO_Init
 .text.MX_TIM_Init
                0x0800ed34      0x1fc build_slota/setup.o
                0x0800ed34                MX_TIM_Init
 .text.MX_ADC1_Init
                0x0800ef30      0x130 build_slota/setup.o
                0x0800ef30                MX_ADC1_Init
 .text.MX_ADC2_Init
                0x0800f060       0xb4 build_slota/setup.o
                0x0800f060                MX_ADC2_Init
 .text.setUSART2ToControl
                0x0800f114       0x60 build_slota/setup.o
                0x0800f114                setUSART2ToControl
 .text.NVIC_SystemReset
                0x0800f174       0x24 build_slota/main.o
 .text.ota_reboot_to_bootloader
                0x0800f198       0x30 build_slota/main.o
 .text.ota_reboot_to_bootloader_export
                0x0800f1c8        0x6 build_slota/main.o
                0x0800f1c8                ota_reboot_to_bootloader_export
 *fill*         0x0800f1ce        0x2 
 .text.poweroff
                0x0800f1d0       0x58 build_slota/main.o
                0x0800f1d0                poweroff
 .text.init_PID_control
                0x0800f228      0x154 build_slota/main.o
                0x0800f228                init_PID_control
 .text.change_PID_constants
                0x0800f37c       0xe0 build_slota/main.o
                0x0800f37c                change_PID_constants
 .text.init_flash_content
                0x0800f45c       0x50 build_slota/main.o
                0x0800f45c                init_flash_content
 .text.check_power_button
                0x0800f4ac      0x1f8 build_slota/main.o
                0x0800f4ac                check_power_button
 .text.SystemClock_Config
                0x0800f6a4       0x94 build_slota/main.o
                0x0800f6a4                SystemClock_Config
 .text.main     0x0800f738      0xec8 build_slota/main.o
                0x0800f738                main
 .text.blockPWM
                0x08010600       0x6e build_slota/bldc.o
 .text.blockPhaseCurrent
                0x0801066e       0x30 build_slota/bldc.o
 *fill*         0x0801069e        0x2 
 .text.BldcController_Init
                0x080106a0      0x108 build_slota/bldc.o
                0x080106a0                BldcController_Init
 .text.DMA1_Channel1_IRQHandler
                0x080107a8      0x5a4 build_slota/bldc.o
                0x080107a8                DMA1_Channel1_IRQHandler
 *fill*         0x08010d4c        0x4 
 .text.readADCs
                0x08010d50      0x2fc build_slota/bldc.o
                0x08010d50                readADCs
 .text.setScopeChannel
                0x0801104c        0xc build_slota/comms.o
                0x0801104c                setScopeChannel
 .text.consoleScope
                0x08011058       0x80 build_slota/comms.o
                0x08011058                consoleScope
 .text.USART2_IT_starttx
                0x080110d8       0x14 build_slota/comms.o
                0x080110d8                USART2_IT_starttx
 .text.USART3_IT_starttx
                0x080110ec       0x14 build_slota/comms.o
                0x080110ec                USART3_IT_starttx
 .text.serial_usart_buffer_count
                0x08011100       0x14 build_slota/comms.o
                0x08011100                serial_usart_buffer_count
 .text.serial_usart_buffer_push
                0x08011114       0x40 build_slota/comms.o
                0x08011114                serial_usart_buffer_push
 .text.USART2_IT_send
                0x08011154       0x44 build_slota/comms.o
                0x08011154                USART2_IT_send
 .text.serial_usart_buffer_pop
                0x08011198       0x36 build_slota/comms.o
                0x08011198                serial_usart_buffer_pop
 *fill*         0x080111ce        0x2 
 .text.USART2_IT_IRQ
                0x080111d0       0x4c build_slota/comms.o
                0x080111d0                USART2_IT_IRQ
 .text.USART3_IT_IRQ
                0x0801121c       0x4c build_slota/comms.o
                0x0801121c                USART3_IT_IRQ
 .text.USART_sensor_rxcount
                0x08011268       0x1c build_slota/sensorcoms.o
                0x08011268                USART_sensor_rxcount
 .text.USART_sensor_txcount
                0x08011284       0x1c build_slota/sensorcoms.o
                0x08011284                USART_sensor_txcount
 .text.USART_sensor_addTXshort
                0x080112a0       0x1c build_slota/sensorcoms.o
                0x080112a0                USART_sensor_addTXshort
 .text.USART_sensor_getrx
                0x080112bc       0x1c build_slota/sensorcoms.o
                0x080112bc                USART_sensor_getrx
 .text.sensor_init
                0x080112d8       0x48 build_slota/sensorcoms.o
                0x080112d8                sensor_init
 .text.USART_sensor_starttx
                0x08011320       0x10 build_slota/sensorcoms.o
                0x08011320                USART_sensor_starttx
 .text.USART_sensorSend
                0x08011330       0x4c build_slota/sensorcoms.o
                0x08011330                USART_sensorSend
 .text.sensor_copy_buffer
                0x0801137c      0x14c build_slota/sensorcoms.o
                0x0801137c                sensor_copy_buffer
 .text.sensor_read_data
                0x080114c8      0x2d4 build_slota/sensorcoms.o
                0x080114c8                sensor_read_data
 .text.sensor_set_flash
                0x0801179c       0x14 build_slota/sensorcoms.o
                0x0801179c                sensor_set_flash
 .text.sensor_set_colour
                0x080117b0       0x50 build_slota/sensorcoms.o
                0x080117b0                sensor_set_colour
 .text.sensor_send_lights
                0x08011800       0x54 build_slota/sensorcoms.o
                0x08011800                sensor_send_lights
 .text.SoftwareSerialInit
                0x08011854      0x120 build_slota/softwareserial.o
                0x08011854                SoftwareSerialInit
 .text.softwareserial_getrx
                0x08011974       0x3c build_slota/softwareserial.o
                0x08011974                softwareserial_getrx
 .text.softwareserial_available
                0x080119b0       0x2c build_slota/softwareserial.o
                0x080119b0                softwareserial_available
 .text.softwareserial_puttx
                0x080119dc       0x50 build_slota/softwareserial.o
                0x080119dc                softwareserial_puttx
 .text.softwareserial_Send
                0x08011a2c       0x4c build_slota/softwareserial.o
                0x08011a2c                softwareserial_Send
 .text.softwareserial_Send_Wait
                0x08011a78       0x84 build_slota/softwareserial.o
                0x08011a78                softwareserial_Send_Wait
 .text.softwareserialRXInterrupt
                0x08011afc      0x130 build_slota/softwareserial.o
                0x08011afc                softwareserialRXInterrupt
 .text.TIM3_IRQHandler
                0x08011c2c      0x11c build_slota/softwareserial.o
                0x08011c2c                TIM3_IRQHandler
 .text.HallInterruptinit
                0x08011d48      0x124 build_slota/hallinterrupts.o
                0x08011d48                HallInterruptinit
 .text.HallGetuS
                0x08011e6c       0x58 build_slota/hallinterrupts.o
                0x08011e6c                HallGetuS
 .text.HallInterruptsInterrupt
                0x08011ec4      0x280 build_slota/hallinterrupts.o
                0x08011ec4                HallInterruptsInterrupt
 .text.TIM4_IRQHandler
                0x08012144       0x84 build_slota/hallinterrupts.o
                0x08012144                TIM4_IRQHandler
 .text.writeFlash
                0x080121c8      0x178 build_slota/flashaccess.o
                0x080121c8                writeFlash
 .text.readFlash
                0x08012340       0x98 build_slota/flashaccess.o
                0x08012340                readFlash
 .text.NMI_Handler
                0x080123d8        0x2 build_slota/stm32f1xx_it.o
                0x080123d8                NMI_Handler
 .text.HardFault_Handler
                0x080123da        0x2 build_slota/stm32f1xx_it.o
                0x080123da                HardFault_Handler
 .text.MemManage_Handler
                0x080123dc        0x2 build_slota/stm32f1xx_it.o
                0x080123dc                MemManage_Handler
 .text.BusFault_Handler
                0x080123de        0x2 build_slota/stm32f1xx_it.o
                0x080123de                BusFault_Handler
 .text.UsageFault_Handler
                0x080123e0        0x2 build_slota/stm32f1xx_it.o
                0x080123e0                UsageFault_Handler
 .text.SVC_Handler
                0x080123e2        0x2 build_slota/stm32f1xx_it.o
                0x080123e2                SVC_Handler
 .text.DebugMon_Handler
                0x080123e4        0x2 build_slota/stm32f1xx_it.o
                0x080123e4                DebugMon_Handler
 .text.PendSV_Handler
                0x080123e6        0x2 build_slota/stm32f1xx_it.o
                0x080123e6                PendSV_Handler
 .text.SysTick_Handler
                0x080123e8        0xc build_slota/stm32f1xx_it.o
                0x080123e8                SysTick_Handler
 .text.EXTI0_IRQHandler
                0x080123f4        0xc build_slota/stm32f1xx_it.o
                0x080123f4                EXTI0_IRQHandler
 .text.EXTI1_IRQHandler
                0x08012400        0xc build_slota/stm32f1xx_it.o
                0x08012400                EXTI1_IRQHandler
 .text.EXTI2_IRQHandler
                0x0801240c       0x14 build_slota/stm32f1xx_it.o
                0x0801240c                EXTI2_IRQHandler
 .text.EXTI3_IRQHandler
                0x08012420        0xc build_slota/stm32f1xx_it.o
                0x08012420                EXTI3_IRQHandler
 .text.EXTI4_IRQHandler
                0x0801242c        0xc build_slota/stm32f1xx_it.o
                0x0801242c                EXTI4_IRQHandler
 .text.EXTI9_5_IRQHandler
                0x08012438       0x7c build_slota/stm32f1xx_it.o
                0x08012438                EXTI9_5_IRQHandler
 .text.EXTI15_10_IRQHandler
                0x080124b4       0x94 build_slota/stm32f1xx_it.o
                0x080124b4                EXTI15_10_IRQHandler
 .text.USART2_IRQHandler
                0x08012548       0x10 build_slota/stm32f1xx_it.o
                0x08012548                USART2_IRQHandler
 .text.USART3_IRQHandler
                0x08012558       0x10 build_slota/stm32f1xx_it.o
                0x08012558                USART3_IRQHandler
 .text.pid_need_compute
                0x08012568       0x18 build_slota/pid.o
                0x08012568                pid_need_compute
 .text.pid_compute
                0x08012580       0xb0 build_slota/pid.o
                0x08012580                pid_compute
 .text.pid_tune
                0x08012630       0x84 build_slota/pid.o
                0x08012630                pid_tune
 .text.pid_limits
                0x080126b4       0x66 build_slota/pid.o
                0x080126b4                pid_limits
 .text.pid_auto
                0x0801271a       0x40 build_slota/pid.o
                0x0801271a                pid_auto
 .text.pid_direction
                0x0801275a       0x38 build_slota/pid.o
                0x0801275a                pid_direction
 *fill*         0x08012792        0x2 
 .text.pid_create
                0x08012794       0x44 build_slota/pid.o
                0x08012794                pid_create
 .text.getChange
                0x080127d8        0xe build_slota/deadreckoner.o
 .text.computeAngularVelocities
                0x080127e6       0xb2 build_slota/deadreckoner.o
 .text.DeadReckoner
                0x08012898       0x6c build_slota/deadreckoner.o
                0x08012898                DeadReckoner
 *fill*         0x08012904        0x4 
 .text.getXYT   0x08012908       0x5c build_slota/deadreckoner.o
                0x08012908                getXYT
 .text.computePosition
                0x08012964      0x190 build_slota/deadreckoner.o
                0x08012964                computePosition
 .text.reset    0x08012af4       0x24 build_slota/deadreckoner.o
                0x08012af4                reset
 .text.noTick   0x08012b18        0x4 build_slota/protocol.o
                0x08012b18                noTick
 .text.noDelay  0x08012b1c        0x2 build_slota/protocol.o
                0x08012b1c                noDelay
 .text.noReset  0x08012b1e        0x2 build_slota/protocol.o
                0x08012b1e                noReset
 .text.nosend   0x08012b20        0x4 build_slota/protocol.o
                0x08012b20                nosend
 .text.fn_ping  0x08012b24       0x18 build_slota/protocol.o
                0x08012b24                fn_ping
 .text.protocol_process_ReadValue
                0x08012b3c       0x3a build_slota/protocol.o
                0x08012b3c                protocol_process_ReadValue
 .text.protocol_process_ReadAndSendValue
                0x08012b76       0x40 build_slota/protocol.o
                0x08012b76                protocol_process_ReadAndSendValue
 .text.protocol_process_WriteValue
                0x08012bb6       0x44 build_slota/protocol.o
                0x08012bb6                protocol_process_WriteValue
 .text.protocol_process_cmdWritevalAndRespond
                0x08012bfa       0x38 build_slota/protocol.o
                0x08012bfa                protocol_process_cmdWritevalAndRespond
 .text.fn_defaultProcessing
                0x08012c32       0x2e build_slota/protocol.o
                0x08012c32                fn_defaultProcessing
 .text.fn_defaultProcessingPreWriteClear
                0x08012c60       0x2c build_slota/protocol.o
                0x08012c60                fn_defaultProcessingPreWriteClear
 .text.fn_SubscribeData
                0x08012c8c       0xa0 build_slota/protocol.o
                0x08012c8c                fn_SubscribeData
 .text.fn_ProtocolcountDataSum
                0x08012d2c       0xc0 build_slota/protocol.o
                0x08012d2c                fn_ProtocolcountDataSum
 .text.fn_ProtocolcountDataAck
                0x08012dec       0x5c build_slota/protocol.o
                0x08012dec                fn_ProtocolcountDataAck
 .text.fn_ProtocolcountDataNoack
                0x08012e48       0x5c build_slota/protocol.o
                0x08012e48                fn_ProtocolcountDataNoack
 .text.fn_defaultProcessingReadOnly
                0x08012ea4       0x12 build_slota/protocol.o
                0x08012ea4                fn_defaultProcessingReadOnly
 *fill*         0x08012eb6        0x2 
 .text.fn_paramstat_descriptions
                0x08012eb8      0x108 build_slota/protocol.o
                0x08012eb8                fn_paramstat_descriptions
 .text.setParam
                0x08012fc0       0x20 build_slota/protocol.o
                0x08012fc0                setParam
 .text.setParamsCopy
                0x08012fe0       0x5c build_slota/protocol.o
                0x08012fe0                setParamsCopy
 .text.setParamVariable
                0x0801303c       0x32 build_slota/protocol.o
                0x0801303c                setParamVariable
 .text.setParamHandler
                0x0801306e       0x16 build_slota/protocol.o
                0x0801306e                setParamHandler
 .text.protocol_init
                0x08013084       0x9c build_slota/protocol.o
                0x08013084                protocol_init
 .text.protocol_process_message
                0x08013120      0x18c build_slota/protocol.o
                0x08013120                protocol_process_message
 .text.mpGetTxByte
                0x080132ac       0x34 build_slota/machine_protocol.o
 .text.mpPutTx  0x080132e0       0x20 build_slota/machine_protocol.o
 .text.protocol_cobsr_decode
                0x08013300       0x3e build_slota/machine_protocol.o
                0x08013300                protocol_cobsr_decode
 .text.protocol_cobsr_encode
                0x0801333e       0x2a build_slota/machine_protocol.o
                0x0801333e                protocol_cobsr_encode
 .text.protocol_SOM_decode
                0x08013368       0x1c build_slota/machine_protocol.o
                0x08013368                protocol_SOM_decode
 .text.protocol_SOM_encode
                0x08013384       0x2e build_slota/machine_protocol.o
                0x08013384                protocol_SOM_encode
 .text.protocol_send_raw
                0x080133b2       0x6a build_slota/machine_protocol.o
 .text.protocol_send_ack
                0x0801341c       0x32 build_slota/machine_protocol.o
 .text.protocol_send_nack
                0x0801344e       0x3e build_slota/machine_protocol.o
 .text.mpTxQueued
                0x0801348c       0x22 build_slota/machine_protocol.o
                0x0801348c                mpTxQueued
 .text.mpGetTxMsg
                0x080134ae       0x4c build_slota/machine_protocol.o
 *fill*         0x080134fa        0x2 
 .text.protocol_send
                0x080134fc      0x198 build_slota/machine_protocol.o
 .text.protocol_tick
                0x08013694      0x144 build_slota/machine_protocol.o
                0x08013694                protocol_tick
 .text.protocol_byte
                0x080137d8      0x2bc build_slota/machine_protocol.o
                0x080137d8                protocol_byte
 .text.protocol_post
                0x08013a94       0x72 build_slota/machine_protocol.o
                0x08013a94                protocol_post
 .text.protocol_send_text
                0x08013b06       0x6c build_slota/machine_protocol.o
                0x08013b06                protocol_send_text
 *fill*         0x08013b72        0x2 
 .text.line_lock_ascii
                0x08013b74       0x3c build_slota/ascii_protocol.o
 .text.line_unlock_ascii
                0x08013bb0       0xa8 build_slota/ascii_protocol.o
 .text.line_help
                0x08013c58       0xa0 build_slota/ascii_protocol.o
 .text.ascii_add_immediate
                0x08013cf8       0x30 build_slota/ascii_protocol.o
                0x08013cf8                ascii_add_immediate
 .text.ascii_add_line_fn
                0x08013d28       0x30 build_slota/ascii_protocol.o
                0x08013d28                ascii_add_line_fn
 .text.ascii_byte
                0x08013d58      0x1a4 build_slota/ascii_protocol.o
                0x08013d58                ascii_byte
 .text.ascii_init
                0x08013efc       0x50 build_slota/ascii_protocol.o
                0x08013efc                ascii_init
 .text.cobsr_encode
                0x08013f4c       0xcc build_slota/cobsr.o
                0x08013f4c                cobsr_encode
 .text.cobsr_decode
                0x08014018       0xe6 build_slota/cobsr.o
                0x08014018                cobsr_decode
 *fill*         0x080140fe        0x2 
 .text.immediate_dir
                0x08014100      0x508 build_slota/ascii_proto_funcs.o
                0x08014100                immediate_dir
 .text.immediate_stop
                0x08014608       0x80 build_slota/ascii_proto_funcs.o
                0x08014608                immediate_stop
 .text.immediate_quit
                0x08014688       0x9c build_slota/ascii_proto_funcs.o
                0x08014688                immediate_quit
 .text.immediate_hall
                0x08014724       0x78 build_slota/ascii_proto_funcs.o
                0x08014724                immediate_hall
 .text.immediate_sensors
                0x0801479c       0x68 build_slota/ascii_proto_funcs.o
                0x0801479c                immediate_sensors
 .text.line_sensors
                0x08014804        0xc build_slota/ascii_proto_funcs.o
                0x08014804                line_sensors
 .text.immediate_electrical
                0x08014810       0xe0 build_slota/ascii_proto_funcs.o
                0x08014810                immediate_electrical
 .text.line_electrical
                0x080148f0        0xc build_slota/ascii_proto_funcs.o
                0x080148f0                line_electrical
 .text.immediate_stm32
                0x080148fc       0x50 build_slota/ascii_proto_funcs.o
                0x080148fc                immediate_stm32
 .text.line_stm32
                0x0801494c        0xc build_slota/ascii_proto_funcs.o
                0x0801494c                line_stm32
 .text.line_toggle_sensor_control
                0x08014958       0x58 build_slota/ascii_proto_funcs.o
                0x08014958                line_toggle_sensor_control
 .text.line_main_timing_stats
                0x080149b0       0x30 build_slota/ascii_proto_funcs.o
                0x080149b0                line_main_timing_stats
 .text.immediate_toggle_control
                0x080149e0       0x44 build_slota/ascii_proto_funcs.o
                0x080149e0                immediate_toggle_control
 .text.line_debug_control
                0x08014a24       0x60 build_slota/ascii_proto_funcs.o
                0x08014a24                line_debug_control
 .text.line_immediate
                0x08014a84      0x184 build_slota/ascii_proto_funcs.o
                0x08014a84                line_immediate
 .text.line_set_alarm
                0x08014c08       0x80 build_slota/ascii_proto_funcs.o
                0x08014c08                line_set_alarm
 .text.line_generic_var
                0x08014c88      0x254 build_slota/ascii_proto_funcs.o
                0x08014c88                line_generic_var
 .text.line_poweroff_control
                0x08014edc       0xc4 build_slota/ascii_proto_funcs.o
                0x08014edc                line_poweroff_control
 .text.line_reset_firmware
                0x08014fa0       0x48 build_slota/ascii_proto_funcs.o
                0x08014fa0                line_reset_firmware
 .text.line_test_message
                0x08014fe8       0x84 build_slota/ascii_proto_funcs.o
                0x08014fe8                line_test_message
 .text.line_read_memory
                0x0801506c       0xbc build_slota/ascii_proto_funcs.o
                0x0801506c                line_read_memory
 .text.get_F_description
                0x08015128       0x9c build_slota/ascii_proto_funcs.o
                0x08015128                get_F_description
 .text.main_ascii_init
                0x080151c4      0x1ac build_slota/ascii_proto_funcs.o
                0x080151c4                main_ascii_init
 .text.fn_enable
                0x08015370       0x7c build_slota/protocolfunctions.o
                0x08015370                fn_enable
 .text.fn_SpeedData
                0x080153ec       0x24 build_slota/protocolfunctions.o
                0x080153ec                fn_SpeedData
 .text.fn_Position
                0x08015410       0x54 build_slota/protocolfunctions.o
                0x08015410                fn_Position
 .text.fn_PositionIncr
                0x08015464       0x68 build_slota/protocolfunctions.o
                0x08015464                fn_PositionIncr
 .text.fn_RawPosition
                0x080154cc       0x54 build_slota/protocolfunctions.o
                0x080154cc                fn_RawPosition
 .text.fn_PWMData
                0x08015520       0x94 build_slota/protocolfunctions.o
                0x08015520                fn_PWMData
 .text.fn_BuzzerData
                0x080155b4       0x58 build_slota/protocolfunctions.o
                0x080155b4                fn_BuzzerData
 .text.fn_FlashContentMaxCurrLim
                0x0801560c       0x38 build_slota/protocolfunctions.o
                0x0801560c                fn_FlashContentMaxCurrLim
 .text.fn_SensorData
                0x08015644       0x4c build_slota/protocolfunctions.o
                0x08015644                fn_SensorData
 .text.fn_xytPosn
                0x08015690       0x28 build_slota/protocolfunctions.o
                0x08015690                fn_xytPosn
 .text.fn_FlashContentPID
                0x080156b8       0x18 build_slota/protocolfunctions.o
                0x080156b8                fn_FlashContentPID
 .text.setup_protocol
                0x080156d0      0x42c build_slota/protocolfunctions.o
                0x080156d0                setup_protocol
 .text.consoleLog
                0x08015afc       0x38 build_slota/protocolfunctions.o
                0x08015afc                consoleLog
 .text.fn_FlashContentMagic
                0x08015b34       0x58 build_slota/protocolfunctions.o
                0x08015b34                fn_FlashContentMagic
 .text.consoleLogRaw
                0x08015b8c       0x38 build_slota/protocolfunctions.o
                0x08015b8c                consoleLogRaw
 .text.BLDC_controller_step
                0x08015bc4      0x6b4 build_slota/BLDC_controller.o
                0x08015bc4                BLDC_controller_step
 .text.BLDC_controller_initialize
                0x08016278       0x18 build_slota/BLDC_controller.o
                0x08016278                BLDC_controller_initialize
 .text.MCP2515_Select
                0x08016290        0x8 build_slota/mcp2515.o
 .text.MCP2515_SPITransfer
                0x08016298        0x8 build_slota/mcp2515.o
 .text.MCP2515_Deselect
                0x080162a0        0x8 build_slota/mcp2515.o
 .text.MCP2515_Reset
                0x080162a8       0x18 build_slota/mcp2515.o
                0x080162a8                MCP2515_Reset
 .text.MCP2515_ReadRegister
                0x080162c0       0x24 build_slota/mcp2515.o
                0x080162c0                MCP2515_ReadRegister
 .text.MCP2515_WriteRegister
                0x080162e4       0x22 build_slota/mcp2515.o
                0x080162e4                MCP2515_WriteRegister
 .text.MCP2515_Detect
                0x08016306       0x70 build_slota/mcp2515.o
                0x08016306                MCP2515_Detect
 .text.MCP2515_SetBitrate
                0x08016376       0x4a build_slota/mcp2515.o
                0x08016376                MCP2515_SetBitrate
 .text.MCP2515_ModifyRegister
                0x080163c0       0x2a build_slota/mcp2515.o
                0x080163c0                MCP2515_ModifyRegister
 .text.MCP2515_SetMode
                0x080163ea       0x3c build_slota/mcp2515.o
                0x080163ea                MCP2515_SetMode
 .text.MCP2515_Init
                0x08016426       0x52 build_slota/mcp2515.o
                0x08016426                MCP2515_Init
 .text.MCP2515_SendFrame
                0x08016478      0x190 build_slota/mcp2515.o
                0x08016478                MCP2515_SendFrame
 .text.MCP2515_GetRxStatus
                0x08016608       0x1c build_slota/mcp2515.o
                0x08016608                MCP2515_GetRxStatus
 .text.MCP2515_ReceiveFrame
                0x08016624       0xdc build_slota/mcp2515.o
                0x08016624                MCP2515_ReceiveFrame
 .text.MCP2515_Available
                0x08016700       0x10 build_slota/mcp2515.o
                0x08016700                MCP2515_Available
 .text.MCP2515_GetErrorFlags
                0x08016710        0xa build_slota/mcp2515.o
                0x08016710                MCP2515_GetErrorFlags
 *fill*         0x0801671a        0x2 
 .text.SoftSPI_Delay
                0x0801671c       0x1c build_slota/software_spi.o
 .text.SoftSPI_Init
                0x08016738       0xe4 build_slota/software_spi.o
                0x08016738                SoftSPI_Init
 .text.SoftSPI_Deinit
                0x0801681c       0x64 build_slota/software_spi.o
                0x0801681c                SoftSPI_Deinit
 .text.SoftSPI_SetMode
                0x08016880       0x38 build_slota/software_spi.o
                0x08016880                SoftSPI_SetMode
 .text.SoftSPI_CS_Low
                0x080168b8       0x14 build_slota/software_spi.o
                0x080168b8                SoftSPI_CS_Low
 .text.SoftSPI_CS_High
                0x080168cc       0x10 build_slota/software_spi.o
                0x080168cc                SoftSPI_CS_High
 .text.SoftSPI_Transfer
                0x080168dc       0x94 build_slota/software_spi.o
                0x080168dc                SoftSPI_Transfer
 .text.CAN_Init_IDs
                0x08016970       0x6c build_slota/can_bus.o
 .text.forceLog
                0x080169dc        0x8 build_slota/can_bus.o
                0x080169dc                forceLog
 .text.CAN_IsSoftwareSerialReady
                0x080169e4        0x4 build_slota/can_bus.o
                0x080169e4                CAN_IsSoftwareSerialReady
 .text.CAN_Fallback_To_USART
                0x080169e8       0x18 build_slota/can_bus.o
                0x080169e8                CAN_Fallback_To_USART
 .text.CAN_AutoDetectAndInit
                0x08016a00       0xbc build_slota/can_bus.o
                0x08016a00                CAN_AutoDetectAndInit
 .text.CAN_ProcessMessages
                0x08016abc      0x3b4 build_slota/can_bus.o
                0x08016abc                CAN_ProcessMessages
 .text.CAN_SendStatus
                0x08016e70      0x298 build_slota/can_bus.o
                0x08016e70                CAN_SendStatus
 .text.CAN_SendBootAnnouncement
                0x08017108       0x88 build_slota/can_bus.o
                0x08017108                CAN_SendBootAnnouncement
 .text.CAN_PrintConfiguration
                0x08017190      0x198 build_slota/can_bus.o
                0x08017190                CAN_PrintConfiguration
 .text.CAN_PrintStatistics
                0x08017328      0x190 build_slota/can_bus.o
                0x08017328                CAN_PrintStatistics
 .text.CAN_CheckErrors
                0x080174b8       0xf4 build_slota/can_bus.o
                0x080174b8                CAN_CheckErrors
 .text.Reset_Handler
                0x080175ac       0x48 build_slota/startup_stm32f103xe.o
                0x080175ac                Reset_Handler
 .text.Default_Handler
                0x080175f4        0x2 build_slota/startup_stm32f103xe.o
                0x080175f4                RTC_Alarm_IRQHandler
                0x080175f4                TIM8_TRG_COM_IRQHandler
                0x080175f4                TIM8_CC_IRQHandler
                0x080175f4                TIM1_CC_IRQHandler
                0x080175f4                TIM6_IRQHandler
                0x080175f4                PVD_IRQHandler
                0x080175f4                SDIO_IRQHandler
                0x080175f4                I2C2_EV_IRQHandler
                0x080175f4                ADC1_2_IRQHandler
                0x080175f4                SPI1_IRQHandler
                0x080175f4                TAMPER_IRQHandler
                0x080175f4                TIM8_UP_IRQHandler
                0x080175f4                DMA2_Channel2_IRQHandler
                0x080175f4                DMA1_Channel4_IRQHandler
                0x080175f4                RTC_IRQHandler
                0x080175f4                DMA1_Channel7_IRQHandler
                0x080175f4                CAN1_RX1_IRQHandler
                0x080175f4                UART5_IRQHandler
                0x080175f4                ADC3_IRQHandler
                0x080175f4                DMA2_Channel1_IRQHandler
                0x080175f4                I2C1_EV_IRQHandler
                0x080175f4                DMA1_Channel6_IRQHandler
                0x080175f4                UART4_IRQHandler
                0x080175f4                RCC_IRQHandler
                0x080175f4                TIM1_TRG_COM_IRQHandler
                0x080175f4                Default_Handler
                0x080175f4                TIM7_IRQHandler
                0x080175f4                TIM5_IRQHandler
                0x080175f4                SPI2_IRQHandler
                0x080175f4                DMA1_Channel5_IRQHandler
                0x080175f4                USB_LP_CAN1_RX0_IRQHandler
                0x080175f4                USB_HP_CAN1_TX_IRQHandler
                0x080175f4                DMA1_Channel3_IRQHandler
                0x080175f4                FSMC_IRQHandler
                0x080175f4                TIM1_UP_IRQHandler
                0x080175f4                WWDG_IRQHandler
                0x080175f4                TIM2_IRQHandler
                0x080175f4                TIM1_BRK_IRQHandler
                0x080175f4                DMA2_Channel4_5_IRQHandler
                0x080175f4                I2C2_ER_IRQHandler
                0x080175f4                DMA1_Channel2_IRQHandler
                0x080175f4                TIM8_BRK_IRQHandler
                0x080175f4                CAN1_SCE_IRQHandler
                0x080175f4                FLASH_IRQHandler
                0x080175f4                USART1_IRQHandler
                0x080175f4                SPI3_IRQHandler
                0x080175f4                I2C1_ER_IRQHandler
                0x080175f4                USBWakeUp_IRQHandler
                0x080175f4                DMA2_Channel3_IRQHandler
 *(.glue_7)
 .glue_7        0x080175f6        0x0 linker stubs
 *(.glue_7t)
 .glue_7t       0x080175f6        0x0 linker stubs
 *(.eh_frame)
 *fill*         0x080175f6        0x2 
 .eh_frame      0x080175f8        0x0 /usr/lib/gcc/arm-none-eabi/13.2.1/thumb/v7-m/nofp/crtbegin.o
 *(.init)
 .init          0x080175f8        0x4 /usr/lib/gcc/arm-none-eabi/13.2.1/thumb/v7-m/nofp/crti.o
                0x080175f8                _init
 .init          0x080175fc        0x8 /usr/lib/gcc/arm-none-eabi/13.2.1/thumb/v7-m/nofp/crtn.o
 *(.fini)
 .fini          0x08017604        0x4 /usr/lib/gcc/arm-none-eabi/13.2.1/thumb/v7-m/nofp/crti.o
                0x08017604                _fini
 .fini          0x08017608        0x8 /usr/lib/gcc/arm-none-eabi/13.2.1/thumb/v7-m/nofp/crtn.o
                0x08017610                        . = ALIGN (0x4)
                0x08017610                        _etext = .

.vfp11_veneer   0x08017610        0x0
 .vfp11_veneer  0x08017610        0x0 linker stubs

.v4_bx          0x08017610        0x0
 .v4_bx         0x08017610        0x0 linker stubs

.iplt           0x08017610        0x0
 .iplt          0x08017610        0x0 /usr/lib/gcc/arm-none-eabi/13.2.1/thumb/v7-m/nofp/crtbegin.o

.rodata         0x08017610     0x21d0
                0x08017610                        . = ALIGN (0x4)
 *(.rodata)
 .rodata        0x08017610        0x8 build_slota/main.o
 .rodata        0x08017618        0x8 build_slota/ascii_proto_funcs.o
 .rodata        0x08017620      0x101 /usr/lib/gcc/arm-none-eabi/13.2.1/../../../arm-none-eabi/lib/thumb/v7-m/nofp/libc_nano.a(libc_a-ctype_.o)
                0x08017620                _ctype_
 *fill*         0x08017721        0x3 
 .rodata        0x08017724        0xc /usr/lib/gcc/arm-none-eabi/13.2.1/../../../arm-none-eabi/lib/thumb/v7-m/nofp/libc_nano.a(libc_a-nano-vfscanf_i.o)
 .rodata        0x08017730      0x188 /usr/lib/gcc/arm-none-eabi/13.2.1/../../../arm-none-eabi/lib/thumb/v7-m/nofp/libm.a(libm_a-e_rem_pio2.o)
 .rodata        0x080178b8       0x50 /usr/lib/gcc/arm-none-eabi/13.2.1/../../../arm-none-eabi/lib/thumb/v7-m/nofp/libm.a(libm_a-k_rem_pio2.o)
 *(.rodata*)
 .rodata.HAL_RCC_GetSysClockFreq.str1.4
                0x08017908     0x19b3 build_slota/stm32f1xx_hal_rcc.o
                                 0x11 (size before relaxing)
 *fill*         0x080192bb        0x1 
 .rodata.APBPrescTable
                0x080192bc        0x8 build_slota/system_stm32f1xx.o
                0x080192bc                APBPrescTable
 .rodata.AHBPrescTable
                0x080192c4       0x10 build_slota/system_stm32f1xx.o
                0x080192c4                AHBPrescTable
 .rodata.init_flash_content.str1.4
                0x080192d4       0x15 build_slota/main.o
 .rodata.check_power_button.str1.4
                0x080192d4       0x3a build_slota/main.o
 .rodata.main.str1.4
                0x080192d4      0x355 build_slota/main.o
 .rodata.FlashDefaults
                0x080192d4       0x4e build_slota/main.o
                0x080192d4                FlashDefaults
 .rodata.BldcController_Init.str1.4
                0x08019322       0x34 build_slota/bldc.o
 *fill*         0x08019322        0x2 
 .rodata.hall_to_pos
                0x08019324        0x8 build_slota/bldc.o
                0x08019324                hall_to_pos
 .rodata.consoleScope.str1.4
                0x0801932c       0x2a build_slota/comms.o
 .rodata.sensor_copy_buffer.str1.4
                0x0801932c       0x6f build_slota/sensorcoms.o
 .rodata.sensor_read_data.str1.4
                0x0801932c       0x70 build_slota/sensorcoms.o
 .rodata.sensor_set_colour.str1.4
                0x0801932c       0x1a build_slota/sensorcoms.o
 .rodata.increments
                0x0801932c       0xc4 build_slota/hallinterrupts.o
 .rodata.writeFlash.str1.4
                0x080193f0       0x88 build_slota/flashaccess.o
 .rodata.readFlash.str1.4
                0x080193f0       0x40 build_slota/flashaccess.o
 .rodata.str1.4
                0x080193f0      0x28b build_slota/protocol.o
 .rodata.initialparams
                0x080193f0      0x3d4 build_slota/protocol.o
 .rodata.line_lock_ascii.str1.4
                0x080197c4       0x19 build_slota/ascii_protocol.o
 .rodata.line_unlock_ascii.str1.4
                0x080197c4       0x6a build_slota/ascii_protocol.o
 .rodata.line_help.str1.4
                0x080197c4        0xb build_slota/ascii_protocol.o
 .rodata.ascii_byte.str1.4
                0x080197c4       0x61 build_slota/ascii_protocol.o
 .rodata.ascii_init.str1.4
                0x080197c4       0x45 build_slota/ascii_protocol.o
 .rodata.immediate_dir.str1.4
                0x080197c4       0xbf build_slota/ascii_proto_funcs.o
 .rodata.immediate_stop.str1.4
                0x080197c4        0xb build_slota/ascii_proto_funcs.o
 .rodata.immediate_quit.str1.4
                0x080197c4       0x1e build_slota/ascii_proto_funcs.o
 .rodata.immediate_hall.str1.4
                0x080197c4       0x6f build_slota/ascii_proto_funcs.o
 .rodata.immediate_sensors.str1.4
                0x080197c4       0x59 build_slota/ascii_proto_funcs.o
 .rodata.immediate_electrical.str1.4
                0x080197c4       0x69 build_slota/ascii_proto_funcs.o
 .rodata.immediate_stm32.str1.4
                0x080197c4       0x3b build_slota/ascii_proto_funcs.o
 .rodata.line_toggle_sensor_control.str1.4
                0x080197c4       0x18 build_slota/ascii_proto_funcs.o
 .rodata.line_main_timing_stats.str1.4
                0x080197c4       0x37 build_slota/ascii_proto_funcs.o
 .rodata.immediate_toggle_control.str1.4
                0x080197c4       0x1b build_slota/ascii_proto_funcs.o
 .rodata.line_debug_control.str1.4
                0x080197c4       0x27 build_slota/ascii_proto_funcs.o
 .rodata.line_immediate.str1.4
                0x080197c4       0xe8 build_slota/ascii_proto_funcs.o
 .rodata.line_set_alarm.str1.4
                0x080197c4       0x24 build_slota/ascii_proto_funcs.o
 .rodata.line_generic_var.str1.4
                0x080197c4       0x98 build_slota/ascii_proto_funcs.o
 .rodata.line_poweroff_control.str1.4
                0x080197c4       0x47 build_slota/ascii_proto_funcs.o
 .rodata.line_reset_firmware.str1.4
                0x080197c4       0x18 build_slota/ascii_proto_funcs.o
 .rodata.line_test_message.str1.4
                0x080197c4       0x2b build_slota/ascii_proto_funcs.o
 .rodata.line_read_memory.str1.4
                0x080197c4        0xf build_slota/ascii_proto_funcs.o
 .rodata.get_F_description.str1.4
                0x080197c4       0x70 build_slota/ascii_proto_funcs.o
 .rodata.main_ascii_init.str1.4
                0x080197c4      0x296 build_slota/ascii_proto_funcs.o
 .rodata.str1.4
                0x080197c4       0x27 build_slota/ascii_proto_funcs.o
 .rodata.control_types
                0x080197c4       0x10 build_slota/ascii_proto_funcs.o
 .rodata.fn_FlashContentMagic.str1.4
                0x080197d4       0x46 build_slota/protocolfunctions.o
 .rodata.rts_mask.0
                0x080197d4        0x3 build_slota/mcp2515.o
 *fill*         0x080197d7        0x1 
 .rodata.sidh_addr.1
                0x080197d8        0x3 build_slota/mcp2515.o
 *fill*         0x080197db        0x1 
 .rodata.ctrl_addr.2
                0x080197dc        0x3 build_slota/mcp2515.o
 .rodata.CAN_AutoDetectAndInit.str1.4
                0x080197df      0x16b build_slota/can_bus.o
 .rodata.CAN_ProcessMessages.str1.4
                0x080197df      0x207 build_slota/can_bus.o
 .rodata.CAN_SendStatus.str1.4
                0x080197df       0xc0 build_slota/can_bus.o
 .rodata.CAN_SendBootAnnouncement.str1.4
                0x080197df       0x2b build_slota/can_bus.o
 .rodata.CAN_PrintConfiguration.str1.4
                0x080197df      0x151 build_slota/can_bus.o
 .rodata.CAN_PrintStatistics.str1.4
                0x080197df      0x151 build_slota/can_bus.o
 .rodata.CAN_CheckErrors.str1.4
                0x080197df       0x67 build_slota/can_bus.o
 .rodata.str1.4
                0x080197df       0x13 /usr/lib/gcc/arm-none-eabi/13.2.1/../../../arm-none-eabi/lib/thumb/v7-m/nofp/libc_nano.a(libc_a-nano-svfprintf.o)
 .rodata.str1.4
                0x080197df       0x25 /usr/lib/gcc/arm-none-eabi/13.2.1/../../../arm-none-eabi/lib/thumb/v7-m/nofp/libc_nano.a(libc_a-nano-vfprintf_i.o)
 .rodata.str1.4
                0x080197df        0x4 /usr/lib/gcc/arm-none-eabi/13.2.1/../../../arm-none-eabi/lib/thumb/v7-m/nofp/libc_nano.a(libc_a-nano-svfscanf.o)
 .rodata.str1.4
                0x080197df       0x1f /usr/lib/gcc/arm-none-eabi/13.2.1/../../../arm-none-eabi/lib/thumb/v7-m/nofp/libc_nano.a(libc_a-nano-vfscanf_i.o)
                0x080199e8                        . = ALIGN (0x4)
 *fill*         0x080197df        0x1 

.ARM.extab
 *(.ARM.extab* .gnu.linkonce.armextab.*)

.ARM            0x080197e0        0x8
                0x080197e0                        __exidx_start = .
 *(.ARM.exidx*)
 .ARM.exidx     0x080197e0        0x8 /usr/lib/gcc/arm-none-eabi/13.2.1/../../../arm-none-eabi/lib/thumb/v7-m/nofp/libc_nano.a(libc_a-memcpy.o)
 .ARM.exidx     0x080197e8        0x0 /usr/lib/gcc/arm-none-eabi/13.2.1/thumb/v7-m/nofp/libgcc.a(_udivmoddi4.o)
                                  0x8 (size before relaxing)
                0x080197e8                        __exidx_end = .

.rel.dyn        0x080197e8        0x0
 .rel.iplt      0x080197e8        0x0 /usr/lib/gcc/arm-none-eabi/13.2.1/thumb/v7-m/nofp/crtbegin.o

.preinit_array  0x080197e8        0x0
                0x080197e8                        PROVIDE (__preinit_array_start = .)
 *(.preinit_array*)
                0x080197e8                        PROVIDE (__preinit_array_end = .)

.init_array     0x080197e8        0x4
                0x080197e8                        PROVIDE (__init_array_start = .)
 *(SORT_BY_NAME(.init_array.*))
 *(.init_array*)
 .init_array    0x080197e8        0x4 /usr/lib/gcc/arm-none-eabi/13.2.1/thumb/v7-m/nofp/crtbegin.o
                0x080197ec                        PROVIDE (__init_array_end = .)

.fini_array     0x080197ec        0x4
                0x080197ec                        PROVIDE (__fini_array_start = .)
 *(SORT_BY_NAME(.fini_array.*))
 *(.fini_array*)
 .fini_array    0x080197ec        0x4 /usr/lib/gcc/arm-none-eabi/13.2.1/thumb/v7-m/nofp/crtbegin.o
                0x080197f0                        PROVIDE (__fini_array_end = .)
                0x080197f0                        _sidata = LOADADDR (.data)

.data           0x20000000      0x50c load address 0x080197f0
                0x20000000                        . = ALIGN (0x4)
                0x20000000                        _sdata = .
 *(.data)
 .data          0x20000000       0x50 /usr/lib/gcc/arm-none-eabi/13.2.1/../../../arm-none-eabi/lib/thumb/v7-m/nofp/libc_nano.a(libc_a-impure.o)
                0x20000000                _impure_ptr
                0x20000004                _impure_data
 .data          0x20000050        0xc /usr/lib/gcc/arm-none-eabi/13.2.1/../../../arm-none-eabi/lib/thumb/v7-m/nofp/libc_nano.a(libc_a-findfp.o)
                0x20000050                __sglue
 *(.data*)
 .data.SystemCoreClock
                0x2000005c        0x4 build_slota/system_stm32f1xx.o
                0x2000005c                SystemCoreClock
 .data.USART2WordLength
                0x20000060        0x4 build_slota/setup.o
 .data.adc_buffers
                0x20000064      0x110 build_slota/setup.o
                0x20000064                adc_buffers
 .data.input_timeout_counter
                0x20000174        0x4 build_slota/control.o
                0x20000174                input_timeout_counter
 .data.batteryVoltage
                0x20000178        0x4 build_slota/bldc.o
                0x20000178                batteryVoltage
 .data.electrical_measurements
                0x2000017c       0x78 build_slota/bldc.o
                0x2000017c                electrical_measurements
 .data.BldcControllerParams
                0x200001f4       0x1c build_slota/bldc.o
                0x200001f4                BldcControllerParams
 .data.enablescope
                0x20000210        0x1 build_slota/comms.o
                0x20000210                enablescope
 .data.debug_out
                0x20000211        0x1 build_slota/comms.o
                0x20000211                debug_out
 *fill*         0x20000212        0x2 
 .data.WheelSize_mm
                0x20000214        0x4 build_slota/hallinterrupts.o
 .data.flashlen
                0x20000218        0x4 build_slota/flashaccess.o
                0x20000218                flashlen
 .data.flash_data
                0x2000021c        0x4 build_slota/flashaccess.o
                0x2000021c                flash_data
 .data.version  0x20000220        0x4 build_slota/protocol.o
 .data.protocol_SystemReset
                0x20000224        0x4 build_slota/protocol.o
                0x20000224                protocol_SystemReset
 .data.protocol_Delay
                0x20000228        0x4 build_slota/protocol.o
                0x20000228                protocol_Delay
 .data.protocol_GetTick
                0x2000022c        0x4 build_slota/protocol.o
                0x2000022c                protocol_GetTick
 .data.password
                0x20000230        0xc build_slota/ascii_protocol.o
 .data.PWMData  0x2000023c       0x14 build_slota/protocolfunctions.o
                0x2000023c                PWMData
 .data.PosnData
                0x20000250       0x20 build_slota/protocolfunctions.o
                0x20000250                PosnData
 .data.SpeedData
                0x20000270       0x24 build_slota/protocolfunctions.o
                0x20000270                SpeedData
 .data.rtP      0x20000294       0x64 build_slota/BLDC_controller_data.o
                0x20000294                rtP
 .data.rtConstP
                0x200002f8      0x212 build_slota/BLDC_controller_data.o
                0x200002f8                rtConstP
                0x2000050c                        . = ALIGN (0x4)
 *fill*         0x2000050a        0x2 
                0x2000050c                        _edata = .

.tm_clone_table
                0x2000050c        0x0 load address 0x08019cfc
 .tm_clone_table
                0x2000050c        0x0 /usr/lib/gcc/arm-none-eabi/13.2.1/thumb/v7-m/nofp/crtbegin.o
 .tm_clone_table
                0x2000050c        0x0 /usr/lib/gcc/arm-none-eabi/13.2.1/thumb/v7-m/nofp/crtend.o

.igot.plt       0x2000050c        0x0 load address 0x08019cfc
 .igot.plt      0x2000050c        0x0 /usr/lib/gcc/arm-none-eabi/13.2.1/thumb/v7-m/nofp/crtbegin.o

.ramfunctions   0x08019cfc        0x0
                0x08019cfc                        . = ALIGN (0x4)
                0x08019cfc                        _sdata_ramfuncs = .
 *(.ramfunctions)
 *(.ramfunctions*)
                0x08019cfc                        . = ALIGN (0x4)
                0x08019cfc                        _edata_ramfuncs = .
                0x08019cfc                        . = ALIGN (0x4)

.bss            0x20000510     0x6af8
                0x20000510                        _sbss = .
                0x20000510                        __bss_start__ = _sbss
 *(.bss)
 .bss           0x20000510       0x1c /usr/lib/gcc/arm-none-eabi/13.2.1/thumb/v7-m/nofp/crtbegin.o
 .bss           0x2000052c        0x8 /usr/lib/gcc/arm-none-eabi/13.2.1/../../../arm-none-eabi/lib/thumb/v7-m/nofp/libc_nano.a(libc_a-mallocr.o)
                0x2000052c                __malloc_sbrk_start
                0x20000530                __malloc_free_list
 .bss           0x20000534      0x13c /usr/lib/gcc/arm-none-eabi/13.2.1/../../../arm-none-eabi/lib/thumb/v7-m/nofp/libc_nano.a(libc_a-findfp.o)
                0x20000534                __sf
                0x2000066c                __stdio_exit_handler
 .bss           0x20000670        0x4 /usr/lib/gcc/arm-none-eabi/13.2.1/../../../arm-none-eabi/lib/thumb/v7-m/nofp/libc_nano.a(libc_a-reent.o)
                0x20000670                errno
 .bss           0x20000674        0x4 /usr/lib/gcc/arm-none-eabi/13.2.1/../../../arm-none-eabi/lib/thumb/v7-m/nofp/libnosys.a(sbrk.o)
 *(.bss*)
 .bss.PreviousBaud2.0
                0x20000678        0x4 build_slota/setup.o
 .bss.USART2ProtocolEnable
                0x2000067c        0x4 build_slota/setup.o
                0x2000067c                USART2ProtocolEnable
 .bss.SpeedPidFloats
                0x20000680       0x20 build_slota/main.o
                0x20000680                SpeedPidFloats
 .bss.PositionPidFloats
                0x200006a0       0x20 build_slota/main.o
                0x200006a0                PositionPidFloats
 .bss.dspeeds   0x200006c0        0x8 build_slota/main.o
                0x200006c0                dspeeds
 .bss.pwms      0x200006c8        0x8 build_slota/main.o
                0x200006c8                pwms
 .bss.debug_counter
                0x200006d0        0x4 build_slota/main.o
                0x200006d0                debug_counter
 .bss.buzzerLen
                0x200006d4        0x4 build_slota/main.o
                0x200006d4                buzzerLen
 .bss.powerofftimer
                0x200006d8        0x4 build_slota/main.o
                0x200006d8                powerofftimer
 .bss.disablepoweroff
                0x200006dc        0x1 build_slota/main.o
                0x200006dc                disablepoweroff
 *fill*         0x200006dd        0x3 
 .bss.control_type
                0x200006e0        0x4 build_slota/main.o
                0x200006e0                control_type
 .bss.sensor_control
                0x200006e4        0x4 build_slota/main.o
                0x200006e4                sensor_control
 .bss.ADCcontrolActive
                0x200006e8        0x1 build_slota/main.o
                0x200006e8                ADCcontrolActive
 *fill*         0x200006e9        0x3 
 .bss.autoSensorBaud3
                0x200006ec        0x4 build_slota/main.o
                0x200006ec                autoSensorBaud3
 .bss.autoSensorBaud2
                0x200006f0        0x4 build_slota/main.o
                0x200006f0                autoSensorBaud2
 .bss.offsetcount
                0x200006f4        0x4 build_slota/bldc.o
                0x200006f4                offsetcount
 .bss.bldc_count_per_hall_counter
                0x200006f8        0x8 build_slota/bldc.o
                0x200006f8                bldc_count_per_hall_counter
 .bss.bldc_count
                0x20000700        0x4 build_slota/bldc.o
                0x20000700                bldc_count
 *fill*         0x20000704        0x4 
 .bss.bldc_counter
                0x20000708        0x8 build_slota/bldc.o
                0x20000708                bldc_counter
 .bss.enable    0x20000710        0x1 build_slota/bldc.o
                0x20000710                enable
 *fill*         0x20000711        0x3 
 .bss.buzzerTimer
                0x20000714        0x4 build_slota/bldc.o
                0x20000714                buzzerTimer
 .bss.buzzerPattern
                0x20000718        0x4 build_slota/bldc.o
                0x20000718                buzzerPattern
 .bss.buzzerFreq
                0x2000071c        0x4 build_slota/bldc.o
                0x2000071c                buzzerFreq
 .bss.pwmr      0x20000720        0x4 build_slota/bldc.o
                0x20000720                pwmr
 .bss.pwml      0x20000724        0x4 build_slota/bldc.o
                0x20000724                pwml
 .bss.diag_count
                0x20000728        0x4 build_slota/sensorcoms.o
                0x20000728                diag_count
 .bss.timerval  0x2000072c        0x4 build_slota/softwareserial.o
                0x2000072c                timerval
 .bss.now_us    0x20000730        0x8 build_slota/hallinterrupts.o
 .bss.timerwraps
                0x20000738        0x8 build_slota/hallinterrupts.o
                0x20000738                timerwraps
 .bss.bldc_count_per_hall
                0x20000740        0x8 build_slota/hallinterrupts.o
                0x20000740                bldc_count_per_hall
 .bss.ProtocolcountData
                0x20000748       0x24 build_slota/protocol.o
                0x20000748                ProtocolcountData
 .bss.line_functions
                0x2000076c      0x800 build_slota/ascii_protocol.o
 .bss.immediate_functions
                0x20000f6c      0x800 build_slota/ascii_protocol.o
 .bss.steerB    0x2000176c        0x4 build_slota/ascii_proto_funcs.o
 .bss.speedB    0x20001770        0x4 build_slota/ascii_proto_funcs.o
 .bss.BuzzerData
                0x20001774        0x4 build_slota/protocolfunctions.o
                0x20001774                BuzzerData
 .bss.protocol_enable
                0x20001778        0x1 build_slota/protocolfunctions.o
                0x20001778                protocol_enable
 .bss.tx_slot.3
                0x20001779        0x1 build_slota/mcp2515.o
 .bss.spi_mode  0x2000177a        0x1 build_slota/software_spi.o
 .bss.motor_status_counter.0
                0x2000177b        0x1 build_slota/can_bus.o
 .bss.verbose_counter.1
                0x2000177c        0x1 build_slota/can_bus.o
 *fill*         0x2000177d        0x3 
 .bss.can_stats
                0x20001780       0x30 build_slota/can_bus.o
 .bss.rx_frame  0x200017b0       0x10 build_slota/can_bus.o
 .bss.can_status_bootup
                0x200017c0        0x4 build_slota/can_bus.o
 .bss.can_status_batt
                0x200017c4        0x4 build_slota/can_bus.o
 .bss.can_status_pos
                0x200017c8        0x4 build_slota/can_bus.o
 .bss.can_status_speed
                0x200017cc        0x4 build_slota/can_bus.o
 .bss.can_cmd_enable
                0x200017d0        0x4 build_slota/can_bus.o
 .bss.can_cmd_position
                0x200017d4        0x4 build_slota/can_bus.o
 .bss.can_cmd_speed
                0x200017d8        0x4 build_slota/can_bus.o
 .bss.can_cmd_pwm
                0x200017dc        0x4 build_slota/can_bus.o
 .bss.usart_mode_active
                0x200017e0        0x1 build_slota/can_bus.o
                0x200017e0                usart_mode_active
 .bss.can_mode_active
                0x200017e1        0x1 build_slota/can_bus.o
                0x200017e1                can_mode_active
 *(COMMON)
 *fill*         0x200017e2        0x6 
 COMMON         0x200017e8       0x20 build_slota/stm32f1xx_hal_flash.o
                0x200017e8                pFlash
 COMMON         0x20001808        0x4 build_slota/stm32f1xx_hal.o
                0x20001808                uwTick
 COMMON         0x2000180c      0x2dc build_slota/setup.o
                0x2000180c                hdma_usart2_rx
                0x20001850                huart3
                0x20001890                hadc2
                0x200018c0                hi2c2
                0x20001914                htim_right
                0x20001954                hdma_i2c2_rx
                0x20001998                hdma_i2c2_tx
                0x200019dc                hadc1
                0x20001a0c                hdma_usart2_tx
                0x20001a50                adc_buffer
                0x20001a68                huart2
                0x20001aa8                htim_left
 COMMON         0x20001ae8      0x220 build_slota/main.o
                0x20001ae8                adctFiltered
                0x20001af0                SpeedPid
                0x20001b58                xytPosn
                0x20001b64                button2_ADC
                0x20001b68                inactivity_timeout_counter
                0x20001b6c                power_button_info
                0x20001b78                button1_ADC
                0x20001b7c                last_sensor_data
                0x20001c10                PositionPid
                0x20001c78                deadreconer
                0x20001c7c                FlashContent
                0x20001cd0                adcrFiltered
                0x20001cd8                button2
                0x20001cdc                cmd2
                0x20001ce0                steer
                0x20001ce4                speed
                0x20001ce8                button1
                0x20001cf0                cmd2_ADC
                0x20001cf8                cmd1
                0x20001d00                cmd1_ADC
 COMMON         0x20001d08       0xa0 build_slota/bldc.o
                0x20001d08                rtY_Right
                0x20001d1c                rtDW_Left
                0x20001d40                rtY_Left
                0x20001d54                rtU_Right
                0x20001d5c                rtDW_Right
                0x20001d80                rtU_Left
                0x20001d88                rtM_Right_
                0x20001d98                rtM_Left_
 COMMON         0x20001da8     0x20a4 build_slota/comms.o
                0x20001da8                usart2_it_TXbuffer
                0x200025b4                usart3_it_RXbuffer
                0x20002dc0                uart_buf
                0x20002e24                usart2_it_RXbuffer
                0x20003630                usart3_it_TXbuffer
                0x20003e3c                ch_buf
 COMMON         0x20003e4c       0xa0 build_slota/sensorcoms.o
                0x20003e4c                sensor_data
                0x20003ee0                sensorlights
 COMMON         0x20003eec      0x8b0 build_slota/softwareserial.o
                0x20003eec                softwareserialRXbuffer
                0x20004304                softwareserialTXbuffer
                0x2000471c                softwareserialtimer
                0x2000475c                softwareserialtimerTX
 *fill*         0x2000479c        0x4 
 COMMON         0x200047a0      0x184 build_slota/hallinterrupts.o
                0x200047a0                hall_wl
                0x200047a1                hall_vl
                0x200047a8                timeStats
                0x20004830                hall_wr
                0x20004834                local_hall_params
                0x20004896                hall_vr
                0x20004897                hall_ul
                0x20004898                hall_ur
                0x2000489c                HallData
                0x200048e4                h_timer_hall
 COMMON         0x20004924      0x1fd build_slota/protocol.o
                0x20004924                contentbuf
                0x20004a24                paramstat_descriptions
 *fill*         0x20004b21        0x3 
 COMMON         0x20004b24     0x24e4 build_slota/protocolfunctions.o
                0x20004b24                Position
                0x20004b34                sUSART2
                0x20005d88                RawPosition
                0x20005d98                sSoftwareSerial
                0x20006fec                sensor_copy
                0x20007000                PositionIncr
                0x20007008                        . = ALIGN (0x4)
                0x20007008                        _ebss = .
                0x20007008                        __bss_end__ = _ebss

._user_heap_stack
                0x20007008      0x600
                0x20007008                        . = ALIGN (0x8)
                0x20007008                        PROVIDE (end = .)
                [!provide]                        PROVIDE (_end = .)
                0x20007208                        . = (. + _Min_Heap_Size)
 *fill*         0x20007008      0x200 
                0x20007608                        . = (. + _Min_Stack_Size)
 *fill*         0x20007208      0x400 
                0x20007608                        . = ALIGN (0x8)

/DISCARD/
 libc.a(*)
 libm.a(*)
 libgcc.a(*)

.ARM.attributes
                0x00000000       0x29
 *(.ARM.attributes)
 .ARM.attributes
                0x00000000       0x1d /usr/lib/gcc/arm-none-eabi/13.2.1/thumb/v7-m/nofp/crti.o
 .ARM.attributes
                0x0000001d       0x2d /usr/lib/gcc/arm-none-eabi/13.2.1/thumb/v7-m/nofp/crtbegin.o
 .ARM.attributes
                0x0000004a       0x2d build_slota/stm32f1xx_hal_flash.o
 .ARM.attributes
                0x00000077       0x2d build_slota/stm32f1xx_hal_rcc.o
 .ARM.attributes
                0x000000a4       0x2d build_slota/stm32f1xx_hal_tim.o
 .ARM.attributes
                0x000000d1       0x2d build_slota/stm32f1xx_hal_tim_ex.o
 .ARM.attributes
                0x000000fe       0x2d build_slota/stm32f1xx_hal_adc_ex.o
 .ARM.attributes
                0x0000012b       0x2d build_slota/stm32f1xx_hal_cortex.o
 .ARM.attributes
                0x00000158       0x2d build_slota/stm32f1xx_hal_flash_ex.o
 .ARM.attributes
                0x00000185       0x2d build_slota/stm32f1xx_hal_gpio.o
 .ARM.attributes
                0x000001b2       0x2d build_slota/stm32f1xx_hal_rcc_ex.o
 .ARM.attributes
                0x000001df       0x2d build_slota/stm32f1xx_hal.o
 .ARM.attributes
                0x0000020c       0x2d build_slota/stm32f1xx_hal_adc.o
 .ARM.attributes
                0x00000239       0x2d build_slota/stm32f1xx_hal_uart.o
 .ARM.attributes
                0x00000266       0x2d build_slota/system_stm32f1xx.o
 .ARM.attributes